<?xml version="1.0"?>
<link_info>
   <banner>TMS320C2000 Linker PC v16.6.0.STS</banner>
   <copyright>Copyright (c) 1996-2015 Texas Instruments Incorporated</copyright>
   <link_time>0x578ba464</link_time>
   <link_errors>0x2</link_errors>
   <output_file>Buck_cpu01.out</output_file>
   <entry_point>
      <name>code_start</name>
      <address>0x0</address>
   </entry_point>
   <input_file_list>
      <input_file id="fl-2">
         <path>.\</path>
         <kind>object</kind>
         <file>F2837xS_Adc.obj</file>
         <name>F2837xS_Adc.obj</name>
      </input_file>
      <input_file id="fl-3">
         <path>.\</path>
         <kind>object</kind>
         <file>F2837xS_CodeStartBranch.obj</file>
         <name>F2837xS_CodeStartBranch.obj</name>
      </input_file>
      <input_file id="fl-4">
         <path>.\</path>
         <kind>object</kind>
         <file>F2837xS_CpuTimers.obj</file>
         <name>F2837xS_CpuTimers.obj</name>
      </input_file>
      <input_file id="fl-5">
         <path>.\</path>
         <kind>object</kind>
         <file>F2837xS_DefaultISR.obj</file>
         <name>F2837xS_DefaultISR.obj</name>
      </input_file>
      <input_file id="fl-6">
         <path>.\</path>
         <kind>object</kind>
         <file>F2837xS_EPwm.obj</file>
         <name>F2837xS_EPwm.obj</name>
      </input_file>
      <input_file id="fl-7">
         <path>.\</path>
         <kind>object</kind>
         <file>F2837xS_GlobalVariableDefs.obj</file>
         <name>F2837xS_GlobalVariableDefs.obj</name>
      </input_file>
      <input_file id="fl-8">
         <path>.\</path>
         <kind>object</kind>
         <file>F2837xS_Gpio.obj</file>
         <name>F2837xS_Gpio.obj</name>
      </input_file>
      <input_file id="fl-9">
         <path>.\</path>
         <kind>object</kind>
         <file>F2837xS_PieCtrl.obj</file>
         <name>F2837xS_PieCtrl.obj</name>
      </input_file>
      <input_file id="fl-a">
         <path>.\</path>
         <kind>object</kind>
         <file>F2837xS_PieVect.obj</file>
         <name>F2837xS_PieVect.obj</name>
      </input_file>
      <input_file id="fl-b">
         <path>.\</path>
         <kind>object</kind>
         <file>F2837xS_Spi.obj</file>
         <name>F2837xS_Spi.obj</name>
      </input_file>
      <input_file id="fl-c">
         <path>.\</path>
         <kind>object</kind>
         <file>F2837xS_SysCtrl.obj</file>
         <name>F2837xS_SysCtrl.obj</name>
      </input_file>
      <input_file id="fl-d">
         <path>.\</path>
         <kind>object</kind>
         <file>F2837xS_usDelay.obj</file>
         <name>F2837xS_usDelay.obj</name>
      </input_file>
      <input_file id="fl-e">
         <path>.\User\src\</path>
         <kind>object</kind>
         <file>ADC.obj</file>
         <name>ADC.obj</name>
      </input_file>
      <input_file id="fl-f">
         <path>.\User\src\</path>
         <kind>object</kind>
         <file>EC11.obj</file>
         <name>EC11.obj</name>
      </input_file>
      <input_file id="fl-10">
         <path>.\User\src\</path>
         <kind>object</kind>
         <file>EPwm.obj</file>
         <name>EPwm.obj</name>
      </input_file>
      <input_file id="fl-11">
         <path>.\User\src\</path>
         <kind>object</kind>
         <file>OLED.obj</file>
         <name>OLED.obj</name>
      </input_file>
      <input_file id="fl-12">
         <path>.\User\src\</path>
         <kind>object</kind>
         <file>PID.obj</file>
         <name>PID.obj</name>
      </input_file>
      <input_file id="fl-13">
         <path>.\User\src\</path>
         <kind>object</kind>
         <file>PIE.obj</file>
         <name>PIE.obj</name>
      </input_file>
      <input_file id="fl-14">
         <path>.\User\src\</path>
         <kind>object</kind>
         <file>SPI.obj</file>
         <name>SPI.obj</name>
      </input_file>
      <input_file id="fl-15">
         <path>.\User\src\</path>
         <kind>object</kind>
         <file>Timer.obj</file>
         <name>Timer.obj</name>
      </input_file>
      <input_file id="fl-16">
         <path>.\User\src\</path>
         <kind>object</kind>
         <file>Xint.obj</file>
         <name>Xint.obj</name>
      </input_file>
      <input_file id="fl-17">
         <path>.\User\src\</path>
         <kind>object</kind>
         <file>main.obj</file>
         <name>main.obj</name>
      </input_file>
      <input_file id="fl-1e">
         <path>C:\IDEs\ti\ti-cgt-c2000_16.6.0.STS\lib\</path>
         <kind>archive</kind>
         <file>rts2800_fpu32.lib</file>
         <name>boot.obj</name>
      </input_file>
      <input_file id="fl-1f">
         <path>C:\IDEs\ti\ti-cgt-c2000_16.6.0.STS\lib\</path>
         <kind>archive</kind>
         <file>rts2800_fpu32.lib</file>
         <name>cpy_tbl.obj</name>
      </input_file>
      <input_file id="fl-20">
         <path>C:\IDEs\ti\ti-cgt-c2000_16.6.0.STS\lib\</path>
         <kind>archive</kind>
         <file>rts2800_fpu32.lib</file>
         <name>cpy_utils.obj</name>
      </input_file>
      <input_file id="fl-21">
         <path>C:\IDEs\ti\ti-cgt-c2000_16.6.0.STS\lib\</path>
         <kind>archive</kind>
         <file>rts2800_fpu32.lib</file>
         <name>e_powf.obj</name>
      </input_file>
      <input_file id="fl-22">
         <path>C:\IDEs\ti\ti-cgt-c2000_16.6.0.STS\lib\</path>
         <kind>archive</kind>
         <file>rts2800_fpu32.lib</file>
         <name>e_sqrtf.obj</name>
      </input_file>
      <input_file id="fl-23">
         <path>C:\IDEs\ti\ti-cgt-c2000_16.6.0.STS\lib\</path>
         <kind>archive</kind>
         <file>rts2800_fpu32.lib</file>
         <name>errno.obj</name>
      </input_file>
      <input_file id="fl-24">
         <path>C:\IDEs\ti\ti-cgt-c2000_16.6.0.STS\lib\</path>
         <kind>archive</kind>
         <file>rts2800_fpu32.lib</file>
         <name>exit.obj</name>
      </input_file>
      <input_file id="fl-25">
         <path>C:\IDEs\ti\ti-cgt-c2000_16.6.0.STS\lib\</path>
         <kind>archive</kind>
         <file>rts2800_fpu32.lib</file>
         <name>fd_add.obj</name>
      </input_file>
      <input_file id="fl-26">
         <path>C:\IDEs\ti\ti-cgt-c2000_16.6.0.STS\lib\</path>
         <kind>archive</kind>
         <file>rts2800_fpu32.lib</file>
         <name>fd_cmp.obj</name>
      </input_file>
      <input_file id="fl-27">
         <path>C:\IDEs\ti\ti-cgt-c2000_16.6.0.STS\lib\</path>
         <kind>archive</kind>
         <file>rts2800_fpu32.lib</file>
         <name>fd_mpy.obj</name>
      </input_file>
      <input_file id="fl-28">
         <path>C:\IDEs\ti\ti-cgt-c2000_16.6.0.STS\lib\</path>
         <kind>archive</kind>
         <file>rts2800_fpu32.lib</file>
         <name>fd_sub.obj</name>
      </input_file>
      <input_file id="fl-29">
         <path>C:\IDEs\ti\ti-cgt-c2000_16.6.0.STS\lib\</path>
         <kind>archive</kind>
         <file>rts2800_fpu32.lib</file>
         <name>fd_tou.obj</name>
      </input_file>
      <input_file id="fl-2a">
         <path>C:\IDEs\ti\ti-cgt-c2000_16.6.0.STS\lib\</path>
         <kind>archive</kind>
         <file>rts2800_fpu32.lib</file>
         <name>fs_div.obj</name>
      </input_file>
      <input_file id="fl-2b">
         <path>C:\IDEs\ti\ti-cgt-c2000_16.6.0.STS\lib\</path>
         <kind>archive</kind>
         <file>rts2800_fpu32.lib</file>
         <name>fs_tofd.obj</name>
      </input_file>
      <input_file id="fl-2c">
         <path>C:\IDEs\ti\ti-cgt-c2000_16.6.0.STS\lib\</path>
         <kind>archive</kind>
         <file>rts2800_fpu32.lib</file>
         <name>pre_init.obj</name>
      </input_file>
      <input_file id="fl-2d">
         <path>C:\IDEs\ti\ti-cgt-c2000_16.6.0.STS\lib\</path>
         <kind>archive</kind>
         <file>rts2800_fpu32.lib</file>
         <name>qsort.obj</name>
      </input_file>
      <input_file id="fl-2e">
         <path>C:\IDEs\ti\ti-cgt-c2000_16.6.0.STS\lib\</path>
         <kind>archive</kind>
         <file>rts2800_fpu32.lib</file>
         <name>s_scalbnf.obj</name>
      </input_file>
      <input_file id="fl-2f">
         <path>C:\IDEs\ti\ti-cgt-c2000_16.6.0.STS\lib\</path>
         <kind>archive</kind>
         <file>rts2800_fpu32.lib</file>
         <name>sprintf.obj</name>
      </input_file>
      <input_file id="fl-30">
         <path>C:\IDEs\ti\ti-cgt-c2000_16.6.0.STS\lib\</path>
         <kind>archive</kind>
         <file>rts2800_fpu32.lib</file>
         <name>startup.obj</name>
      </input_file>
      <input_file id="fl-31">
         <path>C:\IDEs\ti\ti-cgt-c2000_16.6.0.STS\lib\</path>
         <kind>archive</kind>
         <file>rts2800_fpu32.lib</file>
         <name>strcat.obj</name>
      </input_file>
      <input_file id="fl-32">
         <path>C:\IDEs\ti\ti-cgt-c2000_16.6.0.STS\lib\</path>
         <kind>archive</kind>
         <file>rts2800_fpu32.lib</file>
         <name>u_div.obj</name>
      </input_file>
      <input_file id="fl-33">
         <path>C:\IDEs\ti\ti-cgt-c2000_16.6.0.STS\lib\</path>
         <kind>archive</kind>
         <file>rts2800_fpu32.lib</file>
         <name>_lock.obj</name>
      </input_file>
      <input_file id="fl-34">
         <path>C:\IDEs\ti\ti-cgt-c2000_16.6.0.STS\lib\</path>
         <kind>archive</kind>
         <file>rts2800_fpu32.lib</file>
         <name>_printfi.obj</name>
      </input_file>
      <input_file id="fl-35">
         <path>C:\IDEs\ti\ti-cgt-c2000_16.6.0.STS\lib\</path>
         <kind>archive</kind>
         <file>rts2800_fpu32.lib</file>
         <name>args_main.obj</name>
      </input_file>
      <input_file id="fl-36">
         <path>C:\IDEs\ti\ti-cgt-c2000_16.6.0.STS\lib\</path>
         <kind>archive</kind>
         <file>rts2800_fpu32.lib</file>
         <name>atoi.obj</name>
      </input_file>
      <input_file id="fl-37">
         <path>C:\IDEs\ti\ti-cgt-c2000_16.6.0.STS\lib\</path>
         <kind>archive</kind>
         <file>rts2800_fpu32.lib</file>
         <name>ctype.obj</name>
      </input_file>
      <input_file id="fl-38">
         <path>C:\IDEs\ti\ti-cgt-c2000_16.6.0.STS\lib\</path>
         <kind>archive</kind>
         <file>rts2800_fpu32.lib</file>
         <name>fd_div.obj</name>
      </input_file>
      <input_file id="fl-39">
         <path>C:\IDEs\ti\ti-cgt-c2000_16.6.0.STS\lib\</path>
         <kind>archive</kind>
         <file>rts2800_fpu32.lib</file>
         <name>fd_neg.obj</name>
      </input_file>
      <input_file id="fl-3a">
         <path>C:\IDEs\ti\ti-cgt-c2000_16.6.0.STS\lib\</path>
         <kind>archive</kind>
         <file>rts2800_fpu32.lib</file>
         <name>fd_toi.obj</name>
      </input_file>
      <input_file id="fl-3b">
         <path>C:\IDEs\ti\ti-cgt-c2000_16.6.0.STS\lib\</path>
         <kind>archive</kind>
         <file>rts2800_fpu32.lib</file>
         <name>fd_tol.obj</name>
      </input_file>
      <input_file id="fl-3c">
         <path>C:\IDEs\ti\ti-cgt-c2000_16.6.0.STS\lib\</path>
         <kind>archive</kind>
         <file>rts2800_fpu32.lib</file>
         <name>i_tofd.obj</name>
      </input_file>
      <input_file id="fl-3d">
         <path>C:\IDEs\ti\ti-cgt-c2000_16.6.0.STS\lib\</path>
         <kind>archive</kind>
         <file>rts2800_fpu32.lib</file>
         <name>l_tofd.obj</name>
      </input_file>
      <input_file id="fl-3e">
         <path>C:\IDEs\ti\ti-cgt-c2000_16.6.0.STS\lib\</path>
         <kind>archive</kind>
         <file>rts2800_fpu32.lib</file>
         <name>ll_aox.obj</name>
      </input_file>
      <input_file id="fl-3f">
         <path>C:\IDEs\ti\ti-cgt-c2000_16.6.0.STS\lib\</path>
         <kind>archive</kind>
         <file>rts2800_fpu32.lib</file>
         <name>ll_cmp.obj</name>
      </input_file>
      <input_file id="fl-40">
         <path>C:\IDEs\ti\ti-cgt-c2000_16.6.0.STS\lib\</path>
         <kind>archive</kind>
         <file>rts2800_fpu32.lib</file>
         <name>ll_div.obj</name>
      </input_file>
      <input_file id="fl-41">
         <path>C:\IDEs\ti\ti-cgt-c2000_16.6.0.STS\lib\</path>
         <kind>archive</kind>
         <file>rts2800_fpu32.lib</file>
         <name>ltoa.obj</name>
      </input_file>
      <input_file id="fl-42">
         <path>C:\IDEs\ti\ti-cgt-c2000_16.6.0.STS\lib\</path>
         <kind>archive</kind>
         <file>rts2800_fpu32.lib</file>
         <name>memccpy.obj</name>
      </input_file>
      <input_file id="fl-43">
         <path>C:\IDEs\ti\ti-cgt-c2000_16.6.0.STS\lib\</path>
         <kind>archive</kind>
         <file>rts2800_fpu32.lib</file>
         <name>memcpy.obj</name>
      </input_file>
      <input_file id="fl-44">
         <path>C:\IDEs\ti\ti-cgt-c2000_16.6.0.STS\lib\</path>
         <kind>archive</kind>
         <file>rts2800_fpu32.lib</file>
         <name>memset.obj</name>
      </input_file>
      <input_file id="fl-45">
         <path>C:\IDEs\ti\ti-cgt-c2000_16.6.0.STS\lib\</path>
         <kind>archive</kind>
         <file>rts2800_fpu32.lib</file>
         <name>s_copysignf.obj</name>
      </input_file>
      <input_file id="fl-46">
         <path>C:\IDEs\ti\ti-cgt-c2000_16.6.0.STS\lib\</path>
         <kind>archive</kind>
         <file>rts2800_fpu32.lib</file>
         <name>s_frexp.obj</name>
      </input_file>
      <input_file id="fl-47">
         <path>C:\IDEs\ti\ti-cgt-c2000_16.6.0.STS\lib\</path>
         <kind>archive</kind>
         <file>rts2800_fpu32.lib</file>
         <name>s_scalbn.obj</name>
      </input_file>
      <input_file id="fl-48">
         <path>C:\IDEs\ti\ti-cgt-c2000_16.6.0.STS\lib\</path>
         <kind>archive</kind>
         <file>rts2800_fpu32.lib</file>
         <name>strchr.obj</name>
      </input_file>
      <input_file id="fl-49">
         <path>C:\IDEs\ti\ti-cgt-c2000_16.6.0.STS\lib\</path>
         <kind>archive</kind>
         <file>rts2800_fpu32.lib</file>
         <name>strcpy.obj</name>
      </input_file>
      <input_file id="fl-4a">
         <path>C:\IDEs\ti\ti-cgt-c2000_16.6.0.STS\lib\</path>
         <kind>archive</kind>
         <file>rts2800_fpu32.lib</file>
         <name>strlen.obj</name>
      </input_file>
      <input_file id="fl-4b">
         <path>C:\IDEs\ti\ti-cgt-c2000_16.6.0.STS\lib\</path>
         <kind>archive</kind>
         <file>rts2800_fpu32.lib</file>
         <name>l_div.obj</name>
      </input_file>
      <input_file id="fl-4c">
         <path>C:\IDEs\ti\ti-cgt-c2000_16.6.0.STS\lib\</path>
         <kind>archive</kind>
         <file>rts2800_fpu32.lib</file>
         <name>s_copysign.obj</name>
      </input_file>
   </input_file_list>
   <object_component_list>
      <object_component id="oc-7e">
         <name>codestart</name>
         <load_address>0x0</load_address>
         <run_address>0x0</run_address>
         <size>0x2</size>
         <input_file_ref idref="fl-3"/>
      </object_component>
      <object_component id="oc-117">
         <name>ramfuncs</name>
         <load_address>0x16c</load_address>
         <run_address>0x16c</run_address>
         <size>0x4</size>
         <input_file_ref idref="fl-d"/>
      </object_component>
      <object_component id="oc-271">
         <name>.text</name>
         <load_address>0x0</load_address>
         <run_address>0x0</run_address>
         <size>0xbd9</size>
         <input_file_ref idref="fl-34"/>
      </object_component>
      <object_component id="oc-262">
         <name>.text</name>
         <load_address>0x170</load_address>
         <run_address>0x170</run_address>
         <size>0x244</size>
         <input_file_ref idref="fl-8"/>
      </object_component>
      <object_component id="oc-253">
         <name>.text</name>
         <load_address>0x3b4</load_address>
         <run_address>0x3b4</run_address>
         <size>0x46</size>
         <input_file_ref idref="fl-1f"/>
      </object_component>
      <object_component id="oc-280">
         <name>.text</name>
         <load_address>0x3fa</load_address>
         <run_address>0x3fa</run_address>
         <size>0x5</size>
         <input_file_ref idref="fl-49"/>
      </object_component>
      <object_component id="oc-254">
         <name>.text</name>
         <load_address>0x3ff</load_address>
         <run_address>0x3ff</run_address>
         <size>0x1</size>
         <input_file_ref idref="fl-30"/>
      </object_component>
      <object_component id="oc-269">
         <name>.text</name>
         <load_address>0x8000</load_address>
         <run_address>0x8000</run_address>
         <size>0x37f</size>
         <input_file_ref idref="fl-21"/>
      </object_component>
      <object_component id="oc-258">
         <name>.text</name>
         <load_address>0x837f</load_address>
         <run_address>0x837f</run_address>
         <size>0x2cb</size>
         <input_file_ref idref="fl-c"/>
      </object_component>
      <object_component id="oc-25f">
         <name>.text</name>
         <load_address>0x864a</load_address>
         <run_address>0x864a</run_address>
         <size>0x155</size>
         <input_file_ref idref="fl-12"/>
      </object_component>
      <object_component id="oc-27c">
         <name>.text</name>
         <load_address>0x879f</load_address>
         <run_address>0x879f</run_address>
         <size>0x5b</size>
         <input_file_ref idref="fl-46"/>
      </object_component>
      <object_component id="oc-252">
         <name>.text</name>
         <load_address>0x87fa</load_address>
         <run_address>0x87fa</run_address>
         <size>0x2</size>
         <input_file_ref idref="fl-2c"/>
      </object_component>
      <object_component id="oc-20c">
         <name>.text</name>
         <load_address>0x8800</load_address>
         <run_address>0x8800</run_address>
         <size>0x107</size>
         <input_file_ref idref="fl-40"/>
      </object_component>
      <object_component id="oc-263">
         <name>.text</name>
         <load_address>0x8907</load_address>
         <run_address>0x8907</run_address>
         <size>0xfd</size>
         <input_file_ref idref="fl-6"/>
      </object_component>
      <object_component id="oc-11e">
         <name>.text:retain</name>
         <load_address>0x8a04</load_address>
         <run_address>0x8a04</run_address>
         <size>0xe0</size>
         <input_file_ref idref="fl-e"/>
      </object_component>
      <object_component id="oc-250">
         <name>.text</name>
         <load_address>0x8ae4</load_address>
         <run_address>0x8ae4</run_address>
         <size>0xe0</size>
         <input_file_ref idref="fl-2d"/>
      </object_component>
      <object_component id="oc-257">
         <name>.text</name>
         <load_address>0x8bc4</load_address>
         <run_address>0x8bc4</run_address>
         <size>0xdd</size>
         <input_file_ref idref="fl-2"/>
      </object_component>
      <object_component id="oc-27d">
         <name>.text</name>
         <load_address>0x8ca1</load_address>
         <run_address>0x8ca1</run_address>
         <size>0xbc</size>
         <input_file_ref idref="fl-47"/>
      </object_component>
      <object_component id="oc-251">
         <name>.text</name>
         <load_address>0x8d5d</load_address>
         <run_address>0x8d5d</run_address>
         <size>0x9d</size>
         <input_file_ref idref="fl-17"/>
      </object_component>
      <object_component id="oc-185">
         <name>.text</name>
         <load_address>0x8dfa</load_address>
         <run_address>0x8dfa</run_address>
         <size>0x9c</size>
         <input_file_ref idref="fl-25"/>
      </object_component>
      <object_component id="oc-126">
         <name>.text:retain</name>
         <load_address>0x8e96</load_address>
         <run_address>0x8e96</run_address>
         <size>0x96</size>
         <input_file_ref idref="fl-f"/>
      </object_component>
      <object_component id="oc-24f">
         <name>.text</name>
         <load_address>0x8f2c</load_address>
         <run_address>0x8f2c</run_address>
         <size>0x92</size>
         <input_file_ref idref="fl-e"/>
      </object_component>
      <object_component id="oc-25a">
         <name>.text</name>
         <load_address>0x8fbe</load_address>
         <run_address>0x8fbe</run_address>
         <size>0x3c</size>
         <input_file_ref idref="fl-14"/>
      </object_component>
      <object_component id="oc-1e4">
         <name>.text</name>
         <load_address>0x9000</load_address>
         <run_address>0x9000</run_address>
         <size>0x8b</size>
         <input_file_ref idref="fl-38"/>
      </object_component>
      <object_component id="oc-19e">
         <name>.text</name>
         <load_address>0x908b</load_address>
         <run_address>0x908b</run_address>
         <size>0x88</size>
         <input_file_ref idref="fl-2a"/>
      </object_component>
      <object_component id="oc-18f">
         <name>.text</name>
         <load_address>0x9113</load_address>
         <run_address>0x9113</run_address>
         <size>0x83</size>
         <input_file_ref idref="fl-27"/>
      </object_component>
      <object_component id="oc-265">
         <name>.text</name>
         <load_address>0x9196</load_address>
         <run_address>0x9196</run_address>
         <size>0x7c</size>
         <input_file_ref idref="fl-4"/>
      </object_component>
      <object_component id="oc-277">
         <name>.text</name>
         <load_address>0x9212</load_address>
         <run_address>0x9212</run_address>
         <size>0x67</size>
         <input_file_ref idref="fl-2e"/>
      </object_component>
      <object_component id="oc-15e">
         <name>.text</name>
         <load_address>0x9279</load_address>
         <run_address>0x9279</run_address>
         <size>0x56</size>
         <input_file_ref idref="fl-1e"/>
      </object_component>
      <object_component id="oc-25c">
         <name>.text</name>
         <load_address>0x92cf</load_address>
         <run_address>0x92cf</run_address>
         <size>0x35</size>
         <input_file_ref idref="fl-16"/>
      </object_component>
      <object_component id="oc-268">
         <name>.text</name>
         <load_address>0x9304</load_address>
         <run_address>0x9304</run_address>
         <size>0x32</size>
         <input_file_ref idref="fl-2f"/>
      </object_component>
      <object_component id="oc-25d">
         <name>.text</name>
         <load_address>0x9336</load_address>
         <run_address>0x9336</run_address>
         <size>0x31</size>
         <input_file_ref idref="fl-13"/>
      </object_component>
      <object_component id="oc-279">
         <name>.text</name>
         <load_address>0x9367</load_address>
         <run_address>0x9367</run_address>
         <size>0x31</size>
         <input_file_ref idref="fl-36"/>
      </object_component>
      <object_component id="oc-27b">
         <name>.text</name>
         <load_address>0x9398</load_address>
         <run_address>0x9398</run_address>
         <size>0x2e</size>
         <input_file_ref idref="fl-41"/>
      </object_component>
      <object_component id="oc-18a">
         <name>.text</name>
         <load_address>0x93c6</load_address>
         <run_address>0x93c6</run_address>
         <size>0x2a</size>
         <input_file_ref idref="fl-26"/>
      </object_component>
      <object_component id="oc-245">
         <name>.text</name>
         <load_address>0x93f0</load_address>
         <run_address>0x93f0</run_address>
         <size>0x2a</size>
         <input_file_ref idref="fl-4b"/>
      </object_component>
      <object_component id="oc-264">
         <name>.text</name>
         <load_address>0x941a</load_address>
         <run_address>0x941a</run_address>
         <size>0x29</size>
         <input_file_ref idref="fl-b"/>
      </object_component>
      <object_component id="oc-256">
         <name>.text</name>
         <load_address>0x9443</load_address>
         <run_address>0x9443</run_address>
         <size>0x29</size>
         <input_file_ref idref="fl-24"/>
      </object_component>
      <object_component id="oc-266">
         <name>.text</name>
         <load_address>0x946c</load_address>
         <run_address>0x946c</run_address>
         <size>0x28</size>
         <input_file_ref idref="fl-9"/>
      </object_component>
      <object_component id="oc-267">
         <name>.text</name>
         <load_address>0x9494</load_address>
         <run_address>0x9494</run_address>
         <size>0x26</size>
         <input_file_ref idref="fl-a"/>
      </object_component>
      <object_component id="oc-273">
         <name>.text</name>
         <load_address>0x94ba</load_address>
         <run_address>0x94ba</run_address>
         <size>0x25</size>
         <input_file_ref idref="fl-22"/>
      </object_component>
      <object_component id="oc-284">
         <name>.text</name>
         <load_address>0x94df</load_address>
         <run_address>0x94df</run_address>
         <size>0x22</size>
         <input_file_ref idref="fl-4c"/>
      </object_component>
      <object_component id="oc-1ee">
         <name>.text</name>
         <load_address>0x9501</load_address>
         <run_address>0x9501</run_address>
         <size>0x21</size>
         <input_file_ref idref="fl-3a"/>
      </object_component>
      <object_component id="oc-1f3">
         <name>.text</name>
         <load_address>0x9522</load_address>
         <run_address>0x9522</run_address>
         <size>0x1f</size>
         <input_file_ref idref="fl-3b"/>
      </object_component>
      <object_component id="oc-207">
         <name>.text</name>
         <load_address>0x9541</load_address>
         <run_address>0x9541</run_address>
         <size>0x1e</size>
         <input_file_ref idref="fl-3f"/>
      </object_component>
      <object_component id="oc-272">
         <name>.text</name>
         <load_address>0x955f</load_address>
         <run_address>0x955f</run_address>
         <size>0x1e</size>
         <input_file_ref idref="fl-43"/>
      </object_component>
      <object_component id="oc-1f8">
         <name>.text</name>
         <load_address>0x957d</load_address>
         <run_address>0x957d</run_address>
         <size>0x1d</size>
         <input_file_ref idref="fl-3c"/>
      </object_component>
      <object_component id="oc-1a3">
         <name>.text</name>
         <load_address>0x959a</load_address>
         <run_address>0x959a</run_address>
         <size>0x1c</size>
         <input_file_ref idref="fl-2b"/>
      </object_component>
      <object_component id="oc-1fd">
         <name>.text</name>
         <load_address>0x95b6</load_address>
         <run_address>0x95b6</run_address>
         <size>0x1c</size>
         <input_file_ref idref="fl-3d"/>
      </object_component>
      <object_component id="oc-16a">
         <name>.text</name>
         <load_address>0x95d2</load_address>
         <run_address>0x95d2</run_address>
         <size>0x1a</size>
         <input_file_ref idref="fl-20"/>
      </object_component>
      <object_component id="oc-199">
         <name>.text</name>
         <load_address>0x95ec</load_address>
         <run_address>0x95ec</run_address>
         <size>0x1a</size>
         <input_file_ref idref="fl-29"/>
      </object_component>
      <object_component id="oc-255">
         <name>.text</name>
         <load_address>0x9606</load_address>
         <run_address>0x9606</run_address>
         <size>0x19</size>
         <input_file_ref idref="fl-35"/>
      </object_component>
      <object_component id="oc-202">
         <name>.text</name>
         <load_address>0x961f</load_address>
         <run_address>0x961f</run_address>
         <size>0x18</size>
         <input_file_ref idref="fl-3e"/>
      </object_component>
      <object_component id="oc-14d">
         <name>.text:retain</name>
         <load_address>0x9637</load_address>
         <run_address>0x9637</run_address>
         <size>0x16</size>
         <input_file_ref idref="fl-15"/>
      </object_component>
      <object_component id="oc-12c">
         <name>.text:retain</name>
         <load_address>0x964d</load_address>
         <run_address>0x964d</run_address>
         <size>0x15</size>
         <input_file_ref idref="fl-10"/>
      </object_component>
      <object_component id="oc-25b">
         <name>.text</name>
         <load_address>0x9662</load_address>
         <run_address>0x9662</run_address>
         <size>0x11</size>
         <input_file_ref idref="fl-15"/>
      </object_component>
      <object_component id="oc-282">
         <name>.text</name>
         <load_address>0x9673</load_address>
         <run_address>0x9673</run_address>
         <size>0x11</size>
         <input_file_ref idref="fl-45"/>
      </object_component>
      <object_component id="oc-194">
         <name>.text</name>
         <load_address>0x9684</load_address>
         <run_address>0x9684</run_address>
         <size>0xe</size>
         <input_file_ref idref="fl-28"/>
      </object_component>
      <object_component id="oc-281">
         <name>.text</name>
         <load_address>0x9692</load_address>
         <run_address>0x9692</run_address>
         <size>0xd</size>
         <input_file_ref idref="fl-42"/>
      </object_component>
      <object_component id="oc-27f">
         <name>.text</name>
         <load_address>0x969f</load_address>
         <run_address>0x969f</run_address>
         <size>0xc</size>
         <input_file_ref idref="fl-44"/>
      </object_component>
      <object_component id="oc-27e">
         <name>.text</name>
         <load_address>0x96ab</load_address>
         <run_address>0x96ab</run_address>
         <size>0xc</size>
         <input_file_ref idref="fl-48"/>
      </object_component>
      <object_component id="oc-1c7">
         <name>.text</name>
         <load_address>0x96b7</load_address>
         <run_address>0x96b7</run_address>
         <size>0xb</size>
         <input_file_ref idref="fl-32"/>
      </object_component>
      <object_component id="oc-26e">
         <name>.text</name>
         <load_address>0x96c2</load_address>
         <run_address>0x96c2</run_address>
         <size>0x9</size>
         <input_file_ref idref="fl-33"/>
      </object_component>
      <object_component id="oc-1e9">
         <name>.text</name>
         <load_address>0x96cb</load_address>
         <run_address>0x96cb</run_address>
         <size>0x9</size>
         <input_file_ref idref="fl-39"/>
      </object_component>
      <object_component id="oc-26a">
         <name>.text</name>
         <load_address>0x96d4</load_address>
         <run_address>0x96d4</run_address>
         <size>0x9</size>
         <input_file_ref idref="fl-31"/>
      </object_component>
      <object_component id="oc-84">
         <name>.text</name>
         <load_address>0x96dd</load_address>
         <run_address>0x96dd</run_address>
         <size>0x8</size>
         <input_file_ref idref="fl-3"/>
      </object_component>
      <object_component id="oc-27a">
         <name>.text</name>
         <load_address>0x96e5</load_address>
         <run_address>0x96e5</run_address>
         <size>0x8</size>
         <input_file_ref idref="fl-4a"/>
      </object_component>
      <object_component id="oc-90">
         <name>.text:retain</name>
         <load_address>0xb000</load_address>
         <run_address>0xb000</run_address>
         <size>0x585</size>
         <input_file_ref idref="fl-5"/>
      </object_component>
      <object_component id="oc-25e">
         <name>.text</name>
         <load_address>0xb585</load_address>
         <run_address>0xb585</run_address>
         <size>0x210</size>
         <input_file_ref idref="fl-11"/>
      </object_component>
      <object_component id="oc-259">
         <name>.text</name>
         <load_address>0xb795</load_address>
         <run_address>0xb795</run_address>
         <size>0x6b</size>
         <input_file_ref idref="fl-10"/>
      </object_component>
      <object_component id="oc-138">
         <name>.cinit</name>
         <load_address>0x122</load_address>
         <run_address>0x122</run_address>
         <size>0x23</size>
         <input_file_ref idref="fl-12"/>
      </object_component>
      <object_component id="oc-17f">
         <name>.cinit</name>
         <load_address>0x145</load_address>
         <run_address>0x145</run_address>
         <size>0xe</size>
         <input_file_ref idref="fl-24"/>
      </object_component>
      <object_component id="oc-14b">
         <name>.cinit</name>
         <load_address>0x153</load_address>
         <run_address>0x153</run_address>
         <size>0x5</size>
         <input_file_ref idref="fl-15"/>
      </object_component>
      <object_component id="oc-261">
         <name>.cinit:__lock</name>
         <load_address>0x158</load_address>
         <run_address>0x158</run_address>
         <size>0x5</size>
         <input_file_ref idref="fl-33"/>
      </object_component>
      <object_component id="oc-26f">
         <name>.cinit:__unlock</name>
         <load_address>0x15d</load_address>
         <run_address>0x15d</run_address>
         <size>0x5</size>
         <input_file_ref idref="fl-33"/>
      </object_component>
      <object_component id="oc-124">
         <name>.cinit</name>
         <load_address>0x162</load_address>
         <run_address>0x162</run_address>
         <size>0x4</size>
         <input_file_ref idref="fl-f"/>
      </object_component>
      <object_component id="oc-17b">
         <name>.cinit</name>
         <load_address>0x166</load_address>
         <run_address>0x166</run_address>
         <size>0x4</size>
         <input_file_ref idref="fl-23"/>
      </object_component>
      <object_component id="oc-160">
         <name>.reset</name>
         <load_address>0x3fffc0</load_address>
         <run_address>0x3fffc0</run_address>
         <size>0x2</size>
         <input_file_ref idref="fl-1e"/>
      </object_component>
      <object_component id="oc-15f">
         <name>.stack</name>
         <uninitialized>true</uninitialized>
         <run_address>0x400</run_address>
         <size>0x0</size>
         <input_file_ref idref="fl-1e"/>
      </object_component>
      <object_component id="oc-30b">
         <name>.stack</name>
         <uninitialized>true</uninitialized>
         <run_address>0x400</run_address>
         <size>0x0</size>
      </object_component>
      <object_component id="oc-8a">
         <name>.ebss</name>
         <uninitialized>true</uninitialized>
         <run_address>0xa940</run_address>
         <size>0x18</size>
         <input_file_ref idref="fl-4"/>
      </object_component>
      <object_component id="oc-11d">
         <name>.ebss</name>
         <uninitialized>true</uninitialized>
         <run_address>0xa800</run_address>
         <size>0x10c</size>
         <input_file_ref idref="fl-e"/>
      </object_component>
      <object_component id="oc-125">
         <name>.ebss</name>
         <uninitialized>true</uninitialized>
         <run_address>0xa962</run_address>
         <size>0x1</size>
         <input_file_ref idref="fl-f"/>
      </object_component>
      <object_component id="oc-139">
         <name>.ebss</name>
         <uninitialized>true</uninitialized>
         <run_address>0xa90c</run_address>
         <size>0x30</size>
         <input_file_ref idref="fl-12"/>
      </object_component>
      <object_component id="oc-145">
         <name>.ebss</name>
         <uninitialized>true</uninitialized>
         <run_address>0xa963</run_address>
         <size>0x1</size>
         <input_file_ref idref="fl-14"/>
      </object_component>
      <object_component id="oc-14c">
         <name>.ebss</name>
         <uninitialized>true</uninitialized>
         <run_address>0xa93c</run_address>
         <size>0x2</size>
         <input_file_ref idref="fl-15"/>
      </object_component>
      <object_component id="oc-158">
         <name>.ebss</name>
         <uninitialized>true</uninitialized>
         <run_address>0xa960</run_address>
         <size>0x2</size>
         <input_file_ref idref="fl-17"/>
      </object_component>
      <object_component id="oc-17c">
         <name>.ebss</name>
         <uninitialized>true</uninitialized>
         <run_address>0xa964</run_address>
         <size>0x1</size>
         <input_file_ref idref="fl-23"/>
      </object_component>
      <object_component id="oc-180">
         <name>.ebss</name>
         <uninitialized>true</uninitialized>
         <run_address>0xa958</run_address>
         <size>0x6</size>
         <input_file_ref idref="fl-24"/>
      </object_component>
      <object_component id="oc-278">
         <name>.ebss:__unlock</name>
         <uninitialized>true</uninitialized>
         <run_address>0xa95e</run_address>
         <size>0x2</size>
         <input_file_ref idref="fl-33"/>
      </object_component>
      <object_component id="oc-260">
         <name>.ebss:__lock</name>
         <uninitialized>true</uninitialized>
         <run_address>0xa93e</run_address>
         <size>0x2</size>
         <input_file_ref idref="fl-33"/>
      </object_component>
      <object_component id="oc-270">
         <name>.econst:_PieVectTableInit</name>
         <load_address>0x818</load_address>
         <run_address>0x818</run_address>
         <size>0x1c0</size>
         <input_file_ref idref="fl-a"/>
      </object_component>
      <object_component id="oc-26d">
         <name>.econst:_F16x16</name>
         <load_address>0x9d8</load_address>
         <run_address>0x9d8</run_address>
         <size>0x180</size>
         <input_file_ref idref="fl-11"/>
      </object_component>
      <object_component id="oc-26b">
         <name>.econst:_F6x8</name>
         <load_address>0x5f0</load_address>
         <run_address>0x5f0</run_address>
         <size>0x228</size>
         <input_file_ref idref="fl-11"/>
      </object_component>
      <object_component id="oc-26c">
         <name>.econst:_F8x16</name>
         <load_address>0x0</load_address>
         <run_address>0x0</run_address>
         <size>0x5f0</size>
         <input_file_ref idref="fl-11"/>
      </object_component>
      <object_component id="oc-132">
         <name>.econst:.string</name>
         <load_address>0xd1e</load_address>
         <run_address>0xd1e</run_address>
         <size>0xa</size>
         <input_file_ref idref="fl-11"/>
      </object_component>
      <object_component id="oc-13a">
         <name>.econst</name>
         <load_address>0xd28</load_address>
         <run_address>0xd28</run_address>
         <size>0x8</size>
         <input_file_ref idref="fl-12"/>
      </object_component>
      <object_component id="oc-159">
         <name>.econst:.string</name>
         <load_address>0xc5a</load_address>
         <run_address>0xc5a</run_address>
         <size>0x34</size>
         <input_file_ref idref="fl-17"/>
      </object_component>
      <object_component id="oc-170">
         <name>.econst</name>
         <load_address>0xc8e</load_address>
         <run_address>0xc8e</run_address>
         <size>0x32</size>
         <input_file_ref idref="fl-21"/>
      </object_component>
      <object_component id="oc-276">
         <name>.econst:_dp_h</name>
         <load_address>0xd42</load_address>
         <run_address>0xd42</run_address>
         <size>0x4</size>
         <input_file_ref idref="fl-21"/>
      </object_component>
      <object_component id="oc-274">
         <name>.econst:_bp</name>
         <load_address>0xd3e</load_address>
         <run_address>0xd3e</run_address>
         <size>0x4</size>
         <input_file_ref idref="fl-21"/>
      </object_component>
      <object_component id="oc-275">
         <name>.econst:_dp_l</name>
         <load_address>0xd46</load_address>
         <run_address>0xd46</run_address>
         <size>0x4</size>
         <input_file_ref idref="fl-21"/>
      </object_component>
      <object_component id="oc-1b3">
         <name>.econst</name>
         <load_address>0xd38</load_address>
         <run_address>0xd38</run_address>
         <size>0x6</size>
         <input_file_ref idref="fl-2e"/>
      </object_component>
      <object_component id="oc-1d2">
         <name>.econst</name>
         <load_address>0xce6</load_address>
         <run_address>0xce6</run_address>
         <size>0x1c</size>
         <input_file_ref idref="fl-34"/>
      </object_component>
      <object_component id="oc-1d3">
         <name>.econst:.string</name>
         <load_address>0xcc0</load_address>
         <run_address>0xcc0</run_address>
         <size>0x26</size>
         <input_file_ref idref="fl-34"/>
      </object_component>
      <object_component id="oc-283">
         <name>.econst:.string:__ctypes_</name>
         <load_address>0xb58</load_address>
         <run_address>0xb58</run_address>
         <size>0x101</size>
         <input_file_ref idref="fl-37"/>
      </object_component>
      <object_component id="oc-22b">
         <name>.econst</name>
         <load_address>0xd30</load_address>
         <run_address>0xd30</run_address>
         <size>0x8</size>
         <input_file_ref idref="fl-46"/>
      </object_component>
      <object_component id="oc-231">
         <name>.econst</name>
         <load_address>0xd02</load_address>
         <run_address>0xd02</run_address>
         <size>0x1c</size>
         <input_file_ref idref="fl-47"/>
      </object_component>
      <object_component id="oc-fc">
         <name>PieVectTableFile</name>
         <uninitialized>true</uninitialized>
         <run_address>0xd00</run_address>
         <size>0x1c0</size>
         <input_file_ref idref="fl-7"/>
      </object_component>
      <object_component id="oc-9b">
         <name>EmuKeyVar</name>
         <uninitialized>true</uninitialized>
         <run_address>0xd00</run_address>
         <size>0x1</size>
         <input_file_ref idref="fl-7"/>
      </object_component>
      <object_component id="oc-9c">
         <name>EmuBModeVar</name>
         <uninitialized>true</uninitialized>
         <run_address>0xd01</run_address>
         <size>0x1</size>
         <input_file_ref idref="fl-7"/>
      </object_component>
      <object_component id="oc-b3">
         <name>AdcaResultFile</name>
         <uninitialized>true</uninitialized>
         <run_address>0xb00</run_address>
         <size>0x18</size>
         <input_file_ref idref="fl-7"/>
      </object_component>
      <object_component id="oc-b2">
         <name>AdcbResultFile</name>
         <uninitialized>true</uninitialized>
         <run_address>0xb20</run_address>
         <size>0x18</size>
         <input_file_ref idref="fl-7"/>
      </object_component>
      <object_component id="oc-b5">
         <name>AdccResultFile</name>
         <uninitialized>true</uninitialized>
         <run_address>0xb40</run_address>
         <size>0x18</size>
         <input_file_ref idref="fl-7"/>
      </object_component>
      <object_component id="oc-b4">
         <name>AdcdResultFile</name>
         <uninitialized>true</uninitialized>
         <run_address>0xb60</run_address>
         <size>0x18</size>
         <input_file_ref idref="fl-7"/>
      </object_component>
      <object_component id="oc-e4">
         <name>AdcaRegsFile</name>
         <uninitialized>true</uninitialized>
         <run_address>0x7400</run_address>
         <size>0x80</size>
         <input_file_ref idref="fl-7"/>
      </object_component>
      <object_component id="oc-e3">
         <name>AdcbRegsFile</name>
         <uninitialized>true</uninitialized>
         <run_address>0x7480</run_address>
         <size>0x80</size>
         <input_file_ref idref="fl-7"/>
      </object_component>
      <object_component id="oc-e6">
         <name>AdccRegsFile</name>
         <uninitialized>true</uninitialized>
         <run_address>0x7500</run_address>
         <size>0x80</size>
         <input_file_ref idref="fl-7"/>
      </object_component>
      <object_component id="oc-e5">
         <name>AdcdRegsFile</name>
         <uninitialized>true</uninitialized>
         <run_address>0x7580</run_address>
         <size>0x80</size>
         <input_file_ref idref="fl-7"/>
      </object_component>
      <object_component id="oc-e0">
         <name>AnalogSubsysRegsFile</name>
         <uninitialized>true</uninitialized>
         <run_address>0x5d180</run_address>
         <size>0x48</size>
         <input_file_ref idref="fl-7"/>
      </object_component>
      <object_component id="oc-da">
         <name>Cla1RegsFile</name>
         <uninitialized>true</uninitialized>
         <run_address>0x1400</run_address>
         <size>0x3e</size>
         <input_file_ref idref="fl-7"/>
      </object_component>
      <object_component id="oc-a0">
         <name>Cla1SoftIntRegsFile</name>
         <uninitialized>true</uninitialized>
         <run_address>0xce0</run_address>
         <size>0x4</size>
         <input_file_ref idref="fl-7"/>
      </object_component>
      <object_component id="oc-c6">
         <name>Cmpss1RegsFile</name>
         <uninitialized>true</uninitialized>
         <run_address>0x5c80</run_address>
         <size>0x20</size>
         <input_file_ref idref="fl-7"/>
      </object_component>
      <object_component id="oc-c5">
         <name>Cmpss2RegsFile</name>
         <uninitialized>true</uninitialized>
         <run_address>0x5ca0</run_address>
         <size>0x20</size>
         <input_file_ref idref="fl-7"/>
      </object_component>
      <object_component id="oc-c8">
         <name>Cmpss3RegsFile</name>
         <uninitialized>true</uninitialized>
         <run_address>0x5cc0</run_address>
         <size>0x20</size>
         <input_file_ref idref="fl-7"/>
      </object_component>
      <object_component id="oc-c7">
         <name>Cmpss4RegsFile</name>
         <uninitialized>true</uninitialized>
         <run_address>0x5ce0</run_address>
         <size>0x20</size>
         <input_file_ref idref="fl-7"/>
      </object_component>
      <object_component id="oc-c9">
         <name>Cmpss5RegsFile</name>
         <uninitialized>true</uninitialized>
         <run_address>0x5d00</run_address>
         <size>0x20</size>
         <input_file_ref idref="fl-7"/>
      </object_component>
      <object_component id="oc-c1">
         <name>Cmpss6RegsFile</name>
         <uninitialized>true</uninitialized>
         <run_address>0x5d20</run_address>
         <size>0x20</size>
         <input_file_ref idref="fl-7"/>
      </object_component>
      <object_component id="oc-c0">
         <name>Cmpss7RegsFile</name>
         <uninitialized>true</uninitialized>
         <run_address>0x5d40</run_address>
         <size>0x20</size>
         <input_file_ref idref="fl-7"/>
      </object_component>
      <object_component id="oc-c3">
         <name>Cmpss8RegsFile</name>
         <uninitialized>true</uninitialized>
         <run_address>0x5d60</run_address>
         <size>0x20</size>
         <input_file_ref idref="fl-7"/>
      </object_component>
      <object_component id="oc-a7">
         <name>CpuTimer0RegsFile</name>
         <uninitialized>true</uninitialized>
         <run_address>0xc00</run_address>
         <size>0x8</size>
         <input_file_ref idref="fl-7"/>
      </object_component>
      <object_component id="oc-a6">
         <name>CpuTimer1RegsFile</name>
         <uninitialized>true</uninitialized>
         <run_address>0xc08</run_address>
         <size>0x8</size>
         <input_file_ref idref="fl-7"/>
      </object_component>
      <object_component id="oc-a9">
         <name>CpuTimer2RegsFile</name>
         <uninitialized>true</uninitialized>
         <run_address>0xc10</run_address>
         <size>0x8</size>
         <input_file_ref idref="fl-7"/>
      </object_component>
      <object_component id="oc-a3">
         <name>DacaRegsFile</name>
         <uninitialized>true</uninitialized>
         <run_address>0x5c00</run_address>
         <size>0x8</size>
         <input_file_ref idref="fl-7"/>
      </object_component>
      <object_component id="oc-a5">
         <name>DacbRegsFile</name>
         <uninitialized>true</uninitialized>
         <run_address>0x5c10</run_address>
         <size>0x8</size>
         <input_file_ref idref="fl-7"/>
      </object_component>
      <object_component id="oc-a8">
         <name>DaccRegsFile</name>
         <uninitialized>true</uninitialized>
         <run_address>0x5c20</run_address>
         <size>0x8</size>
         <input_file_ref idref="fl-7"/>
      </object_component>
      <object_component id="oc-d2">
         <name>DcsmZ1RegsFile</name>
         <uninitialized>true</uninitialized>
         <run_address>0x5f000</run_address>
         <size>0x24</size>
         <input_file_ref idref="fl-7"/>
      </object_component>
      <object_component id="oc-d1">
         <name>DcsmZ2RegsFile</name>
         <uninitialized>true</uninitialized>
         <run_address>0x5f040</run_address>
         <size>0x24</size>
         <input_file_ref idref="fl-7"/>
      </object_component>
      <object_component id="oc-a4">
         <name>DcsmCommonRegsFile</name>
         <uninitialized>true</uninitialized>
         <run_address>0x5f070</run_address>
         <size>0x8</size>
         <input_file_ref idref="fl-7"/>
      </object_component>
      <object_component id="oc-c2">
         <name>DcsmZ1OtpFile</name>
         <uninitialized>true</uninitialized>
         <run_address>0x78000</run_address>
         <size>0x20</size>
         <input_file_ref idref="fl-7"/>
      </object_component>
      <object_component id="oc-c4">
         <name>DcsmZ2OtpFile</name>
         <uninitialized>true</uninitialized>
         <run_address>0x78200</run_address>
         <size>0x20</size>
         <input_file_ref idref="fl-7"/>
      </object_component>
      <object_component id="oc-eb">
         <name>DmaRegsFile</name>
         <uninitialized>true</uninitialized>
         <run_address>0x1000</run_address>
         <size>0xe0</size>
         <input_file_ref idref="fl-7"/>
      </object_component>
      <object_component id="oc-b6">
         <name>DmaClaSrcSelRegsFile</name>
         <uninitialized>true</uninitialized>
         <run_address>0x7980</run_address>
         <size>0x1a</size>
         <input_file_ref idref="fl-7"/>
      </object_component>
      <object_component id="oc-ca">
         <name>ECap1RegsFile</name>
         <uninitialized>true</uninitialized>
         <run_address>0x5000</run_address>
         <size>0x20</size>
         <input_file_ref idref="fl-7"/>
      </object_component>
      <object_component id="oc-cb">
         <name>ECap2RegsFile</name>
         <uninitialized>true</uninitialized>
         <run_address>0x5020</run_address>
         <size>0x20</size>
         <input_file_ref idref="fl-7"/>
      </object_component>
      <object_component id="oc-bf">
         <name>ECap3RegsFile</name>
         <uninitialized>true</uninitialized>
         <run_address>0x5040</run_address>
         <size>0x20</size>
         <input_file_ref idref="fl-7"/>
      </object_component>
      <object_component id="oc-b9">
         <name>ECap4RegsFile</name>
         <uninitialized>true</uninitialized>
         <run_address>0x5060</run_address>
         <size>0x20</size>
         <input_file_ref idref="fl-7"/>
      </object_component>
      <object_component id="oc-ba">
         <name>ECap5RegsFile</name>
         <uninitialized>true</uninitialized>
         <run_address>0x5080</run_address>
         <size>0x20</size>
         <input_file_ref idref="fl-7"/>
      </object_component>
      <object_component id="oc-b8">
         <name>ECap6RegsFile</name>
         <uninitialized>true</uninitialized>
         <run_address>0x50a0</run_address>
         <size>0x20</size>
         <input_file_ref idref="fl-7"/>
      </object_component>
      <object_component id="oc-e2">
         <name>Emif1RegsFile</name>
         <uninitialized>true</uninitialized>
         <run_address>0x47000</run_address>
         <size>0x70</size>
         <input_file_ref idref="fl-7"/>
      </object_component>
      <object_component id="oc-e1">
         <name>Emif2RegsFile</name>
         <uninitialized>true</uninitialized>
         <run_address>0x47800</run_address>
         <size>0x70</size>
         <input_file_ref idref="fl-7"/>
      </object_component>
      <object_component id="oc-f0">
         <name>EPwm1RegsFile</name>
         <uninitialized>true</uninitialized>
         <run_address>0x4000</run_address>
         <size>0x100</size>
         <input_file_ref idref="fl-7"/>
      </object_component>
      <object_component id="oc-ef">
         <name>EPwm2RegsFile</name>
         <uninitialized>true</uninitialized>
         <run_address>0x4100</run_address>
         <size>0x100</size>
         <input_file_ref idref="fl-7"/>
      </object_component>
      <object_component id="oc-f2">
         <name>EPwm3RegsFile</name>
         <uninitialized>true</uninitialized>
         <run_address>0x4200</run_address>
         <size>0x100</size>
         <input_file_ref idref="fl-7"/>
      </object_component>
      <object_component id="oc-ed">
         <name>EPwm4RegsFile</name>
         <uninitialized>true</uninitialized>
         <run_address>0x4300</run_address>
         <size>0x100</size>
         <input_file_ref idref="fl-7"/>
      </object_component>
      <object_component id="oc-ec">
         <name>EPwm5RegsFile</name>
         <uninitialized>true</uninitialized>
         <run_address>0x4400</run_address>
         <size>0x100</size>
         <input_file_ref idref="fl-7"/>
      </object_component>
      <object_component id="oc-f1">
         <name>EPwm6RegsFile</name>
         <uninitialized>true</uninitialized>
         <run_address>0x4500</run_address>
         <size>0x100</size>
         <input_file_ref idref="fl-7"/>
      </object_component>
      <object_component id="oc-ee">
         <name>EPwm7RegsFile</name>
         <uninitialized>true</uninitialized>
         <run_address>0x4600</run_address>
         <size>0x100</size>
         <input_file_ref idref="fl-7"/>
      </object_component>
      <object_component id="oc-f7">
         <name>EPwm8RegsFile</name>
         <uninitialized>true</uninitialized>
         <run_address>0x4700</run_address>
         <size>0x100</size>
         <input_file_ref idref="fl-7"/>
      </object_component>
      <object_component id="oc-f5">
         <name>EPwm9RegsFile</name>
         <uninitialized>true</uninitialized>
         <run_address>0x4800</run_address>
         <size>0x100</size>
         <input_file_ref idref="fl-7"/>
      </object_component>
      <object_component id="oc-f6">
         <name>EPwm10RegsFile</name>
         <uninitialized>true</uninitialized>
         <run_address>0x4900</run_address>
         <size>0x100</size>
         <input_file_ref idref="fl-7"/>
      </object_component>
      <object_component id="oc-f3">
         <name>EPwm11RegsFile</name>
         <uninitialized>true</uninitialized>
         <run_address>0x4a00</run_address>
         <size>0x100</size>
         <input_file_ref idref="fl-7"/>
      </object_component>
      <object_component id="oc-f4">
         <name>EPwm12RegsFile</name>
         <uninitialized>true</uninitialized>
         <run_address>0x4b00</run_address>
         <size>0x100</size>
         <input_file_ref idref="fl-7"/>
      </object_component>
      <object_component id="oc-dd">
         <name>EPwmXbarRegsFile</name>
         <uninitialized>true</uninitialized>
         <run_address>0x7a00</run_address>
         <size>0x40</size>
         <input_file_ref idref="fl-7"/>
      </object_component>
      <object_component id="oc-cc">
         <name>EQep1RegsFile</name>
         <uninitialized>true</uninitialized>
         <run_address>0x5100</run_address>
         <size>0x22</size>
         <input_file_ref idref="fl-7"/>
      </object_component>
      <object_component id="oc-cd">
         <name>EQep2RegsFile</name>
         <uninitialized>true</uninitialized>
         <run_address>0x5140</run_address>
         <size>0x22</size>
         <input_file_ref idref="fl-7"/>
      </object_component>
      <object_component id="oc-d0">
         <name>EQep3RegsFile</name>
         <uninitialized>true</uninitialized>
         <run_address>0x5180</run_address>
         <size>0x22</size>
         <input_file_ref idref="fl-7"/>
      </object_component>
      <object_component id="oc-fb">
         <name>Flash0CtrlRegsFile</name>
         <uninitialized>true</uninitialized>
         <run_address>0x5f800</run_address>
         <size>0x182</size>
         <input_file_ref idref="fl-7"/>
      </object_component>
      <object_component id="oc-d6">
         <name>Flash0EccRegsFile</name>
         <uninitialized>true</uninitialized>
         <run_address>0x5fb00</run_address>
         <size>0x28</size>
         <input_file_ref idref="fl-7"/>
      </object_component>
      <object_component id="oc-fa">
         <name>Flash1CtrlRegsFile</name>
         <uninitialized>true</uninitialized>
         <run_address>0x5fc00</run_address>
         <size>0x182</size>
         <input_file_ref idref="fl-7"/>
      </object_component>
      <object_component id="oc-d5">
         <name>Flash1EccRegsFile</name>
         <uninitialized>true</uninitialized>
         <run_address>0x5ff00</run_address>
         <size>0x28</size>
         <input_file_ref idref="fl-7"/>
      </object_component>
      <object_component id="oc-f9">
         <name>GpioCtrlRegsFile</name>
         <uninitialized>true</uninitialized>
         <run_address>0x7c00</run_address>
         <size>0x180</size>
         <input_file_ref idref="fl-7"/>
      </object_component>
      <object_component id="oc-d8">
         <name>GpioDataRegsFile</name>
         <uninitialized>true</uninitialized>
         <run_address>0x7f00</run_address>
         <size>0x30</size>
         <input_file_ref idref="fl-7"/>
      </object_component>
      <object_component id="oc-de">
         <name>OutputXbarRegsFile</name>
         <uninitialized>true</uninitialized>
         <run_address>0x7a80</run_address>
         <size>0x40</size>
         <input_file_ref idref="fl-7"/>
      </object_component>
      <object_component id="oc-cf">
         <name>I2caRegsFile</name>
         <uninitialized>true</uninitialized>
         <run_address>0x7300</run_address>
         <size>0x22</size>
         <input_file_ref idref="fl-7"/>
      </object_component>
      <object_component id="oc-ce">
         <name>I2cbRegsFile</name>
         <uninitialized>true</uninitialized>
         <run_address>0x7340</run_address>
         <size>0x22</size>
         <input_file_ref idref="fl-7"/>
      </object_component>
      <object_component id="oc-bd">
         <name>InputXbarRegsFile</name>
         <uninitialized>true</uninitialized>
         <run_address>0x7900</run_address>
         <size>0x20</size>
         <input_file_ref idref="fl-7"/>
      </object_component>
      <object_component id="oc-be">
         <name>XbarRegsFile</name>
         <uninitialized>true</uninitialized>
         <run_address>0x7920</run_address>
         <size>0x20</size>
         <input_file_ref idref="fl-7"/>
      </object_component>
      <object_component id="oc-9e">
         <name>FlashPumpSemaphoreRegsFile</name>
         <uninitialized>true</uninitialized>
         <run_address>0x50024</run_address>
         <size>0x2</size>
         <input_file_ref idref="fl-7"/>
      </object_component>
      <object_component id="oc-9d">
         <name>RomPrefetchRegsFile</name>
         <uninitialized>true</uninitialized>
         <run_address>0x5e608</run_address>
         <size>0x2</size>
         <input_file_ref idref="fl-7"/>
      </object_component>
      <object_component id="oc-e9">
         <name>MemCfgRegsFile</name>
         <uninitialized>true</uninitialized>
         <run_address>0x5f400</run_address>
         <size>0x80</size>
         <input_file_ref idref="fl-7"/>
      </object_component>
      <object_component id="oc-bb">
         <name>Emif1ConfigRegsFile</name>
         <uninitialized>true</uninitialized>
         <run_address>0x5f480</run_address>
         <size>0x20</size>
         <input_file_ref idref="fl-7"/>
      </object_component>
      <object_component id="oc-bc">
         <name>Emif2ConfigRegsFile</name>
         <uninitialized>true</uninitialized>
         <run_address>0x5f4a0</run_address>
         <size>0x20</size>
         <input_file_ref idref="fl-7"/>
      </object_component>
      <object_component id="oc-db">
         <name>AccessProtectionRegsFile</name>
         <uninitialized>true</uninitialized>
         <run_address>0x5f4c0</run_address>
         <size>0x40</size>
         <input_file_ref idref="fl-7"/>
      </object_component>
      <object_component id="oc-dc">
         <name>MemoryErrorRegsFile</name>
         <uninitialized>true</uninitialized>
         <run_address>0x5f500</run_address>
         <size>0x40</size>
         <input_file_ref idref="fl-7"/>
      </object_component>
      <object_component id="oc-9f">
         <name>RomWaitStateRegsFile</name>
         <uninitialized>true</uninitialized>
         <run_address>0x5f540</run_address>
         <size>0x2</size>
         <input_file_ref idref="fl-7"/>
      </object_component>
      <object_component id="oc-d4">
         <name>McbspaRegsFile</name>
         <uninitialized>true</uninitialized>
         <run_address>0x6000</run_address>
         <size>0x24</size>
         <input_file_ref idref="fl-7"/>
      </object_component>
      <object_component id="oc-d3">
         <name>McbspbRegsFile</name>
         <uninitialized>true</uninitialized>
         <run_address>0x6040</run_address>
         <size>0x24</size>
         <input_file_ref idref="fl-7"/>
      </object_component>
      <object_component id="oc-df">
         <name>UppRegsFile</name>
         <uninitialized>true</uninitialized>
         <run_address>0x6200</run_address>
         <size>0x48</size>
         <input_file_ref idref="fl-7"/>
      </object_component>
      <object_component id="oc-a2">
         <name>NmiIntruptRegsFile</name>
         <uninitialized>true</uninitialized>
         <run_address>0x7060</run_address>
         <size>0x7</size>
         <input_file_ref idref="fl-7"/>
      </object_component>
      <object_component id="oc-b7">
         <name>PieCtrlRegsFile</name>
         <uninitialized>true</uninitialized>
         <run_address>0xce0</run_address>
         <size>0x1a</size>
         <input_file_ref idref="fl-7"/>
      </object_component>
      <object_component id="oc-b0">
         <name>SciaRegsFile</name>
         <uninitialized>true</uninitialized>
         <run_address>0x7200</run_address>
         <size>0x10</size>
         <input_file_ref idref="fl-7"/>
      </object_component>
      <object_component id="oc-af">
         <name>ScibRegsFile</name>
         <uninitialized>true</uninitialized>
         <run_address>0x7210</run_address>
         <size>0x10</size>
         <input_file_ref idref="fl-7"/>
      </object_component>
      <object_component id="oc-b1">
         <name>ScicRegsFile</name>
         <uninitialized>true</uninitialized>
         <run_address>0x7220</run_address>
         <size>0x10</size>
         <input_file_ref idref="fl-7"/>
      </object_component>
      <object_component id="oc-ae">
         <name>ScidRegsFile</name>
         <uninitialized>true</uninitialized>
         <run_address>0x7230</run_address>
         <size>0x10</size>
         <input_file_ref idref="fl-7"/>
      </object_component>
      <object_component id="oc-e7">
         <name>Sdfm1RegsFile</name>
         <uninitialized>true</uninitialized>
         <run_address>0x5e00</run_address>
         <size>0x80</size>
         <input_file_ref idref="fl-7"/>
      </object_component>
      <object_component id="oc-e8">
         <name>Sdfm2RegsFile</name>
         <uninitialized>true</uninitialized>
         <run_address>0x5e80</run_address>
         <size>0x80</size>
         <input_file_ref idref="fl-7"/>
      </object_component>
      <object_component id="oc-ab">
         <name>SpiaRegsFile</name>
         <uninitialized>true</uninitialized>
         <run_address>0x6100</run_address>
         <size>0x10</size>
         <input_file_ref idref="fl-7"/>
      </object_component>
      <object_component id="oc-ad">
         <name>SpibRegsFile</name>
         <uninitialized>true</uninitialized>
         <run_address>0x6110</run_address>
         <size>0x10</size>
         <input_file_ref idref="fl-7"/>
      </object_component>
      <object_component id="oc-ac">
         <name>SpicRegsFile</name>
         <uninitialized>true</uninitialized>
         <run_address>0x6120</run_address>
         <size>0x10</size>
         <input_file_ref idref="fl-7"/>
      </object_component>
      <object_component id="oc-f8">
         <name>DevCfgRegsFile</name>
         <uninitialized>true</uninitialized>
         <run_address>0x5d000</run_address>
         <size>0x12e</size>
         <input_file_ref idref="fl-7"/>
      </object_component>
      <object_component id="oc-d9">
         <name>ClkCfgRegsFile</name>
         <uninitialized>true</uninitialized>
         <run_address>0x5d200</run_address>
         <size>0x32</size>
         <input_file_ref idref="fl-7"/>
      </object_component>
      <object_component id="oc-ea">
         <name>CpuSysRegsFile</name>
         <uninitialized>true</uninitialized>
         <run_address>0x5d300</run_address>
         <size>0x82</size>
         <input_file_ref idref="fl-7"/>
      </object_component>
      <object_component id="oc-a1">
         <name>SyncSocRegsFile</name>
         <uninitialized>true</uninitialized>
         <run_address>0x7940</run_address>
         <size>0x6</size>
         <input_file_ref idref="fl-7"/>
      </object_component>
      <object_component id="oc-d7">
         <name>WdRegsFile</name>
         <uninitialized>true</uninitialized>
         <run_address>0x7000</run_address>
         <size>0x2b</size>
         <input_file_ref idref="fl-7"/>
      </object_component>
      <object_component id="oc-aa">
         <name>XintRegsFile</name>
         <uninitialized>true</uninitialized>
         <run_address>0x7070</run_address>
         <size>0xb</size>
         <input_file_ref idref="fl-7"/>
      </object_component>
      <object_component id="oc-7f">
         <name>.debug_info</name>
         <load_address>0x0</load_address>
         <run_address>0x0</run_address>
         <size>0x4971</size>
         <input_file_ref idref="fl-2"/>
      </object_component>
      <object_component id="oc-85">
         <name>.debug_info</name>
         <load_address>0x4971</load_address>
         <run_address>0x4971</run_address>
         <size>0x1e8</size>
         <input_file_ref idref="fl-3"/>
      </object_component>
      <object_component id="oc-89">
         <name>.debug_info</name>
         <load_address>0x4b59</load_address>
         <run_address>0x4b59</run_address>
         <size>0xaec</size>
         <input_file_ref idref="fl-4"/>
      </object_component>
      <object_component id="oc-8f">
         <name>.debug_info</name>
         <load_address>0x5645</load_address>
         <run_address>0x5645</run_address>
         <size>0x7ef9</size>
         <input_file_ref idref="fl-5"/>
      </object_component>
      <object_component id="oc-95">
         <name>.debug_info</name>
         <load_address>0xd53e</load_address>
         <run_address>0xd53e</run_address>
         <size>0x100aa</size>
         <input_file_ref idref="fl-6"/>
      </object_component>
      <object_component id="oc-9a">
         <name>.debug_info</name>
         <load_address>0x1d5e8</load_address>
         <run_address>0x1d5e8</run_address>
         <size>0x4b186</size>
         <input_file_ref idref="fl-7"/>
      </object_component>
      <object_component id="oc-fe">
         <name>.debug_info</name>
         <load_address>0x6876e</load_address>
         <run_address>0x6876e</run_address>
         <size>0x190b5</size>
         <input_file_ref idref="fl-8"/>
      </object_component>
      <object_component id="oc-103">
         <name>.debug_info</name>
         <load_address>0x81823</load_address>
         <run_address>0x81823</run_address>
         <size>0x36ba</size>
         <input_file_ref idref="fl-9"/>
      </object_component>
      <object_component id="oc-108">
         <name>.debug_info</name>
         <load_address>0x84edd</load_address>
         <run_address>0x84edd</run_address>
         <size>0x67f9</size>
         <input_file_ref idref="fl-a"/>
      </object_component>
      <object_component id="oc-10d">
         <name>.debug_info</name>
         <load_address>0x8b6d6</load_address>
         <run_address>0x8b6d6</run_address>
         <size>0xf5fe</size>
         <input_file_ref idref="fl-b"/>
      </object_component>
      <object_component id="oc-112">
         <name>.debug_info</name>
         <load_address>0x9acd4</load_address>
         <run_address>0x9acd4</run_address>
         <size>0x90ee</size>
         <input_file_ref idref="fl-c"/>
      </object_component>
      <object_component id="oc-118">
         <name>.debug_info</name>
         <load_address>0xa3dc2</load_address>
         <run_address>0xa3dc2</run_address>
         <size>0x16f</size>
         <input_file_ref idref="fl-d"/>
      </object_component>
      <object_component id="oc-11c">
         <name>.debug_info</name>
         <load_address>0xa3f31</load_address>
         <run_address>0xa3f31</run_address>
         <size>0x81f6</size>
         <input_file_ref idref="fl-e"/>
      </object_component>
      <object_component id="oc-123">
         <name>.debug_info</name>
         <load_address>0xac127</load_address>
         <run_address>0xac127</run_address>
         <size>0x9046</size>
         <input_file_ref idref="fl-f"/>
      </object_component>
      <object_component id="oc-12b">
         <name>.debug_info</name>
         <load_address>0xb516d</load_address>
         <run_address>0xb516d</run_address>
         <size>0xbacc</size>
         <input_file_ref idref="fl-10"/>
      </object_component>
      <object_component id="oc-131">
         <name>.debug_info</name>
         <load_address>0xc0c39</load_address>
         <run_address>0xc0c39</run_address>
         <size>0x159ef</size>
         <input_file_ref idref="fl-11"/>
      </object_component>
      <object_component id="oc-137">
         <name>.debug_info</name>
         <load_address>0xd6628</load_address>
         <run_address>0xd6628</run_address>
         <size>0x7ba</size>
         <input_file_ref idref="fl-12"/>
      </object_component>
      <object_component id="oc-13f">
         <name>.debug_info</name>
         <load_address>0xd6de2</load_address>
         <run_address>0xd6de2</run_address>
         <size>0x58c0</size>
         <input_file_ref idref="fl-13"/>
      </object_component>
      <object_component id="oc-144">
         <name>.debug_info</name>
         <load_address>0xdc6a2</load_address>
         <run_address>0xdc6a2</run_address>
         <size>0x2039</size>
         <input_file_ref idref="fl-14"/>
      </object_component>
      <object_component id="oc-14a">
         <name>.debug_info</name>
         <load_address>0xde6db</load_address>
         <run_address>0xde6db</run_address>
         <size>0x3a72</size>
         <input_file_ref idref="fl-15"/>
      </object_component>
      <object_component id="oc-152">
         <name>.debug_info</name>
         <load_address>0xe214d</load_address>
         <run_address>0xe214d</run_address>
         <size>0xfa80</size>
         <input_file_ref idref="fl-16"/>
      </object_component>
      <object_component id="oc-157">
         <name>.debug_info</name>
         <load_address>0xf1bcd</load_address>
         <run_address>0xf1bcd</run_address>
         <size>0xa64</size>
         <input_file_ref idref="fl-17"/>
      </object_component>
      <object_component id="oc-161">
         <name>.debug_info</name>
         <load_address>0xf2631</load_address>
         <run_address>0xf2631</run_address>
         <size>0x16b</size>
         <input_file_ref idref="fl-1e"/>
      </object_component>
      <object_component id="oc-165">
         <name>.debug_info</name>
         <load_address>0xf279c</load_address>
         <run_address>0xf279c</run_address>
         <size>0x627</size>
         <input_file_ref idref="fl-1f"/>
      </object_component>
      <object_component id="oc-16b">
         <name>.debug_info</name>
         <load_address>0xf2dc3</load_address>
         <run_address>0xf2dc3</run_address>
         <size>0x112</size>
         <input_file_ref idref="fl-20"/>
      </object_component>
      <object_component id="oc-16f">
         <name>.debug_info</name>
         <load_address>0xf2ed5</load_address>
         <run_address>0xf2ed5</run_address>
         <size>0x926</size>
         <input_file_ref idref="fl-21"/>
      </object_component>
      <object_component id="oc-175">
         <name>.debug_info</name>
         <load_address>0xf37fb</load_address>
         <run_address>0xf37fb</run_address>
         <size>0x43a</size>
         <input_file_ref idref="fl-22"/>
      </object_component>
      <object_component id="oc-17a">
         <name>.debug_info</name>
         <load_address>0xf3c35</load_address>
         <run_address>0xf3c35</run_address>
         <size>0x1bb</size>
         <input_file_ref idref="fl-23"/>
      </object_component>
      <object_component id="oc-17e">
         <name>.debug_info</name>
         <load_address>0xf3df0</load_address>
         <run_address>0xf3df0</run_address>
         <size>0x5ab</size>
         <input_file_ref idref="fl-24"/>
      </object_component>
      <object_component id="oc-186">
         <name>.debug_info</name>
         <load_address>0xf439b</load_address>
         <run_address>0xf439b</run_address>
         <size>0x10c</size>
         <input_file_ref idref="fl-25"/>
      </object_component>
      <object_component id="oc-18b">
         <name>.debug_info</name>
         <load_address>0xf44a7</load_address>
         <run_address>0xf44a7</run_address>
         <size>0x118</size>
         <input_file_ref idref="fl-26"/>
      </object_component>
      <object_component id="oc-190">
         <name>.debug_info</name>
         <load_address>0xf45bf</load_address>
         <run_address>0xf45bf</run_address>
         <size>0x10c</size>
         <input_file_ref idref="fl-27"/>
      </object_component>
      <object_component id="oc-195">
         <name>.debug_info</name>
         <load_address>0xf46cb</load_address>
         <run_address>0xf46cb</run_address>
         <size>0x11a</size>
         <input_file_ref idref="fl-28"/>
      </object_component>
      <object_component id="oc-19a">
         <name>.debug_info</name>
         <load_address>0xf47e5</load_address>
         <run_address>0xf47e5</run_address>
         <size>0x10c</size>
         <input_file_ref idref="fl-29"/>
      </object_component>
      <object_component id="oc-19f">
         <name>.debug_info</name>
         <load_address>0xf48f1</load_address>
         <run_address>0xf48f1</run_address>
         <size>0x10c</size>
         <input_file_ref idref="fl-2a"/>
      </object_component>
      <object_component id="oc-1a4">
         <name>.debug_info</name>
         <load_address>0xf49fd</load_address>
         <run_address>0xf49fd</run_address>
         <size>0x112</size>
         <input_file_ref idref="fl-2b"/>
      </object_component>
      <object_component id="oc-1a8">
         <name>.debug_info</name>
         <load_address>0xf4b0f</load_address>
         <run_address>0xf4b0f</run_address>
         <size>0x3e2</size>
         <input_file_ref idref="fl-2c"/>
      </object_component>
      <object_component id="oc-1ad">
         <name>.debug_info</name>
         <load_address>0xf4ef1</load_address>
         <run_address>0xf4ef1</run_address>
         <size>0x54b</size>
         <input_file_ref idref="fl-2d"/>
      </object_component>
      <object_component id="oc-1b2">
         <name>.debug_info</name>
         <load_address>0xf543c</load_address>
         <run_address>0xf543c</run_address>
         <size>0x548</size>
         <input_file_ref idref="fl-2e"/>
      </object_component>
      <object_component id="oc-1b8">
         <name>.debug_info</name>
         <load_address>0xf5984</load_address>
         <run_address>0xf5984</run_address>
         <size>0x68b</size>
         <input_file_ref idref="fl-2f"/>
      </object_component>
      <object_component id="oc-1bd">
         <name>.debug_info</name>
         <load_address>0xf600f</load_address>
         <run_address>0xf600f</run_address>
         <size>0x3df</size>
         <input_file_ref idref="fl-30"/>
      </object_component>
      <object_component id="oc-1c2">
         <name>.debug_info</name>
         <load_address>0xf63ee</load_address>
         <run_address>0xf63ee</run_address>
         <size>0x50a</size>
         <input_file_ref idref="fl-31"/>
      </object_component>
      <object_component id="oc-1c8">
         <name>.debug_info</name>
         <load_address>0xf68f8</load_address>
         <run_address>0xf68f8</run_address>
         <size>0x139</size>
         <input_file_ref idref="fl-32"/>
      </object_component>
      <object_component id="oc-1cc">
         <name>.debug_info</name>
         <load_address>0xf6a31</load_address>
         <run_address>0xf6a31</run_address>
         <size>0x501</size>
         <input_file_ref idref="fl-33"/>
      </object_component>
      <object_component id="oc-1d1">
         <name>.debug_info</name>
         <load_address>0xf6f32</load_address>
         <run_address>0xf6f32</run_address>
         <size>0x255f</size>
         <input_file_ref idref="fl-34"/>
      </object_component>
      <object_component id="oc-1d8">
[...]
         <name>_xint1_isr</name>
         <value>0x8e96</value>
         <object_component_ref idref="oc-126"/>
      </symbol>
      <symbol id="sm-4ac">
         <name>_Epwm2_Update</name>
         <value>0xb7f9</value>
         <object_component_ref idref="oc-259"/>
      </symbol>
      <symbol id="sm-4ad">
         <name>_Epwm2_Init</name>
         <value>0xb795</value>
         <object_component_ref idref="oc-259"/>
      </symbol>
      <symbol id="sm-4ae">
         <name>_epwm2_isr</name>
         <value>0x964d</value>
         <object_component_ref idref="oc-12c"/>
      </symbol>
      <symbol id="sm-4af">
         <name>_InitEPwm2Config</name>
         <value>0xb79a</value>
         <object_component_ref idref="oc-259"/>
      </symbol>
      <symbol id="sm-4dc">
         <name>_OLED_Fill</name>
         <value>0xb667</value>
         <object_component_ref idref="oc-25e"/>
      </symbol>
      <symbol id="sm-4dd">
         <name>_OLED_Print_c</name>
         <value>0xb705</value>
         <object_component_ref idref="oc-25e"/>
      </symbol>
      <symbol id="sm-4de">
         <name>_OLED_Set_pos</name>
         <value>0xb651</value>
         <object_component_ref idref="oc-25e"/>
      </symbol>
      <symbol id="sm-4df">
         <name>_OLED_Write</name>
         <value>0xb627</value>
         <object_component_ref idref="oc-25e"/>
      </symbol>
      <symbol id="sm-4e0">
         <name>_F6x8</name>
         <value>0x5f0</value>
         <object_component_ref idref="oc-26b"/>
      </symbol>
      <symbol id="sm-4e1">
         <name>_F16x16</name>
         <value>0x9d8</value>
         <object_component_ref idref="oc-26d"/>
      </symbol>
      <symbol id="sm-4e2">
         <name>_OLED_Print_num</name>
         <value>0xb6a2</value>
         <object_component_ref idref="oc-25e"/>
      </symbol>
      <symbol id="sm-4e3">
         <name>_F8x16</name>
         <value>0x0</value>
         <object_component_ref idref="oc-26c"/>
      </symbol>
      <symbol id="sm-4e4">
         <name>_OLED_Init</name>
         <value>0xb597</value>
         <object_component_ref idref="oc-25e"/>
      </symbol>
      <symbol id="sm-4e5">
         <name>_OLED_Print_lf</name>
         <value>0xb6ba</value>
         <object_component_ref idref="oc-25e"/>
      </symbol>
      <symbol id="sm-4e6">
         <name>_OLED_Print_str</name>
         <value>0xb683</value>
         <object_component_ref idref="oc-25e"/>
      </symbol>
      <symbol id="sm-4e7">
         <name>_OLED_GPIO_Init</name>
         <value>0xb585</value>
         <object_component_ref idref="oc-25e"/>
      </symbol>
      <symbol id="sm-50d">
         <name>_iError2</name>
         <value>0xa924</value>
         <object_component_ref idref="oc-139"/>
      </symbol>
      <symbol id="sm-50e">
         <name>_Ki2</name>
         <value>0xa90c</value>
         <object_component_ref idref="oc-139"/>
      </symbol>
      <symbol id="sm-50f">
         <name>_Output2</name>
         <value>0xa91c</value>
         <object_component_ref idref="oc-139"/>
      </symbol>
      <symbol id="sm-510">
         <name>_PID_Compute_Inside</name>
         <value>0x864a</value>
         <object_component_ref idref="oc-25f"/>
      </symbol>
      <symbol id="sm-511">
         <name>_Set_Outside</name>
         <value>0xa918</value>
         <object_component_ref idref="oc-139"/>
      </symbol>
      <symbol id="sm-512">
         <name>_Kp</name>
         <value>0xa928</value>
         <object_component_ref idref="oc-139"/>
      </symbol>
      <symbol id="sm-513">
         <name>_Ki</name>
         <value>0xa92c</value>
         <object_component_ref idref="oc-139"/>
      </symbol>
      <symbol id="sm-514">
         <name>_iError</name>
         <value>0xa930</value>
         <object_component_ref idref="oc-139"/>
      </symbol>
      <symbol id="sm-515">
         <name>_pError</name>
         <value>0xa938</value>
         <object_component_ref idref="oc-139"/>
      </symbol>
      <symbol id="sm-516">
         <name>_Set_Inside</name>
         <value>0xa934</value>
         <object_component_ref idref="oc-139"/>
      </symbol>
      <symbol id="sm-517">
         <name>_Output</name>
         <value>0xa914</value>
         <object_component_ref idref="oc-139"/>
      </symbol>
      <symbol id="sm-518">
         <name>_PID_Compute_Outside</name>
         <value>0x86f2</value>
         <object_component_ref idref="oc-25f"/>
      </symbol>
      <symbol id="sm-519">
         <name>_pError2</name>
         <value>0xa910</value>
         <object_component_ref idref="oc-139"/>
      </symbol>
      <symbol id="sm-51a">
         <name>_Kp2</name>
         <value>0xa920</value>
         <object_component_ref idref="oc-139"/>
      </symbol>
      <symbol id="sm-527">
         <name>_PIE_Init</name>
         <value>0x9336</value>
         <object_component_ref idref="oc-25d"/>
      </symbol>
      <symbol id="sm-537">
         <name>_DataType</name>
         <value>0xa963</value>
         <object_component_ref idref="oc-145"/>
      </symbol>
      <symbol id="sm-538">
         <name>_InitSPIConfig</name>
         <value>0x8fc3</value>
         <object_component_ref idref="oc-25a"/>
      </symbol>
      <symbol id="sm-539">
         <name>_SPI_Init</name>
         <value>0x8fbe</value>
         <object_component_ref idref="oc-25a"/>
      </symbol>
      <symbol id="sm-53a">
         <name>_SPI_transfer</name>
         <value>0x8fe9</value>
         <object_component_ref idref="oc-25a"/>
      </symbol>
      <symbol id="sm-54d">
         <name>_cpu_timer0_isr</name>
         <value>0x9637</value>
         <object_component_ref idref="oc-14d"/>
      </symbol>
      <symbol id="sm-54e">
         <name>_Timer_Init</name>
         <value>0x9662</value>
         <object_component_ref idref="oc-25b"/>
      </symbol>
      <symbol id="sm-54f">
         <name>_micros</name>
         <value>0xa93c</value>
         <object_component_ref idref="oc-14c"/>
      </symbol>
      <symbol id="sm-55c">
         <name>_Xint_Init</name>
         <value>0x92cf</value>
         <object_component_ref idref="oc-25c"/>
      </symbol>
      <symbol id="sm-55d">
         <name>_InitXintConfig</name>
         <value>0x92f9</value>
         <object_component_ref idref="oc-25c"/>
      </symbol>
      <symbol id="sm-55e">
         <name>_Xint_Gpio_Init</name>
         <value>0x92d4</value>
         <object_component_ref idref="oc-25c"/>
      </symbol>
      <symbol id="sm-575">
         <name>_main</name>
         <value>0x8d5d</value>
         <object_component_ref idref="oc-251"/>
      </symbol>
      <symbol id="sm-576">
         <name>_EC11_Anticlockwise</name>
         <value>0x8def</value>
         <object_component_ref idref="oc-251"/>
      </symbol>
      <symbol id="sm-577">
         <name>_EC11_Clockwise</name>
         <value>0x8dd9</value>
         <object_component_ref idref="oc-251"/>
      </symbol>
      <symbol id="sm-578">
         <name>_EC11_Key_Press</name>
         <value>0x8de4</value>
         <object_component_ref idref="oc-251"/>
      </symbol>
      <symbol id="sm-579">
         <name>_EC11_Key_Click</name>
         <value>0x8dce</value>
         <object_component_ref idref="oc-251"/>
      </symbol>
      <symbol id="sm-57a">
         <name>_t</name>
         <value>0xa960</value>
         <object_component_ref idref="oc-158"/>
      </symbol>
      <symbol id="sm-597">
         <name>_c_int00</name>
         <value>0x9279</value>
         <object_component_ref idref="oc-15e"/>
      </symbol>
      <symbol id="sm-598">
         <name>__stack</name>
         <value>0x400</value>
         <object_component_ref idref="oc-15f"/>
      </symbol>
      <symbol id="sm-5ae">
         <name>_copy_in</name>
         <value>0x3b4</value>
         <object_component_ref idref="oc-253"/>
      </symbol>
      <symbol id="sm-5bd">
         <name>_ppcopy</name>
         <value>0x95d2</value>
         <object_component_ref idref="oc-16a"/>
      </symbol>
      <symbol id="sm-5be">
         <name>_dpcopy</name>
         <value>0x95d2</value>
         <object_component_ref idref="oc-16a"/>
      </symbol>
      <symbol id="sm-5bf">
         <name>_pdcopy</name>
         <value>0x95d2</value>
         <object_component_ref idref="oc-16a"/>
      </symbol>
      <symbol id="sm-5c0">
         <name>_ddcopy</name>
         <value>0x95d2</value>
         <object_component_ref idref="oc-16a"/>
      </symbol>
      <symbol id="sm-61a">
         <name>_powf</name>
         <value>0x8000</value>
         <object_component_ref idref="oc-269"/>
      </symbol>
      <symbol id="sm-61b">
         <name>_pow</name>
         <value>0x8000</value>
         <object_component_ref idref="oc-269"/>
      </symbol>
      <symbol id="sm-62c">
         <name>_sqrtf</name>
         <value>0x94ba</value>
         <object_component_ref idref="oc-273"/>
      </symbol>
      <symbol id="sm-62d">
         <name>_sqrt</name>
         <value>0x94ba</value>
         <object_component_ref idref="oc-273"/>
      </symbol>
      <symbol id="sm-638">
         <name>_errno</name>
         <value>0xa964</value>
         <object_component_ref idref="oc-17c"/>
      </symbol>
      <symbol id="sm-64d">
         <name>C$$EXIT</name>
         <value>0x9443</value>
         <object_component_ref idref="oc-256"/>
      </symbol>
      <symbol id="sm-64e">
         <name>_exit</name>
         <value>0x9445</value>
         <object_component_ref idref="oc-256"/>
      </symbol>
      <symbol id="sm-64f">
         <name>___TI_cleanup_ptr</name>
         <value>0xa95a</value>
         <object_component_ref idref="oc-180"/>
      </symbol>
      <symbol id="sm-650">
         <name>___TI_enable_exit_profile_output</name>
         <value>0xa958</value>
         <object_component_ref idref="oc-180"/>
      </symbol>
      <symbol id="sm-651">
         <name>_abort</name>
         <value>0x9443</value>
         <object_component_ref idref="oc-256"/>
      </symbol>
      <symbol id="sm-652">
         <name>___TI_dtors_ptr</name>
         <value>0xa95c</value>
         <object_component_ref idref="oc-180"/>
      </symbol>
      <symbol id="sm-66d">
         <name>FD$$ADD</name>
         <value>0x8dfa</value>
         <object_component_ref idref="oc-185"/>
      </symbol>
      <symbol id="sm-67d">
         <name>FD$$CMP</name>
         <value>0x93c6</value>
         <object_component_ref idref="oc-18a"/>
      </symbol>
      <symbol id="sm-68f">
         <name>FD$$MPY</name>
         <value>0x9113</value>
         <object_component_ref idref="oc-18f"/>
      </symbol>
      <symbol id="sm-69b">
         <name>FD$$SUB</name>
         <value>0x9684</value>
         <object_component_ref idref="oc-194"/>
      </symbol>
      <symbol id="sm-6aa">
         <name>FD$$TOU</name>
         <value>0x95ec</value>
         <object_component_ref idref="oc-199"/>
      </symbol>
      <symbol id="sm-6bb">
         <name>FS$$DIV</name>
         <value>0x908b</value>
         <object_component_ref idref="oc-19e"/>
      </symbol>
      <symbol id="sm-6cb">
         <name>FS$$TOFD</name>
         <value>0x959a</value>
         <object_component_ref idref="oc-1a3"/>
      </symbol>
      <symbol id="sm-6d8">
         <name>__system_pre_init</name>
         <value>0x87fa</value>
         <object_component_ref idref="oc-252"/>
      </symbol>
      <symbol id="sm-6f3">
         <name>_qsort</name>
         <value>0x8ae4</value>
         <object_component_ref idref="oc-250"/>
      </symbol>
      <symbol id="sm-70b">
         <name>_scalbn</name>
         <value>0x9212</value>
         <object_component_ref idref="oc-277"/>
      </symbol>
      <symbol id="sm-70c">
         <name>_ldexp</name>
         <value>0x9212</value>
         <object_component_ref idref="oc-277"/>
      </symbol>
      <symbol id="sm-70d">
         <name>_scalbnf</name>
         <value>0x9212</value>
         <object_component_ref idref="oc-277"/>
      </symbol>
      <symbol id="sm-70e">
         <name>_ldexpf</name>
         <value>0x9212</value>
         <object_component_ref idref="oc-277"/>
      </symbol>
      <symbol id="sm-71d">
         <name>_sprintf</name>
         <value>0x9304</value>
         <object_component_ref idref="oc-268"/>
      </symbol>
      <symbol id="sm-72a">
         <name>__system_post_cinit</name>
         <value>0x3ff</value>
         <object_component_ref idref="oc-254"/>
      </symbol>
      <symbol id="sm-73a">
         <name>_strcat</name>
         <value>0x96d4</value>
         <object_component_ref idref="oc-26a"/>
      </symbol>
      <symbol id="sm-746">
         <name>U$$MOD</name>
         <value>0x96bc</value>
         <object_component_ref idref="oc-1c7"/>
      </symbol>
      <symbol id="sm-747">
         <name>U$$DIV</name>
         <value>0x96b7</value>
         <object_component_ref idref="oc-1c7"/>
      </symbol>
      <symbol id="sm-75c">
         <name>__unlock</name>
         <value>0xa95e</value>
         <object_component_ref idref="oc-278"/>
      </symbol>
      <symbol id="sm-75d">
         <name>__lock</name>
         <value>0xa93e</value>
         <object_component_ref idref="oc-260"/>
      </symbol>
      <symbol id="sm-75e">
         <name>__register_lock</name>
         <value>0x96c6</value>
         <object_component_ref idref="oc-26e"/>
      </symbol>
      <symbol id="sm-75f">
         <name>__nop</name>
         <value>0x96ca</value>
         <object_component_ref idref="oc-26e"/>
      </symbol>
      <symbol id="sm-760">
         <name>__register_unlock</name>
         <value>0x96c2</value>
         <object_component_ref idref="oc-26e"/>
      </symbol>
      <symbol id="sm-88e">
         <name>___TI_printfi</name>
         <value>0xab4</value>
         <object_component_ref idref="oc-271"/>
      </symbol>
      <symbol id="sm-89e">
         <name>__args_main</name>
         <value>0x9606</value>
         <object_component_ref idref="oc-255"/>
      </symbol>
      <symbol id="sm-8b3">
         <name>_atoi</name>
         <value>0x9367</value>
         <object_component_ref idref="oc-279"/>
      </symbol>
      <symbol id="sm-8bc">
         <name>__ctypes_</name>
         <value>0xb58</value>
         <object_component_ref idref="oc-283"/>
      </symbol>
      <symbol id="sm-8d3">
         <name>FD$$DIV</name>
         <value>0x9000</value>
         <object_component_ref idref="oc-1e4"/>
      </symbol>
      <symbol id="sm-8e0">
         <name>FD$$NEG</name>
         <value>0x96cb</value>
         <object_component_ref idref="oc-1e9"/>
      </symbol>
      <symbol id="sm-8ef">
         <name>FD$$TOI</name>
         <value>0x9501</value>
         <object_component_ref idref="oc-1ee"/>
      </symbol>
      <symbol id="sm-8fe">
         <name>FD$$TOL</name>
         <value>0x9522</value>
         <object_component_ref idref="oc-1f3"/>
      </symbol>
      <symbol id="sm-90e">
         <name>I$$TOFD</name>
         <value>0x957d</value>
         <object_component_ref idref="oc-1f8"/>
      </symbol>
      <symbol id="sm-91e">
         <name>L$$TOFD</name>
         <value>0x95b6</value>
         <object_component_ref idref="oc-1fd"/>
      </symbol>
      <symbol id="sm-92a">
         <name>LL$$AND</name>
         <value>0x961f</value>
         <object_component_ref idref="oc-202"/>
      </symbol>
      <symbol id="sm-92b">
         <name>LL$$OR</name>
         <value>0x9627</value>
         <object_component_ref idref="oc-202"/>
      </symbol>
      <symbol id="sm-92c">
         <name>LL$$XOR</name>
         <value>0x962f</value>
         <object_component_ref idref="oc-202"/>
      </symbol>
      <symbol id="sm-93a">
         <name>ULL$$CMP</name>
         <value>0x9553</value>
         <object_component_ref idref="oc-207"/>
      </symbol>
      <symbol id="sm-93b">
         <name>LL$$CMP</name>
         <value>0x9541</value>
         <object_component_ref idref="oc-207"/>
      </symbol>
      <symbol id="sm-967">
         <name>ULL$$MOD</name>
         <value>0x88a5</value>
         <object_component_ref idref="oc-20c"/>
      </symbol>
      <symbol id="sm-968">
         <name>ULL$$DIV</name>
         <value>0x8876</value>
         <object_component_ref idref="oc-20c"/>
      </symbol>
      <symbol id="sm-969">
         <name>LL$$MOD</name>
         <value>0x883c</value>
         <object_component_ref idref="oc-20c"/>
      </symbol>
      <symbol id="sm-96a">
         <name>LL$$DIV</name>
         <value>0x8800</value>
         <object_component_ref idref="oc-20c"/>
      </symbol>
      <symbol id="sm-979">
         <name>_ltoa</name>
         <value>0x9398</value>
         <object_component_ref idref="oc-27b"/>
      </symbol>
      <symbol id="sm-989">
         <name>_memccpy</name>
         <value>0x9692</value>
         <object_component_ref idref="oc-281"/>
      </symbol>
      <symbol id="sm-99b">
         <name>_memcpy</name>
         <value>0x955f</value>
         <object_component_ref idref="oc-272"/>
      </symbol>
      <symbol id="sm-9aa">
         <name>_memset</name>
         <value>0x969f</value>
         <object_component_ref idref="oc-27f"/>
      </symbol>
      <symbol id="sm-9b7">
         <name>_copysignf</name>
         <value>0x9673</value>
         <object_component_ref idref="oc-282"/>
      </symbol>
      <symbol id="sm-9b8">
         <name>_copysign</name>
         <value>0x9673</value>
         <object_component_ref idref="oc-282"/>
      </symbol>
      <symbol id="sm-9cc">
         <name>_frexpl</name>
         <value>0x879f</value>
         <object_component_ref idref="oc-27c"/>
      </symbol>
      <symbol id="sm-9ea">
         <name>_scalbnl</name>
         <value>0x8ca1</value>
         <object_component_ref idref="oc-27d"/>
      </symbol>
      <symbol id="sm-9eb">
         <name>_ldexpl</name>
         <value>0x8ca1</value>
         <object_component_ref idref="oc-27d"/>
      </symbol>
      <symbol id="sm-9fb">
         <name>_strchr</name>
         <value>0x96ab</value>
         <object_component_ref idref="oc-27e"/>
      </symbol>
      <symbol id="sm-a09">
         <name>_strcpy</name>
         <value>0x3fa</value>
         <object_component_ref idref="oc-280"/>
      </symbol>
      <symbol id="sm-a17">
         <name>_strlen</name>
         <value>0x96e5</value>
         <object_component_ref idref="oc-27a"/>
      </symbol>
      <symbol id="sm-a23">
         <name>UL$$MOD</name>
         <value>0x9414</value>
         <object_component_ref idref="oc-245"/>
      </symbol>
      <symbol id="sm-a24">
         <name>L$$MOD</name>
         <value>0x93ff</value>
         <object_component_ref idref="oc-245"/>
      </symbol>
      <symbol id="sm-a25">
         <name>L$$DIV</name>
         <value>0x93f0</value>
         <object_component_ref idref="oc-245"/>
      </symbol>
      <symbol id="sm-a26">
         <name>UL$$DIV</name>
         <value>0x940d</value>
         <object_component_ref idref="oc-245"/>
      </symbol>
      <symbol id="sm-a34">
         <name>_copysignl</name>
         <value>0x94df</value>
         <object_component_ref idref="oc-284"/>
      </symbol>
   </symbol_table>
   <title>Link errors: red sections failed placement,available memory ranges in purple</title>
</link_info>
