******************************************************************************
             TMS320C2000 Linker PC v16.6.0                     
******************************************************************************
>> Linked Sun Jul 17 23:29:40 2016

OUTPUT FILE NAME:   <Buck_cpu01.out>
ENTRY POINT SYMBOL: "code_start"  address: 00000000


MEMORY CONFIGURATION

         name            origin    length      used     unused   attr    fill
----------------------  --------  ---------  --------  --------  ----  --------
PAGE 0:
  BEGIN                 00000000   00000002  00000002  00000000  RWIX
  RAMM0                 00000122   000002de  000002de  00000000  RWIX
  RAMLS0                00008000   00000800  000007fc  00000004  RWIX
  RAMLS1                00008800   00000800  000007fa  00000006  RWIX
  RAMLS2                00009000   00000800  000006ed  00000113  RWIX
  RAMLS3                00009800   00000800  00000000  00000800  RWIX
  RAMLS4                0000a000   00000800  00000000  00000800  RWIX
  RAMD0                 0000b000   00000800  00000800  00000000  RWIX
  RESET                 003fffc0   00000002  00000000  00000002  RWIX

PAGE 1:
  BOOT_RSVD             00000002   00000120  00000000  00000120  RWIX
  RAMM1                 00000400   00000400  00000100  00000300  RWIX
  ADCA_RESULT           00000b00   00000020  00000018  00000008  RWIX
  ADCB_RESULT           00000b20   00000020  00000018  00000008  RWIX
  ADCC_RESULT           00000b40   00000020  00000018  00000008  RWIX
  ADCD_RESULT           00000b60   00000020  00000018  00000008  RWIX
  CPU_TIMER0            00000c00   00000008  00000008  00000000  RWIX
  CPU_TIMER1            00000c08   00000008  00000008  00000000  RWIX
  CPU_TIMER2            00000c10   00000008  00000008  00000000  RWIX
  PIE_CTRL              00000ce0   00000020  0000001a  00000006  RWIX
  PIE_VECT              00000d00   00000200  000001c0  00000040  RWIX
  DMA                   00001000   00000200  000000e0  00000120  RWIX
  CLA1                  00001400   00000040  0000003e  00000002  RWIX
  EPWM1                 00004000   00000100  00000100  00000000  RWIX
  EPWM2                 00004100   00000100  00000100  00000000  RWIX
  EPWM3                 00004200   00000100  00000100  00000000  RWIX
  EPWM4                 00004300   00000100  00000100  00000000  RWIX
  EPWM5                 00004400   00000100  00000100  00000000  RWIX
  EPWM6                 00004500   00000100  00000100  00000000  RWIX
  EPWM7                 00004600   00000100  00000100  00000000  RWIX
  EPWM8                 00004700   00000100  00000100  00000000  RWIX
  EPWM9                 00004800   00000100  00000100  00000000  RWIX
  EPWM10                00004900   00000100  00000100  00000000  RWIX
  EPWM11                00004a00   00000100  00000100  00000000  RWIX
  EPWM12                00004b00   00000100  00000100  00000000  RWIX
  ECAP1                 00005000   00000020  00000020  00000000  RWIX
  ECAP2                 00005020   00000020  00000020  00000000  RWIX
  ECAP3                 00005040   00000020  00000020  00000000  RWIX
  ECAP4                 00005060   00000020  00000020  00000000  RWIX
  ECAP5                 00005080   00000020  00000020  00000000  RWIX
  ECAP6                 000050a0   00000020  00000020  00000000  RWIX
  EQEP1                 00005100   00000040  00000022  0000001e  RWIX
  EQEP2                 00005140   00000040  00000022  0000001e  RWIX
  EQEP3                 00005180   00000040  00000022  0000001e  RWIX
  DACA                  00005c00   00000010  00000008  00000008  RWIX
  DACB                  00005c10   00000010  00000008  00000008  RWIX
  DACC                  00005c20   00000010  00000008  00000008  RWIX
  CMPSS1                00005c80   00000020  00000020  00000000  RWIX
  CMPSS2                00005ca0   00000020  00000020  00000000  RWIX
  CMPSS3                00005cc0   00000020  00000020  00000000  RWIX
  CMPSS4                00005ce0   00000020  00000020  00000000  RWIX
  CMPSS5                00005d00   00000020  00000020  00000000  RWIX
  CMPSS6                00005d20   00000020  00000020  00000000  RWIX
  CMPSS7                00005d40   00000020  00000020  00000000  RWIX
  CMPSS8                00005d60   00000020  00000020  00000000  RWIX
  SDFM1                 00005e00   00000080  00000080  00000000  RWIX
  SDFM2                 00005e80   00000080  00000080  00000000  RWIX
  MCBSPA                00006000   00000040  00000024  0000001c  RWIX
  MCBSPB                00006040   00000040  00000024  0000001c  RWIX
  SPIA                  00006100   00000010  00000010  00000000  RWIX
  SPIB                  00006110   00000010  00000010  00000000  RWIX
  SPIC                  00006120   00000010  00000010  00000000  RWIX
  SPID                  00006130   00000010  00000000  00000010  RWIX
  UPP                   00006200   00000100  00000048  000000b8  RWIX
  WD                    00007000   00000040  0000002b  00000015  RWIX
  NMIINTRUPT            00007060   00000010  00000007  00000009  RWIX
  XINT                  00007070   00000010  0000000b  00000005  RWIX
  SCIA                  00007200   00000010  00000010  00000000  RWIX
  SCIB                  00007210   00000010  00000010  00000000  RWIX
  SCIC                  00007220   00000010  00000010  00000000  RWIX
  SCID                  00007230   00000010  00000010  00000000  RWIX
  I2CA                  00007300   00000040  00000022  0000001e  RWIX
  I2CB                  00007340   00000040  00000022  0000001e  RWIX
  ADCA                  00007400   00000080  00000080  00000000  RWIX
  ADCB                  00007480   00000080  00000080  00000000  RWIX
  ADCC                  00007500   00000080  00000080  00000000  RWIX
  ADCD                  00007580   00000080  00000080  00000000  RWIX
  INPUT_XBAR            00007900   00000020  00000020  00000000  RWIX
  XBAR                  00007920   00000020  00000020  00000000  RWIX
  SYNC_SOC              00007940   00000010  00000006  0000000a  RWIX
  DMACLASRCSEL          00007980   00000040  0000001a  00000026  RWIX
  EPWM_XBAR             00007a00   00000040  00000040  00000000  RWIX
  CLB_XBAR              00007a40   00000040  00000000  00000040  RWIX
  OUTPUT_XBAR           00007a80   00000040  00000040  00000000  RWIX
  GPIOCTRL              00007c00   00000180  00000180  00000000  RWIX
  GPIODAT               00007f00   00000030  00000030  00000000  RWIX
  RAMLS5                0000a800   00000800  00000165  0000069b  RWIX
  RAMD1                 0000b800   00000800  00000000  00000800  RWIX
  RAMGS0                0000c000   00001000  00000000  00001000  RWIX
  RAMGS1                0000d000   00001000  00000000  00001000  RWIX
  RAMGS2                0000e000   00001000  00000000  00001000  RWIX
  RAMGS3                0000f000   00001000  00000000  00001000  RWIX
  RAMGS4                00010000   00001000  00000000  00001000  RWIX
  RAMGS5                00011000   00001000  00000000  00001000  RWIX
  RAMGS6                00012000   00001000  00000000  00001000  RWIX
  RAMGS7                00013000   00001000  00000000  00001000  RWIX
  RAMGS8                00014000   00001000  00000000  00001000  RWIX
  RAMGS9                00015000   00001000  00000000  00001000  RWIX
  RAMGS10               00016000   00001000  00000000  00001000  RWIX
  RAMGS11               00017000   00001000  00000000  00001000  RWIX
  EMIF1                 00047000   00000800  00000070  00000790  RWIX
  EMIF2                 00047800   00000800  00000070  00000790  RWIX
  CANA_MSG_RAM          00049000   00000800  00000000  00000800  RWIX
  CANB_MSG_RAM          0004b000   00000800  00000000  00000800  RWIX
  FLASHPUMPSEMAPHORE    00050024   00000002  00000002  00000000  RWIX
  DEV_CFG               0005d000   00000180  0000012e  00000052  RWIX
  ANALOG_SUBSYS         0005d180   00000080  00000048  00000038  RWIX
  CLK_CFG               0005d200   00000100  00000032  000000ce  RWIX
  CPU_SYS               0005d300   00000100  00000082  0000007e  RWIX
  ROMPREFETCH           0005e608   00000002  00000002  00000000  RWIX
  DCSM_Z1               0005f000   00000030  00000024  0000000c  RWIX
  DCSM_Z2               0005f040   00000030  00000024  0000000c  RWIX
  DCSM_COMMON           0005f070   00000010  00000008  00000008  RWIX
  MEMCFG                0005f400   00000080  00000080  00000000  RWIX
  EMIF1CONFIG           0005f480   00000020  00000020  00000000  RWIX
  EMIF2CONFIG           0005f4a0   00000020  00000020  00000000  RWIX
  ACCESSPROTECTION      0005f4c0   00000040  00000040  00000000  RWIX
  MEMORYERROR           0005f500   00000040  00000040  00000000  RWIX
  ROMWAITSTATE          0005f540   00000002  00000002  00000000  RWIX
  FLASH0_CTRL           0005f800   00000300  00000182  0000017e  RWIX
  FLASH0_ECC            0005fb00   00000040  00000028  00000018  RWIX
  FLASH1_CTRL           0005fc00   00000300  00000182  0000017e  RWIX
  FLASH1_ECC            0005ff00   00000040  00000028  00000018  RWIX
  DCSM_Z1_OTP           00078000   00000020  00000020  00000000  RWIX
  DCSM_Z2_OTP           00078200   00000020  00000020  00000000  RWIX


SECTION ALLOCATION MAP

 output                                  attributes/
section   page    origin      length       input sections
--------  ----  ----------  ----------   ----------------
codestart 
*          0    00000000    00000002     
                  00000000    00000002     F2837xS_CodeStartBranch.obj (codestart)

.cinit     0    00000122    0000004a     
                  00000122    00000023     PID.obj (.cinit)
                  00000145    0000000e     rts2800_fpu32.lib : exit.obj (.cinit)
                  00000153    00000005     Timer.obj (.cinit)
                  00000158    00000005     rts2800_fpu32.lib : _lock.obj (.cinit:__lock)
                  0000015d    00000005                       : _lock.obj (.cinit:__unlock)
                  00000162    00000004     EC11.obj (.cinit)
                  00000166    00000004     rts2800_fpu32.lib : errno.obj (.cinit)
                  0000016a    00000002     --HOLE-- [fill = 0]

ramfuncs   0    0000016c    00000004     
                  0000016c    00000004     F2837xS_usDelay.obj (ramfuncs)

.pinit     0    00000122    00000000     UNINITIALIZED

.reset     0    003fffc0    00000002     DSECT
                  003fffc0    00000002     rts2800_fpu32.lib : boot.obj (.reset)

.econst    1    00000000    00000d4a     FAILED TO ALLOCATE
.stack     1    00000400    00000100     UNINITIALIZED
                  00000400    00000100     --HOLE--

.ebss      1    0000a800    00000165     UNINITIALIZED
                  0000a800    0000010c     ADC.obj (.ebss)
                  0000a90c    00000030     PID.obj (.ebss)
                  0000a93c    00000002     Timer.obj (.ebss)
                  0000a93e    00000002     rts2800_fpu32.lib : _lock.obj (.ebss:__lock)
                  0000a940    00000018     F2837xS_CpuTimers.obj (.ebss)
                  0000a958    00000006     rts2800_fpu32.lib : exit.obj (.ebss)
                  0000a95e    00000002                       : _lock.obj (.ebss:__unlock)
                  0000a960    00000002     main.obj (.ebss)
                  0000a962    00000001     EC11.obj (.ebss)
                  0000a963    00000001     SPI.obj (.ebss)
                  0000a964    00000001     rts2800_fpu32.lib : errno.obj (.ebss)

.text.1    0    00000000    00000bd9     FAILED TO ALLOCATE
.text.2    0    00000170    00000290     
                  00000170    00000244     F2837xS_Gpio.obj (.text)
                  000003b4    00000046     rts2800_fpu32.lib : cpy_tbl.obj (.text)
                  000003fa    00000005                       : strcpy.obj (.text)
                  000003ff    00000001                       : startup.obj (.text)

.text.3    0    00008000    000007fc     
                  00008000    0000037f     rts2800_fpu32.lib : e_powf.obj (.text)
                  0000837f    000002cb     F2837xS_SysCtrl.obj (.text)
                  0000864a    00000155     PID.obj (.text)
                  0000879f    0000005b     rts2800_fpu32.lib : s_frexp.obj (.text)
                  000087fa    00000002                       : pre_init.obj (.text)

.text.4    0    00008800    000007fa     
                  00008800    00000107     rts2800_fpu32.lib : ll_div.obj (.text)
                  00008907    000000fd     F2837xS_EPwm.obj (.text)
                  00008a04    000000e0     ADC.obj (.text:retain)
                  00008ae4    000000e0     rts2800_fpu32.lib : qsort.obj (.text)
                  00008bc4    000000dd     F2837xS_Adc.obj (.text)
                  00008ca1    000000bc     rts2800_fpu32.lib : s_scalbn.obj (.text)
                  00008d5d    0000009d     main.obj (.text)
                  00008dfa    0000009c     rts2800_fpu32.lib : fd_add.obj (.text)
                  00008e96    00000096     EC11.obj (.text:retain)
                  00008f2c    00000092     ADC.obj (.text)
                  00008fbe    0000003c     SPI.obj (.text)

.text.5    0    00009000    000006ed     
                  00009000    0000008b     rts2800_fpu32.lib : fd_div.obj (.text)
                  0000908b    00000088                       : fs_div.obj (.text)
                  00009113    00000083                       : fd_mpy.obj (.text)
                  00009196    0000007c     F2837xS_CpuTimers.obj (.text)
                  00009212    00000067     rts2800_fpu32.lib : s_scalbnf.obj (.text)
                  00009279    00000056                       : boot.obj (.text)
                  000092cf    00000035     Xint.obj (.text)
                  00009304    00000032     rts2800_fpu32.lib : sprintf.obj (.text)
                  00009336    00000031     PIE.obj (.text)
                  00009367    00000031     rts2800_fpu32.lib : atoi.obj (.text)
                  00009398    0000002e                       : ltoa.obj (.text)
                  000093c6    0000002a                       : fd_cmp.obj (.text)
                  000093f0    0000002a                       : l_div.obj (.text)
                  0000941a    00000029     F2837xS_Spi.obj (.text)
                  00009443    00000029     rts2800_fpu32.lib : exit.obj (.text)
                  0000946c    00000028     F2837xS_PieCtrl.obj (.text)
                  00009494    00000026     F2837xS_PieVect.obj (.text)
                  000094ba    00000025     rts2800_fpu32.lib : e_sqrtf.obj (.text)
                  000094df    00000022                       : s_copysign.obj (.text)
                  00009501    00000021                       : fd_toi.obj (.text)
                  00009522    0000001f                       : fd_tol.obj (.text)
                  00009541    0000001e                       : ll_cmp.obj (.text)
                  0000955f    0000001e                       : memcpy.obj (.text)
                  0000957d    0000001d                       : i_tofd.obj (.text)
                  0000959a    0000001c                       : fs_tofd.obj (.text)
                  000095b6    0000001c                       : l_tofd.obj (.text)
                  000095d2    0000001a                       : cpy_utils.obj (.text)
                  000095ec    0000001a                       : fd_tou.obj (.text)
                  00009606    00000019                       : args_main.obj (.text)
                  0000961f    00000018                       : ll_aox.obj (.text)
                  00009637    00000016     Timer.obj (.text:retain)
                  0000964d    00000015     EPwm.obj (.text:retain)
                  00009662    00000011     Timer.obj (.text)
                  00009673    00000011     rts2800_fpu32.lib : s_copysignf.obj (.text)
                  00009684    0000000e                       : fd_sub.obj (.text)
                  00009692    0000000d                       : memccpy.obj (.text)
                  0000969f    0000000c                       : memset.obj (.text)
                  000096ab    0000000c                       : strchr.obj (.text)
                  000096b7    0000000b                       : u_div.obj (.text)
                  000096c2    00000009                       : _lock.obj (.text)
                  000096cb    00000009                       : fd_neg.obj (.text)
                  000096d4    00000009                       : strcat.obj (.text)
                  000096dd    00000008     F2837xS_CodeStartBranch.obj (.text)
                  000096e5    00000008     rts2800_fpu32.lib : strlen.obj (.text)

.text.6    0    0000b000    00000800     
                  0000b000    00000585     F2837xS_DefaultISR.obj (.text:retain)
                  0000b585    00000210     OLED.obj (.text)
                  0000b795    0000006b     EPwm.obj (.text)

AdcaResultFile 
*          1    00000b00    00000018     UNINITIALIZED
                  00000b00    00000018     F2837xS_GlobalVariableDefs.obj (AdcaResultFile)

AdcbResultFile 
*          1    00000b20    00000018     UNINITIALIZED
                  00000b20    00000018     F2837xS_GlobalVariableDefs.obj (AdcbResultFile)

AdccResultFile 
*          1    00000b40    00000018     UNINITIALIZED
                  00000b40    00000018     F2837xS_GlobalVariableDefs.obj (AdccResultFile)

AdcdResultFile 
*          1    00000b60    00000018     UNINITIALIZED
                  00000b60    00000018     F2837xS_GlobalVariableDefs.obj (AdcdResultFile)

CpuTimer0RegsFile 
*          1    00000c00    00000008     UNINITIALIZED
                  00000c00    00000008     F2837xS_GlobalVariableDefs.obj (CpuTimer0RegsFile)

CpuTimer1RegsFile 
*          1    00000c08    00000008     UNINITIALIZED
                  00000c08    00000008     F2837xS_GlobalVariableDefs.obj (CpuTimer1RegsFile)

CpuTimer2RegsFile 
*          1    00000c10    00000008     UNINITIALIZED
                  00000c10    00000008     F2837xS_GlobalVariableDefs.obj (CpuTimer2RegsFile)

PieCtrlRegsFile 
*          1    00000ce0    0000001a     UNINITIALIZED
                  00000ce0    0000001a     F2837xS_GlobalVariableDefs.obj (PieCtrlRegsFile)

PieVectTableFile 
*          1    00000d00    000001c0     UNINITIALIZED
                  00000d00    000001c0     F2837xS_GlobalVariableDefs.obj (PieVectTableFile)

EmuKeyVar 
*          1    00000d00    00000001     UNINITIALIZED
                  00000d00    00000001     F2837xS_GlobalVariableDefs.obj (EmuKeyVar)

EmuBModeVar 
*          1    00000d01    00000001     UNINITIALIZED
                  00000d01    00000001     F2837xS_GlobalVariableDefs.obj (EmuBModeVar)

FlashCallbackVar 
*          1    00000d02    00000000     UNINITIALIZED

FlashScalingVar 
*          1    00000d02    00000000     UNINITIALIZED

DmaRegsFile 
*          1    00001000    000000e0     UNINITIALIZED
                  00001000    000000e0     F2837xS_GlobalVariableDefs.obj (DmaRegsFile)

Cla1RegsFile 
*          1    00001400    0000003e     UNINITIALIZED
                  00001400    0000003e     F2837xS_GlobalVariableDefs.obj (Cla1RegsFile)

EPwm1RegsFile 
*          1    00004000    00000100     UNINITIALIZED
                  00004000    00000100     F2837xS_GlobalVariableDefs.obj (EPwm1RegsFile)

EPwm2RegsFile 
*          1    00004100    00000100     UNINITIALIZED
                  00004100    00000100     F2837xS_GlobalVariableDefs.obj (EPwm2RegsFile)

EPwm3RegsFile 
*          1    00004200    00000100     UNINITIALIZED
                  00004200    00000100     F2837xS_GlobalVariableDefs.obj (EPwm3RegsFile)

EPwm4RegsFile 
*          1    00004300    00000100     UNINITIALIZED
                  00004300    00000100     F2837xS_GlobalVariableDefs.obj (EPwm4RegsFile)

EPwm5RegsFile 
*          1    00004400    00000100     UNINITIALIZED
                  00004400    00000100     F2837xS_GlobalVariableDefs.obj (EPwm5RegsFile)

EPwm6RegsFile 
*          1    00004500    00000100     UNINITIALIZED
                  00004500    00000100     F2837xS_GlobalVariableDefs.obj (EPwm6RegsFile)

EPwm7RegsFile 
*          1    00004600    00000100     UNINITIALIZED
                  00004600    00000100     F2837xS_GlobalVariableDefs.obj (EPwm7RegsFile)

EPwm8RegsFile 
*          1    00004700    00000100     UNINITIALIZED
                  00004700    00000100     F2837xS_GlobalVariableDefs.obj (EPwm8RegsFile)

EPwm9RegsFile 
*          1    00004800    00000100     UNINITIALIZED
                  00004800    00000100     F2837xS_GlobalVariableDefs.obj (EPwm9RegsFile)

EPwm10RegsFile 
*          1    00004900    00000100     UNINITIALIZED
                  00004900    00000100     F2837xS_GlobalVariableDefs.obj (EPwm10RegsFile)

EPwm11RegsFile 
*          1    00004a00    00000100     UNINITIALIZED
                  00004a00    00000100     F2837xS_GlobalVariableDefs.obj (EPwm11RegsFile)

EPwm12RegsFile 
*          1    00004b00    00000100     UNINITIALIZED
                  00004b00    00000100     F2837xS_GlobalVariableDefs.obj (EPwm12RegsFile)

ECap1RegsFile 
*          1    00005000    00000020     UNINITIALIZED
                  00005000    00000020     F2837xS_GlobalVariableDefs.obj (ECap1RegsFile)

ECap2RegsFile 
*          1    00005020    00000020     UNINITIALIZED
                  00005020    00000020     F2837xS_GlobalVariableDefs.obj (ECap2RegsFile)

ECap3RegsFile 
*          1    00005040    00000020     UNINITIALIZED
                  00005040    00000020     F2837xS_GlobalVariableDefs.obj (ECap3RegsFile)

ECap4RegsFile 
*          1    00005060    00000020     UNINITIALIZED
                  00005060    00000020     F2837xS_GlobalVariableDefs.obj (ECap4RegsFile)

ECap5RegsFile 
*          1    00005080    00000020     UNINITIALIZED
                  00005080    00000020     F2837xS_GlobalVariableDefs.obj (ECap5RegsFile)

ECap6RegsFile 
*          1    000050a0    00000020     UNINITIALIZED
                  000050a0    00000020     F2837xS_GlobalVariableDefs.obj (ECap6RegsFile)

EQep1RegsFile 
*          1    00005100    00000022     UNINITIALIZED
                  00005100    00000022     F2837xS_GlobalVariableDefs.obj (EQep1RegsFile)

EQep2RegsFile 
*          1    00005140    00000022     UNINITIALIZED
                  00005140    00000022     F2837xS_GlobalVariableDefs.obj (EQep2RegsFile)

EQep3RegsFile 
*          1    00005180    00000022     UNINITIALIZED
                  00005180    00000022     F2837xS_GlobalVariableDefs.obj (EQep3RegsFile)

DacaRegsFile 
*          1    00005c00    00000008     UNINITIALIZED
                  00005c00    00000008     F2837xS_GlobalVariableDefs.obj (DacaRegsFile)

DacbRegsFile 
*          1    00005c10    00000008     UNINITIALIZED
                  00005c10    00000008     F2837xS_GlobalVariableDefs.obj (DacbRegsFile)

DaccRegsFile 
*          1    00005c20    00000008     UNINITIALIZED
                  00005c20    00000008     F2837xS_GlobalVariableDefs.obj (DaccRegsFile)

Cmpss1RegsFile 
*          1    00005c80    00000020     UNINITIALIZED
                  00005c80    00000020     F2837xS_GlobalVariableDefs.obj (Cmpss1RegsFile)

Cmpss2RegsFile 
*          1    00005ca0    00000020     UNINITIALIZED
                  00005ca0    00000020     F2837xS_GlobalVariableDefs.obj (Cmpss2RegsFile)

Cmpss3RegsFile 
*          1    00005cc0    00000020     UNINITIALIZED
                  00005cc0    00000020     F2837xS_GlobalVariableDefs.obj (Cmpss3RegsFile)

Cmpss4RegsFile 
*          1    00005ce0    00000020     UNINITIALIZED
                  00005ce0    00000020     F2837xS_GlobalVariableDefs.obj (Cmpss4RegsFile)

Cmpss5RegsFile 
*          1    00005d00    00000020     UNINITIALIZED
                  00005d00    00000020     F2837xS_GlobalVariableDefs.obj (Cmpss5RegsFile)

Cmpss6RegsFile 
*          1    00005d20    00000020     UNINITIALIZED
                  00005d20    00000020     F2837xS_GlobalVariableDefs.obj (Cmpss6RegsFile)

Cmpss7RegsFile 
*          1    00005d40    00000020     UNINITIALIZED
                  00005d40    00000020     F2837xS_GlobalVariableDefs.obj (Cmpss7RegsFile)

Cmpss8RegsFile 
*          1    00005d60    00000020     UNINITIALIZED
                  00005d60    00000020     F2837xS_GlobalVariableDefs.obj (Cmpss8RegsFile)

Sdfm1RegsFile 
*          1    00005e00    00000080     UNINITIALIZED
                  00005e00    00000080     F2837xS_GlobalVariableDefs.obj (Sdfm1RegsFile)

Sdfm2RegsFile 
*          1    00005e80    00000080     UNINITIALIZED
                  00005e80    00000080     F2837xS_GlobalVariableDefs.obj (Sdfm2RegsFile)

McbspaRegsFile 
*          1    00006000    00000024     UNINITIALIZED
                  00006000    00000024     F2837xS_GlobalVariableDefs.obj (McbspaRegsFile)

McbspbRegsFile 
*          1    00006040    00000024     UNINITIALIZED
                  00006040    00000024     F2837xS_GlobalVariableDefs.obj (McbspbRegsFile)

SpiaRegsFile 
*          1    00006100    00000010     UNINITIALIZED
                  00006100    00000010     F2837xS_GlobalVariableDefs.obj (SpiaRegsFile)

SpibRegsFile 
*          1    00006110    00000010     UNINITIALIZED
                  00006110    00000010     F2837xS_GlobalVariableDefs.obj (SpibRegsFile)

SpicRegsFile 
*          1    00006120    00000010     UNINITIALIZED
                  00006120    00000010     F2837xS_GlobalVariableDefs.obj (SpicRegsFile)

UppRegsFile 
*          1    00006200    00000048     UNINITIALIZED
                  00006200    00000048     F2837xS_GlobalVariableDefs.obj (UppRegsFile)

WdRegsFile 
*          1    00007000    0000002b     UNINITIALIZED
                  00007000    0000002b     F2837xS_GlobalVariableDefs.obj (WdRegsFile)

NmiIntruptRegsFile 
*          1    00007060    00000007     UNINITIALIZED
                  00007060    00000007     F2837xS_GlobalVariableDefs.obj (NmiIntruptRegsFile)

XintRegsFile 
*          1    00007070    0000000b     UNINITIALIZED
                  00007070    0000000b     F2837xS_GlobalVariableDefs.obj (XintRegsFile)

SciaRegsFile 
*          1    00007200    00000010     UNINITIALIZED
                  00007200    00000010     F2837xS_GlobalVariableDefs.obj (SciaRegsFile)

ScibRegsFile 
*          1    00007210    00000010     UNINITIALIZED
                  00007210    00000010     F2837xS_GlobalVariableDefs.obj (ScibRegsFile)

ScicRegsFile 
*          1    00007220    00000010     UNINITIALIZED
                  00007220    00000010     F2837xS_GlobalVariableDefs.obj (ScicRegsFile)

ScidRegsFile 
*          1    00007230    00000010     UNINITIALIZED
                  00007230    00000010     F2837xS_GlobalVariableDefs.obj (ScidRegsFile)

I2caRegsFile 
*          1    00007300    00000022     UNINITIALIZED
                  00007300    00000022     F2837xS_GlobalVariableDefs.obj (I2caRegsFile)

I2cbRegsFile 
*          1    00007340    00000022     UNINITIALIZED
                  00007340    00000022     F2837xS_GlobalVariableDefs.obj (I2cbRegsFile)

AdcaRegsFile 
*          1    00007400    00000080     UNINITIALIZED
                  00007400    00000080     F2837xS_GlobalVariableDefs.obj (AdcaRegsFile)

AdcbRegsFile 
*          1    00007480    00000080     UNINITIALIZED
                  00007480    00000080     F2837xS_GlobalVariableDefs.obj (AdcbRegsFile)

AdccRegsFile 
*          1    00007500    00000080     UNINITIALIZED
                  00007500    00000080     F2837xS_GlobalVariableDefs.obj (AdccRegsFile)

AdcdRegsFile 
*          1    00007580    00000080     UNINITIALIZED
                  00007580    00000080     F2837xS_GlobalVariableDefs.obj (AdcdRegsFile)

AnalogSubsysRegsFile 
*          1    0005d180    00000048     UNINITIALIZED
                  0005d180    00000048     F2837xS_GlobalVariableDefs.obj (AnalogSubsysRegsFile)

Cla1SoftIntRegsFile 
*          1    00000ce0    00000004     DSECT
                  00000ce0    00000004     F2837xS_GlobalVariableDefs.obj (Cla1SoftIntRegsFile)

InputXbarRegsFile 
*          1    00007900    00000020     UNINITIALIZED
                  00007900    00000020     F2837xS_GlobalVariableDefs.obj (InputXbarRegsFile)

XbarRegsFile 
*          1    00007920    00000020     UNINITIALIZED
                  00007920    00000020     F2837xS_GlobalVariableDefs.obj (XbarRegsFile)

SyncSocRegsFile 
*          1    00007940    00000006     UNINITIALIZED
                  00007940    00000006     F2837xS_GlobalVariableDefs.obj (SyncSocRegsFile)

DmaClaSrcSelRegsFile 
*          1    00007980    0000001a     UNINITIALIZED
                  00007980    0000001a     F2837xS_GlobalVariableDefs.obj (DmaClaSrcSelRegsFile)

EPwmXbarRegsFile 
*          1    00007a00    00000040     UNINITIALIZED
                  00007a00    00000040     F2837xS_GlobalVariableDefs.obj (EPwmXbarRegsFile)

OutputXbarRegsFile 
*          1    00007a80    00000040     UNINITIALIZED
                  00007a80    00000040     F2837xS_GlobalVariableDefs.obj (OutputXbarRegsFile)

GpioCtrlRegsFile 
*          1    00007c00    00000180     UNINITIALIZED
                  00007c00    00000180     F2837xS_GlobalVariableDefs.obj (GpioCtrlRegsFile)

GpioDataRegsFile 
*          1    00007f00    00000030     UNINITIALIZED
                  00007f00    00000030     F2837xS_GlobalVariableDefs.obj (GpioDataRegsFile)

Emif1RegsFile 
*          1    00047000    00000070     UNINITIALIZED
                  00047000    00000070     F2837xS_GlobalVariableDefs.obj (Emif1RegsFile)

Emif2RegsFile 
*          1    00047800    00000070     UNINITIALIZED
                  00047800    00000070     F2837xS_GlobalVariableDefs.obj (Emif2RegsFile)

FlashPumpSemaphoreRegsFile 
*          1    00050024    00000002     UNINITIALIZED
                  00050024    00000002     F2837xS_GlobalVariableDefs.obj (FlashPumpSemaphoreRegsFile)

DevCfgRegsFile 
*          1    0005d000    0000012e     UNINITIALIZED
                  0005d000    0000012e     F2837xS_GlobalVariableDefs.obj (DevCfgRegsFile)

ClkCfgRegsFile 
*          1    0005d200    00000032     UNINITIALIZED
                  0005d200    00000032     F2837xS_GlobalVariableDefs.obj (ClkCfgRegsFile)

CpuSysRegsFile 
*          1    0005d300    00000082     UNINITIALIZED
                  0005d300    00000082     F2837xS_GlobalVariableDefs.obj (CpuSysRegsFile)

RomPrefetchRegsFile 
*          1    0005e608    00000002     UNINITIALIZED
                  0005e608    00000002     F2837xS_GlobalVariableDefs.obj (RomPrefetchRegsFile)

DcsmZ1RegsFile 
*          1    0005f000    00000024     UNINITIALIZED
                  0005f000    00000024     F2837xS_GlobalVariableDefs.obj (DcsmZ1RegsFile)

DcsmZ2RegsFile 
*          1    0005f040    00000024     UNINITIALIZED
                  0005f040    00000024     F2837xS_GlobalVariableDefs.obj (DcsmZ2RegsFile)

DcsmCommonRegsFile 
*          1    0005f070    00000008     UNINITIALIZED
                  0005f070    00000008     F2837xS_GlobalVariableDefs.obj (DcsmCommonRegsFile)

MemCfgRegsFile 
*          1    0005f400    00000080     UNINITIALIZED
                  0005f400    00000080     F2837xS_GlobalVariableDefs.obj (MemCfgRegsFile)

Emif1ConfigRegsFile 
*          1    0005f480    00000020     UNINITIALIZED
                  0005f480    00000020     F2837xS_GlobalVariableDefs.obj (Emif1ConfigRegsFile)

Emif2ConfigRegsFile 
*          1    0005f4a0    00000020     UNINITIALIZED
                  0005f4a0    00000020     F2837xS_GlobalVariableDefs.obj (Emif2ConfigRegsFile)

AccessProtectionRegsFile 
*          1    0005f4c0    00000040     UNINITIALIZED
                  0005f4c0    00000040     F2837xS_GlobalVariableDefs.obj (AccessProtectionRegsFile)

MemoryErrorRegsFile 
*          1    0005f500    00000040     UNINITIALIZED
                  0005f500    00000040     F2837xS_GlobalVariableDefs.obj (MemoryErrorRegsFile)

RomWaitStateRegsFile 
*          1    0005f540    00000002     UNINITIALIZED
                  0005f540    00000002     F2837xS_GlobalVariableDefs.obj (RomWaitStateRegsFile)

Flash0CtrlRegsFile 
*          1    0005f800    00000182     UNINITIALIZED
                  0005f800    00000182     F2837xS_GlobalVariableDefs.obj (Flash0CtrlRegsFile)

Flash0EccRegsFile 
*          1    0005fb00    00000028     UNINITIALIZED
                  0005fb00    00000028     F2837xS_GlobalVariableDefs.obj (Flash0EccRegsFile)

Flash1CtrlRegsFile 
*          1    0005fc00    00000182     UNINITIALIZED
                  0005fc00    00000182     F2837xS_GlobalVariableDefs.obj (Flash1CtrlRegsFile)

Flash1EccRegsFile 
*          1    0005ff00    00000028     UNINITIALIZED
                  0005ff00    00000028     F2837xS_GlobalVariableDefs.obj (Flash1EccRegsFile)

DcsmZ1OtpFile 
*          1    00078000    00000020     NOLOAD SECTION
                  00078000    00000020     F2837xS_GlobalVariableDefs.obj (DcsmZ1OtpFile)

DcsmZ2OtpFile 
*          1    00078200    00000020     NOLOAD SECTION
                  00078200    00000020     F2837xS_GlobalVariableDefs.obj (DcsmZ2OtpFile)

MODULE SUMMARY

       Module                           code   ro data   rw data
       ------                           ----   -------   -------
    .\
       F2837xS_GlobalVariableDefs.obj   0      0         8437   
       F2837xS_DefaultISR.obj           1413   0         0      
       F2837xS_SysCtrl.obj              715    0         0      
       F2837xS_Gpio.obj                 580    0         0      
       F2837xS_EPwm.obj                 253    0         0      
       F2837xS_Adc.obj                  221    0         0      
       F2837xS_CpuTimers.obj            124    0         24     
       F2837xS_Spi.obj                  41     0         0      
       F2837xS_PieCtrl.obj              40     0         0      
       F2837xS_PieVect.obj              38     0         0      
       F2837xS_CodeStartBranch.obj      10     0         0      
       F2837xS_usDelay.obj              4      0         0      
    +--+--------------------------------+------+---------+---------+
       Total:                           3439   0         8461   
                                                                
    .\User\src\
       ADC.obj                          370    0         268    
       OLED.obj                         528    0         0      
       PID.obj                          341    0         83     
       main.obj                         157    0         2      
       EC11.obj                         150    0         5      
       EPwm.obj                         128    0         0      
       SPI.obj                          60     0         1      
       Xint.obj                         53     0         0      
       PIE.obj                          49     0         0      
       Timer.obj                        39     0         7      
    +--+--------------------------------+------+---------+---------+
       Total:                           1875   0         366    
                                                                
    C:/IDEs/ti/ti-cgt-c2000_16.6.0.STS/lib/rts2800_fpu32.lib
       e_powf.obj                       895    0         0      
       ll_div.obj                       263    0         0      
       qsort.obj                        224    0         0      
       s_scalbn.obj                     188    0         0      
       fd_add.obj                       156    0         0      
       fd_div.obj                       139    0         0      
       fs_div.obj                       136    0         0      
       fd_mpy.obj                       131    0         0      
       s_scalbnf.obj                    103    0         0      
       s_frexp.obj                      91     0         0      
       boot.obj                         86     0         0      
       cpy_tbl.obj                      70     0         0      
       exit.obj                         41     0         20     
       sprintf.obj                      50     0         0      
       atoi.obj                         49     0         0      
       ltoa.obj                         46     0         0      
       fd_cmp.obj                       42     0         0      
       l_div.obj                        42     0         0      
       e_sqrtf.obj                      37     0         0      
       s_copysign.obj                   34     0         0      
       fd_toi.obj                       33     0         0      
       fd_tol.obj                       31     0         0      
       ll_cmp.obj                       30     0         0      
       memcpy.obj                       30     0         0      
       i_tofd.obj                       29     0         0      
       fs_tofd.obj                      28     0         0      
       l_tofd.obj                       28     0         0      
       cpy_utils.obj                    26     0         0      
       fd_tou.obj                       26     0         0      
       args_main.obj                    25     0         0      
       ll_aox.obj                       24     0         0      
       _lock.obj                        9      0         14     
       s_copysignf.obj                  17     0         0      
       fd_sub.obj                       14     0         0      
       memccpy.obj                      13     0         0      
       memset.obj                       12     0         0      
       strchr.obj                       12     0         0      
       u_div.obj                        11     0         0      
       fd_neg.obj                       9      0         0      
       strcat.obj                       9      0         0      
       strlen.obj                       8      0         0      
       errno.obj                        0      0         5      
       strcpy.obj                       5      0         0      
       pre_init.obj                     2      0         0      
       startup.obj                      1      0         0      
    +--+--------------------------------+------+---------+---------+
       Total:                           3255   0         39     
                                                                
       Stack:                           0      0         256    
    +--+--------------------------------+------+---------+---------+
       Grand Total:                     8569   0         9122   


GLOBAL DATA SYMBOLS: SORTED BY DATA PAGE

address     data page           name
--------    ----------------    ----
00000000       0 (00000000)     _F8x16

00000400      10 (00000400)     __stack

000005f0      17 (000005c0)     _F6x8

00000818      20 (00000800)     _PieVectTableInit

000009d8      27 (000009c0)     _F16x16

00000b00      2c (00000b00)     _AdcaResultRegs
00000b20      2c (00000b00)     _AdcbResultRegs

00000b40      2d (00000b40)     _AdccResultRegs
00000b58      2d (00000b40)     __ctypes_
00000b60      2d (00000b40)     _AdcdResultRegs

00000c00      30 (00000c00)     _CpuTimer0Regs
00000c08      30 (00000c00)     _CpuTimer1Regs
00000c10      30 (00000c00)     _CpuTimer2Regs

00000ce0      33 (00000cc0)     _Cla1SoftIntRegs
00000ce0      33 (00000cc0)     _PieCtrlRegs

00000d00      34 (00000d00)     _EmuKey
00000d00      34 (00000d00)     _PieVectTable
00000d01      34 (00000d00)     _EmuBMode

00001000      40 (00001000)     _DmaRegs

00001400      50 (00001400)     _Cla1Regs

00004000     100 (00004000)     _EPwm1Regs

00004100     104 (00004100)     _EPwm2Regs

00004200     108 (00004200)     _EPwm3Regs

00004300     10c (00004300)     _EPwm4Regs

00004400     110 (00004400)     _EPwm5Regs

00004500     114 (00004500)     _EPwm6Regs

00004600     118 (00004600)     _EPwm7Regs

00004700     11c (00004700)     _EPwm8Regs

00004800     120 (00004800)     _EPwm9Regs

00004900     124 (00004900)     _EPwm10Regs

00004a00     128 (00004a00)     _EPwm11Regs

00004b00     12c (00004b00)     _EPwm12Regs

00005000     140 (00005000)     _ECap1Regs
00005020     140 (00005000)     _ECap2Regs

00005040     141 (00005040)     _ECap3Regs
00005060     141 (00005040)     _ECap4Regs

00005080     142 (00005080)     _ECap5Regs
000050a0     142 (00005080)     _ECap6Regs

00005100     144 (00005100)     _EQep1Regs

00005140     145 (00005140)     _EQep2Regs

00005180     146 (00005180)     _EQep3Regs

00005c00     170 (00005c00)     _DacaRegs
00005c10     170 (00005c00)     _DacbRegs
00005c20     170 (00005c00)     _DaccRegs

00005c80     172 (00005c80)     _Cmpss1Regs
00005ca0     172 (00005c80)     _Cmpss2Regs

00005cc0     173 (00005cc0)     _Cmpss3Regs
00005ce0     173 (00005cc0)     _Cmpss4Regs

00005d00     174 (00005d00)     _Cmpss5Regs
00005d20     174 (00005d00)     _Cmpss6Regs

00005d40     175 (00005d40)     _Cmpss7Regs
00005d60     175 (00005d40)     _Cmpss8Regs

00005e00     178 (00005e00)     _Sdfm1Regs

00005e80     17a (00005e80)     _Sdfm2Regs

00006000     180 (00006000)     _McbspaRegs

00006040     181 (00006040)     _McbspbRegs

00006100     184 (00006100)     _SpiaRegs
00006110     184 (00006100)     _SpibRegs
00006120     184 (00006100)     _SpicRegs

00006200     188 (00006200)     _UppRegs

00007000     1c0 (00007000)     _WdRegs

00007060     1c1 (00007040)     _NmiIntruptRegs
00007070     1c1 (00007040)     _XintRegs

00007200     1c8 (00007200)     _SciaRegs
00007210     1c8 (00007200)     _ScibRegs
00007220     1c8 (00007200)     _ScicRegs
00007230     1c8 (00007200)     _ScidRegs

00007300     1cc (00007300)     _I2caRegs

00007340     1cd (00007340)     _I2cbRegs

00007400     1d0 (00007400)     _AdcaRegs

00007480     1d2 (00007480)     _AdcbRegs

00007500     1d4 (00007500)     _AdccRegs

00007580     1d6 (00007580)     _AdcdRegs

00007900     1e4 (00007900)     _InputXbarRegs
00007920     1e4 (00007900)     _XbarRegs

00007940     1e5 (00007940)     _SyncSocRegs

00007980     1e6 (00007980)     _DmaClaSrcSelRegs

00007a00     1e8 (00007a00)     _EPwmXbarRegs

00007a80     1ea (00007a80)     _OutputXbarRegs

00007c00     1f0 (00007c00)     _GpioCtrlRegs

00007f00     1fc (00007f00)     _GpioDataRegs

0000a800     2a0 (0000a800)     _aaa
0000a802     2a0 (0000a800)     _bbb

0000a840     2a1 (0000a840)     _ADCData

0000a90c     2a4 (0000a900)     _Ki2
0000a910     2a4 (0000a900)     _pError2
0000a914     2a4 (0000a900)     _Output
0000a918     2a4 (0000a900)     _Set_Outside
0000a91c     2a4 (0000a900)     _Output2
0000a920     2a4 (0000a900)     _Kp2
0000a924     2a4 (0000a900)     _iError2
0000a928     2a4 (0000a900)     _Kp
0000a92c     2a4 (0000a900)     _Ki
0000a930     2a4 (0000a900)     _iError
0000a934     2a4 (0000a900)     _Set_Inside
0000a938     2a4 (0000a900)     _pError
0000a93c     2a4 (0000a900)     _micros
0000a93e     2a4 (0000a900)     __lock

0000a940     2a5 (0000a940)     _CpuTimer1
0000a948     2a5 (0000a940)     _CpuTimer2
0000a950     2a5 (0000a940)     _CpuTimer0
0000a958     2a5 (0000a940)     ___TI_enable_exit_profile_output
0000a95a     2a5 (0000a940)     ___TI_cleanup_ptr
0000a95c     2a5 (0000a940)     ___TI_dtors_ptr
0000a95e     2a5 (0000a940)     __unlock
0000a960     2a5 (0000a940)     _t
0000a962     2a5 (0000a940)     _EC11_Flag
0000a963     2a5 (0000a940)     _DataType
0000a964     2a5 (0000a940)     _errno

00047000    11c0 (00047000)     _Emif1Regs

00047800    11e0 (00047800)     _Emif2Regs

00050024    1400 (00050000)     _FlashPumpSemaphoreRegs

0005d000    1740 (0005d000)     _DevCfgRegs

0005d180    1746 (0005d180)     _AnalogSubsysRegs

0005d200    1748 (0005d200)     _ClkCfgRegs

0005d300    174c (0005d300)     _CpuSysRegs

0005e608    1798 (0005e600)     _RomPrefetchRegs

0005f000    17c0 (0005f000)     _DcsmZ1Regs

0005f040    17c1 (0005f040)     _DcsmZ2Regs
0005f070    17c1 (0005f040)     _DcsmCommonRegs

0005f400    17d0 (0005f400)     _MemCfgRegs

0005f480    17d2 (0005f480)     _Emif1ConfigRegs
0005f4a0    17d2 (0005f480)     _Emif2ConfigRegs

0005f4c0    17d3 (0005f4c0)     _AccessProtectionRegs

0005f500    17d4 (0005f500)     _MemoryErrorRegs

0005f540    17d5 (0005f540)     _RomWaitStateRegs

0005f800    17e0 (0005f800)     _Flash0CtrlRegs

0005fb00    17ec (0005fb00)     _Flash0EccRegs

0005fc00    17f0 (0005fc00)     _Flash1CtrlRegs

0005ff00    17fc (0005ff00)     _Flash1EccRegs

00078000    1e00 (00078000)     _DcsmZ1Otp

00078200    1e08 (00078200)     _DcsmZ2Otp


GLOBAL SYMBOLS: SORTED ALPHABETICALLY BY Name 

page  address   name                                  
----  -------   ----                                  
abs   ffffffff  .text                                 
0     00009443  C$$EXIT                               
0     00008dfa  FD$$ADD                               
0     000093c6  FD$$CMP                               
0     00009000  FD$$DIV                               
0     00009113  FD$$MPY                               
0     000096cb  FD$$NEG                               
0     00009684  FD$$SUB                               
0     00009501  FD$$TOI                               
0     00009522  FD$$TOL                               
0     000095ec  FD$$TOU                               
0     0000908b  FS$$DIV                               
0     0000959a  FS$$TOFD                              
0     0000957d  I$$TOFD                               
0     000093f0  L$$DIV                                
0     000093ff  L$$MOD                                
0     000095b6  L$$TOFD                               
0     0000961f  LL$$AND                               
0     00009541  LL$$CMP                               
0     00008800  LL$$DIV                               
0     0000883c  LL$$MOD                               
0     00009627  LL$$OR                                
0     0000962f  LL$$XOR                               
0     000096b7  U$$DIV                                
0     000096bc  U$$MOD                                
0     0000940d  UL$$DIV                               
0     00009414  UL$$MOD                               
0     00009553  ULL$$CMP                              
0     00008876  ULL$$DIV                              
0     000088a5  ULL$$MOD                              
0     0000b0be  _ADCA1_ISR                            
0     0000b33e  _ADCA2_ISR                            
0     0000b348  _ADCA3_ISR                            
0     0000b352  _ADCA4_ISR                            
0     0000b334  _ADCA_EVT_ISR                         
0     0000b0c8  _ADCB1_ISR                            
0     0000b366  _ADCB2_ISR                            
0     0000b370  _ADCB3_ISR                            
0     0000b37a  _ADCB4_ISR                            
0     0000b35c  _ADCB_EVT_ISR                         
0     0000b0d2  _ADCC1_ISR                            
0     0000b4ce  _ADCC2_ISR                            
0     0000b4d8  _ADCC3_ISR                            
0     0000b4e2  _ADCC4_ISR                            
0     0000b4c4  _ADCC_EVT_ISR                         
0     0000b0f0  _ADCD1_ISR                            
0     0000b4f6  _ADCD2_ISR                            
0     0000b500  _ADCD3_ISR                            
0     0000b50a  _ADCD4_ISR                            
0     0000b4ec  _ADCD_EVT_ISR                         
1     0000a840  _ADCData                              
0     00008fa0  _ADC_GetData                          
0     00008f2c  _ADC_Init                             
0     0000b546  _AUX_PLL_SLIP_ISR                     
1     0005f4c0  _AccessProtectionRegs                 
0     00008bc4  _AdcSetMode                           
1     00007400  _AdcaRegs                             
1     00000b00  _AdcaResultRegs                       
1     00007480  _AdcbRegs                             
1     00000b20  _AdcbResultRegs                       
1     00007500  _AdccRegs                             
1     00000b40  _AdccResultRegs                       
1     00007580  _AdcdRegs                             
1     00000b60  _AdcdResultRegs                       
1     0005d180  _AnalogSubsysRegs                     
0     00008607  _AuxAuxClkSel                         
0     000085f1  _AuxIntOsc2Sel                        
0     000085fb  _AuxXtalOscSel                        
0     0000b30c  _CANA0_ISR                            
0     0000b316  _CANA1_ISR                            
0     0000b320  _CANB0_ISR                            
0     0000b32a  _CANB1_ISR                            
0     0000b384  _CLA1_1_ISR                           
0     0000b38e  _CLA1_2_ISR                           
0     0000b398  _CLA1_3_ISR                           
0     0000b3a2  _CLA1_4_ISR                           
0     0000b3ac  _CLA1_5_ISR                           
0     0000b3b6  _CLA1_6_ISR                           
0     0000b3c0  _CLA1_7_ISR                           
0     0000b3ca  _CLA1_8_ISR                           
0     0000b550  _CLA_OVERFLOW_ISR                     
0     0000b55a  _CLA_UNDERFLOW_ISR                    
0     00008c67  _CalAdcINL                            
1     00001400  _Cla1Regs                             
0     00000ce0  _Cla1SoftIntRegs                      
1     0005d200  _ClkCfgRegs                           
1     00005c80  _Cmpss1Regs                           
1     00005ca0  _Cmpss2Regs                           
1     00005cc0  _Cmpss3Regs                           
1     00005ce0  _Cmpss4Regs                           
1     00005d00  _Cmpss5Regs                           
1     00005d20  _Cmpss6Regs                           
1     00005d40  _Cmpss7Regs                           
1     00005d60  _Cmpss8Regs                           
0     000091d7  _ConfigCpuTimer                       
0     00008f70  _ConfigureADC                         
1     0005d300  _CpuSysRegs                           
1     0000a950  _CpuTimer0                            
1     00000c00  _CpuTimer0Regs                        
1     0000a940  _CpuTimer1                            
1     00000c08  _CpuTimer1Regs                        
1     0000a948  _CpuTimer2                            
1     00000c10  _CpuTimer2Regs                        
0     000085b0  _CsmUnlock                            
0     0000b014  _DATALOG_ISR                          
0     0000b258  _DMA_CH1_ISR                          
0     0000b262  _DMA_CH2_ISR                          
0     0000b26c  _DMA_CH3_ISR                          
0     0000b276  _DMA_CH4_ISR                          
0     0000b280  _DMA_CH5_ISR                          
0     0000b28a  _DMA_CH6_ISR                          
1     00005c00  _DacaRegs                             
1     00005c10  _DacbRegs                             
1     00005c20  _DaccRegs                             
1     0000a963  _DataType                             
1     0005f070  _DcsmCommonRegs                       
1     00078000  _DcsmZ1Otp                            
1     0005f000  _DcsmZ1Regs                           
1     00078200  _DcsmZ2Otp                            
1     0005f040  _DcsmZ2Regs                           
1     0005d000  _DevCfgRegs                           
0     00008482  _DisableDog                           
0     00008434  _DisablePeripheralClocks              
1     00007980  _DmaClaSrcSelRegs                     
1     00001000  _DmaRegs                              
0     00008def  _EC11_Anticlockwise                   
0     00008dd9  _EC11_Clockwise                       
1     0000a962  _EC11_Flag                            
0     00008dce  _EC11_Key_Click                       
0     00008de4  _EC11_Key_Press                       
0     0000b1ae  _ECAP1_ISR                            
0     0000b1b8  _ECAP2_ISR                            
0     0000b1c2  _ECAP3_ISR                            
0     0000b1cc  _ECAP4_ISR                            
0     0000b1d6  _ECAP5_ISR                            
0     0000b1e0  _ECAP6_ISR                            
1     00005000  _ECap1Regs                            
1     00005020  _ECap2Regs                            
1     00005040  _ECap3Regs                            
1     00005060  _ECap4Regs                            
1     00005080  _ECap5Regs                            
1     000050a0  _ECap6Regs                            
0     0000b514  _EMIF_ERROR_ISR                       
0     0000b56e  _EMPTY_ISR                            
0     0000b028  _EMU_ISR                              
0     0000b46a  _EPWM10_ISR                           
0     0000b442  _EPWM10_TZ_ISR                        
0     0000b474  _EPWM11_ISR                           
0     0000b44c  _EPWM11_TZ_ISR                        
0     0000b47e  _EPWM12_ISR                           
0     0000b456  _EPWM12_TZ_ISR                        
0     0000b15e  _EPWM1_ISR                            
0     0000b10e  _EPWM1_TZ_ISR                         
0     0000b168  _EPWM2_ISR                            
0     0000b118  _EPWM2_TZ_ISR                         
0     0000b172  _EPWM3_ISR                            
0     0000b122  _EPWM3_TZ_ISR                         
0     0000b17c  _EPWM4_ISR                            
0     0000b12c  _EPWM4_TZ_ISR                         
0     0000b186  _EPWM5_ISR                            
0     0000b136  _EPWM5_TZ_ISR                         
0     0000b190  _EPWM6_ISR                            
0     0000b140  _EPWM6_TZ_ISR                         
0     0000b19a  _EPWM7_ISR                            
0     0000b14a  _EPWM7_TZ_ISR                         
0     0000b1a4  _EPWM8_ISR                            
0     0000b154  _EPWM8_TZ_ISR                         
0     0000b460  _EPWM9_ISR                            
0     0000b438  _EPWM9_TZ_ISR                         
1     00004900  _EPwm10Regs                           
1     00004a00  _EPwm11Regs                           
1     00004b00  _EPwm12Regs                           
1     00004000  _EPwm1Regs                            
1     00004100  _EPwm2Regs                            
1     00004200  _EPwm3Regs                            
1     00004300  _EPwm4Regs                            
1     00004400  _EPwm5Regs                            
1     00004500  _EPwm6Regs                            
1     00004600  _EPwm7Regs                            
1     00004700  _EPwm8Regs                            
1     00004800  _EPwm9Regs                            
1     00007a00  _EPwmXbarRegs                         
0     0000b1ea  _EQEP1_ISR                            
0     0000b1f4  _EQEP2_ISR                            
0     0000b1fe  _EQEP3_ISR                            
1     00005100  _EQep1Regs                            
1     00005140  _EQep2Regs                            
1     00005180  _EQep3Regs                            
1     0005f480  _Emif1ConfigRegs                      
1     00047000  _Emif1Regs                            
1     0005f4a0  _Emif2ConfigRegs                      
1     00047800  _Emif2Regs                            
1     00000d01  _EmuBMode                             
1     00000d00  _EmuKey                               
0     0000948b  _EnableInterrupts                     
0     0000b795  _Epwm2_Init                           
0     0000b7f9  _Epwm2_Update                         
0     000009d8  _F16x16                               
0     0000016c  _F28x_usDelay                         
0     000005f0  _F6x8                                 
0     00000000  _F8x16                                
0     0000b528  _FLASH_CORRECTABLE_ERROR_ISR          
0     0000b3fc  _FPU_OVERFLOW_ISR                     
0     0000b406  _FPU_UNDERFLOW_ISR                    
1     0005f800  _Flash0CtrlRegs                       
1     0005fb00  _Flash0EccRegs                        
1     0005fc00  _Flash1CtrlRegs                       
1     0005ff00  _Flash1EccRegs                        
1     00050024  _FlashPumpSemaphoreRegs               
0     00000369  _GPIO_EnableUnbondedIOPullups         
0     00000344  _GPIO_EnableUnbondedIOPullupsFor100Pin
0     0000032b  _GPIO_EnableUnbondedIOPullupsFor176Pin
0     0000037f  _GPIO_ReadPin                         
0     000002d0  _GPIO_SetupLock                       
0     000001b0  _GPIO_SetupPinMux                     
0     0000023c  _GPIO_SetupPinOptions                 
0     000002f9  _GPIO_SetupXINT1Gpio                  
0     00000303  _GPIO_SetupXINT2Gpio                  
0     0000030d  _GPIO_SetupXINT3Gpio                  
0     00000317  _GPIO_SetupXINT4Gpio                  
0     00000321  _GPIO_SetupXINT5Gpio                  
0     00000396  _GPIO_WritePin                        
1     00007c00  _GpioCtrlRegs                         
1     00007f00  _GpioDataRegs                         
0     00008625  _HALT                                 
0     00008636  _HIB                                  
0     0000b29e  _I2CA_FIFO_ISR                        
0     0000b294  _I2CA_ISR                             
0     0000b2b2  _I2CB_FIFO_ISR                        
0     0000b2a8  _I2CB_ISR                             
1     00007300  _I2caRegs                             
1     00007340  _I2cbRegs                             
0     00008611  _IDLE                                 
0     0000b03c  _ILLEGAL_ISR                          
0     0000b410  _IPC0_ISR                             
0     0000b41a  _IPC1_ISR                             
0     0000b424  _IPC2_ISR                             
0     0000b42e  _IPC3_ISR                             
0     00008519  _InitAuxPll                           
0     00009196  _InitCpuTimers                        
0     000089ca  _InitEPwm10Gpio                       
0     000089dd  _InitEPwm11Gpio                       
0     000089f1  _InitEPwm12Gpio                       
0     00008920  _InitEPwm1Gpio                        
0     0000b79a  _InitEPwm2Config                      
0     00008932  _InitEPwm2Gpio                        
0     00008944  _InitEPwm3Gpio                        
0     00008958  _InitEPwm4Gpio                        
0     0000896c  _InitEPwm5Gpio                        
0     0000897e  _InitEPwm6Gpio                        
0     00008990  _InitEPwm7Gpio                        
0     000089a4  _InitEPwm8Gpio                        
0     000089b8  _InitEPwm9Gpio                        
0     00008907  _InitEPwmGpio                         
0     00000170  _InitGpio                             
0     000083b0  _InitPeripheralClocks                 
0     0000946c  _InitPieCtrl                          
0     00009494  _InitPieVectTable                     
0     00008fc3  _InitSPIConfig                        
0     0000941a  _InitSpiGpio                          
0     0000941d  _InitSpiaGpio                         
0     0000837f  _InitSysCtrl                          
0     00008490  _InitSysPll                           
0     000092f9  _InitXintConfig                       
1     00007900  _InputXbarRegs                        
1     0000a92c  _Ki                                   
1     0000a90c  _Ki2                                  
1     0000a928  _Kp                                   
1     0000a920  _Kp2                                  
0     0000b230  _MCBSPA_RX_ISR                        
0     0000b23a  _MCBSPA_TX_ISR                        
0     0000b244  _MCBSPB_RX_ISR                        
0     0000b24e  _MCBSPB_TX_ISR                        
1     00006000  _McbspaRegs                           
1     00006040  _McbspbRegs                           
1     0005f400  _MemCfgRegs                           
1     0005f500  _MemoryErrorRegs                      
0     0000b032  _NMI_ISR                              
0     0000b57b  _NOTUSED_ISR                          
1     00007060  _NmiIntruptRegs                       
0     0000b667  _OLED_Fill                            
0     0000b585  _OLED_GPIO_Init                       
0     0000b597  _OLED_Init                            
0     0000b705  _OLED_Print_c                         
0     0000b6ba  _OLED_Print_lf                        
0     0000b6a2  _OLED_Print_num                       
0     0000b683  _OLED_Print_str                       
0     0000b651  _OLED_Set_pos                         
0     0000b627  _OLED_Write                           
1     0000a914  _Output                               
1     0000a91c  _Output2                              
1     00007a80  _OutputXbarRegs                       
0     0000864a  _PID_Compute_Inside                   
0     000086f2  _PID_Compute_Outside                  
0     00009336  _PIE_Init                             
0     0000b564  _PIE_RESERVED_ISR                     
1     00000ce0  _PieCtrlRegs                          
1     00000d00  _PieVectTable                         
0     00000818  _PieVectTableInit                     
0     0000b532  _RAM_ACCESS_VIOLATION_ISR             
0     0000b51e  _RAM_CORRECTABLE_ERROR_ISR            
0     0000b01e  _RTOS_ISR                             
0     0000846a  _ReleaseFlashPump                     
1     0005e608  _RomPrefetchRegs                      
1     0005f540  _RomWaitStateRegs                     
0     0000b2e4  _SCIA_RX_ISR                          
0     0000b2ee  _SCIA_TX_ISR                          
0     0000b2f8  _SCIB_RX_ISR                          
0     0000b302  _SCIB_TX_ISR                          
0     0000b2bc  _SCIC_RX_ISR                          
0     0000b2c6  _SCIC_TX_ISR                          
0     0000b2d0  _SCID_RX_ISR                          
0     0000b2da  _SCID_TX_ISR                          
0     0000b488  _SD1_ISR                              
0     0000b492  _SD2_ISR                              
0     0000b208  _SPIA_RX_ISR                          
0     0000b212  _SPIA_TX_ISR                          
0     0000b21c  _SPIB_RX_ISR                          
0     0000b226  _SPIB_TX_ISR                          
0     0000b49c  _SPIC_RX_ISR                          
0     0000b4a6  _SPIC_TX_ISR                          
0     00008fbe  _SPI_Init                             
0     00008fe9  _SPI_transfer                         
0     0000861a  _STANDBY                              
0     0000b53c  _SYS_PLL_SLIP_ISR                     
1     00007200  _SciaRegs                             
1     00007210  _ScibRegs                             
1     00007220  _ScicRegs                             
1     00007230  _ScidRegs                             
1     00005e00  _Sdfm1Regs                            
1     00005e80  _Sdfm2Regs                            
0     0000844c  _SeizeFlashPump_Bank0                 
0     0000845b  _SeizeFlashPump_Bank1                 
0     00008474  _ServiceDog                           
1     0000a934  _Set_Inside                           
1     0000a918  _Set_Outside                          
0     00008f39  _SetupADCInterrupt                    
1     00006100  _SpiaRegs                             
1     00006110  _SpibRegs                             
1     00006120  _SpicRegs                             
1     00007940  _SyncSocRegs                          
0     000085d1  _SysIntOsc1Sel                        
0     000085db  _SysIntOsc2Sel                        
0     000085e5  _SysXtalOscSel                        
0     0000b0fa  _TIMER0_ISR                           
0     0000b000  _TIMER1_ISR                           
0     0000b00a  _TIMER2_ISR                           
0     00009662  _Timer_Init                           
0     0000b4b0  _UPPA_ISR                             
0     0000b4ba  _USBA_ISR                             
0     0000b0a0  _USER10_ISR                           
0     0000b0aa  _USER11_ISR                           
0     0000b0b4  _USER12_ISR                           
0     0000b046  _USER1_ISR                            
0     0000b050  _USER2_ISR                            
0     0000b05a  _USER3_ISR                            
0     0000b064  _USER4_ISR                            
0     0000b06e  _USER5_ISR                            
0     0000b078  _USER6_ISR                            
0     0000b082  _USER7_ISR                            
0     0000b08c  _USER8_ISR                            
0     0000b096  _USER9_ISR                            
1     00006200  _UppRegs                              
0     0000b3f2  _VCU_ISR                              
0     0000b104  _WAKE_ISR                             
1     00007000  _WdRegs                               
0     0000b0dc  _XINT1_ISR                            
0     0000b0e6  _XINT2_ISR                            
0     0000b3d4  _XINT3_ISR                            
0     0000b3de  _XINT4_ISR                            
0     0000b3e8  _XINT5_ISR                            
1     00007920  _XbarRegs                             
1     00007070  _XintRegs                             
0     000092d4  _Xint_Gpio_Init                       
0     000092cf  _Xint_Init                            
1     00000500  __STACK_END                           
abs   00000100  __STACK_SIZE                          
1     0000a95a  ___TI_cleanup_ptr                     
1     0000a95c  ___TI_dtors_ptr                       
1     0000a958  ___TI_enable_exit_profile_output      
abs   ffffffff  ___TI_pprof_out_hndl                  
0     00000ab4  ___TI_printfi                         
abs   ffffffff  ___TI_prof_data_size                  
abs   ffffffff  ___TI_prof_data_start                 
abs   ffffffff  ___binit__                            
abs   ffffffff  ___c_args__                           
0     00000122  ___cinit__                            
abs   ffffffff  ___etext__                            
abs   ffffffff  ___pinit__                            
abs   ffffffff  ___text__                             
0     00009606  __args_main                           
0     00000b58  __ctypes_                             
1     0000a93e  __lock                                
0     000096ca  __nop                                 
0     000096c6  __register_lock                       
0     000096c2  __register_unlock                     
1     00000400  __stack                               
0     000003ff  __system_post_cinit                   
0     000087fa  __system_pre_init                     
1     0000a95e  __unlock                              
1     0000a800  _aaa                                  
0     00009443  _abort                                
0     00008a04  _adca1_isr                            
0     00008a77  _adcb1_isr                            
0     00009367  _atoi                                 
1     0000a802  _bbb                                  
0     00009279  _c_int00                              
0     00008fb5  _comp                                 
0     000003b4  _copy_in                              
0     00009673  _copysign                             
0     00009673  _copysignf                            
0     000094df  _copysignl                            
0     00009637  _cpu_timer0_isr                       
0     000095d2  _ddcopy                               
0     000095d2  _dpcopy                               
0     0000964d  _epwm2_isr                            
1     0000a964  _errno                                
0     00009445  _exit                                 
0     0000879f  _frexpl                               
1     0000a930  _iError                               
1     0000a924  _iError2                              
0     00009212  _ldexp                                
0     00009212  _ldexpf                               
0     00008ca1  _ldexpl                               
0     00009398  _ltoa                                 
0     00008d5d  _main                                 
0     00009692  _memccpy                              
0     0000955f  _memcpy                               
0     0000969f  _memset                               
1     0000a93c  _micros                               
1     0000a938  _pError                               
1     0000a910  _pError2                              
0     000095d2  _pdcopy                               
0     00008000  _pow                                  
0     00008000  _powf                                 
0     000095d2  _ppcopy                               
0     00008ae4  _qsort                                
0     00009212  _scalbn                               
0     00009212  _scalbnf                              
0     00008ca1  _scalbnl                              
0     00009304  _sprintf                              
0     000094ba  _sqrt                                 
0     000094ba  _sqrtf                                
0     000096d4  _strcat                               
0     000096ab  _strchr                               
0     000003fa  _strcpy                               
0     000096e5  _strlen                               
1     0000a960  _t                                    
0     00008e96  _xint1_isr                            
0     00008ee3  _xint2_isr                            
abs   ffffffff  binit                                 
0     00000122  cinit                                 
0     00000000  code_start                            
abs   ffffffff  etext                                 
abs   ffffffff  pinit                                 


GLOBAL SYMBOLS: SORTED BY Symbol Address 

page  address   name                                  
----  -------   ----                                  
0     00000000  _F8x16                                
0     00000000  code_start                            
0     00000122  ___cinit__                            
0     00000122  cinit                                 
0     0000016c  _F28x_usDelay                         
0     00000170  _InitGpio                             
0     000001b0  _GPIO_SetupPinMux                     
0     0000023c  _GPIO_SetupPinOptions                 
0     000002d0  _GPIO_SetupLock                       
0     000002f9  _GPIO_SetupXINT1Gpio                  
0     00000303  _GPIO_SetupXINT2Gpio                  
0     0000030d  _GPIO_SetupXINT3Gpio                  
0     00000317  _GPIO_SetupXINT4Gpio                  
0     00000321  _GPIO_SetupXINT5Gpio                  
0     0000032b  _GPIO_EnableUnbondedIOPullupsFor176Pin
0     00000344  _GPIO_EnableUnbondedIOPullupsFor100Pin
0     00000369  _GPIO_EnableUnbondedIOPullups         
0     0000037f  _GPIO_ReadPin                         
0     00000396  _GPIO_WritePin                        
0     000003b4  _copy_in                              
0     000003fa  _strcpy                               
0     000003ff  __system_post_cinit                   
0     000005f0  _F6x8                                 
0     00000818  _PieVectTableInit                     
0     000009d8  _F16x16                               
0     00000ab4  ___TI_printfi                         
0     00000b58  __ctypes_                             
0     00000ce0  _Cla1SoftIntRegs                      
0     00008000  _pow                                  
0     00008000  _powf                                 
0     0000837f  _InitSysCtrl                          
0     000083b0  _InitPeripheralClocks                 
0     00008434  _DisablePeripheralClocks              
0     0000844c  _SeizeFlashPump_Bank0                 
0     0000845b  _SeizeFlashPump_Bank1                 
0     0000846a  _ReleaseFlashPump                     
0     00008474  _ServiceDog                           
0     00008482  _DisableDog                           
0     00008490  _InitSysPll                           
0     00008519  _InitAuxPll                           
0     000085b0  _CsmUnlock                            
0     000085d1  _SysIntOsc1Sel                        
0     000085db  _SysIntOsc2Sel                        
0     000085e5  _SysXtalOscSel                        
0     000085f1  _AuxIntOsc2Sel                        
0     000085fb  _AuxXtalOscSel                        
0     00008607  _AuxAuxClkSel                         
0     00008611  _IDLE                                 
0     0000861a  _STANDBY                              
0     00008625  _HALT                                 
0     00008636  _HIB                                  
0     0000864a  _PID_Compute_Inside                   
0     000086f2  _PID_Compute_Outside                  
0     0000879f  _frexpl                               
0     000087fa  __system_pre_init                     
0     00008800  LL$$DIV                               
0     0000883c  LL$$MOD                               
0     00008876  ULL$$DIV                              
0     000088a5  ULL$$MOD                              
0     00008907  _InitEPwmGpio                         
0     00008920  _InitEPwm1Gpio                        
0     00008932  _InitEPwm2Gpio                        
0     00008944  _InitEPwm3Gpio                        
0     00008958  _InitEPwm4Gpio                        
0     0000896c  _InitEPwm5Gpio                        
0     0000897e  _InitEPwm6Gpio                        
0     00008990  _InitEPwm7Gpio                        
0     000089a4  _InitEPwm8Gpio                        
0     000089b8  _InitEPwm9Gpio                        
0     000089ca  _InitEPwm10Gpio                       
0     000089dd  _InitEPwm11Gpio                       
0     000089f1  _InitEPwm12Gpio                       
0     00008a04  _adca1_isr                            
0     00008a77  _adcb1_isr                            
0     00008ae4  _qsort                                
0     00008bc4  _AdcSetMode                           
0     00008c67  _CalAdcINL                            
0     00008ca1  _ldexpl                               
0     00008ca1  _scalbnl                              
0     00008d5d  _main                                 
0     00008dce  _EC11_Key_Click                       
0     00008dd9  _EC11_Clockwise                       
0     00008de4  _EC11_Key_Press                       
0     00008def  _EC11_Anticlockwise                   
0     00008dfa  FD$$ADD                               
0     00008e96  _xint1_isr                            
0     00008ee3  _xint2_isr                            
0     00008f2c  _ADC_Init                             
0     00008f39  _SetupADCInterrupt                    
0     00008f70  _ConfigureADC                         
0     00008fa0  _ADC_GetData                          
0     00008fb5  _comp                                 
0     00008fbe  _SPI_Init                             
0     00008fc3  _InitSPIConfig                        
0     00008fe9  _SPI_transfer                         
0     00009000  FD$$DIV                               
0     0000908b  FS$$DIV                               
0     00009113  FD$$MPY                               
0     00009196  _InitCpuTimers                        
0     000091d7  _ConfigCpuTimer                       
0     00009212  _ldexp                                
0     00009212  _ldexpf                               
0     00009212  _scalbn                               
0     00009212  _scalbnf                              
0     00009279  _c_int00                              
0     000092cf  _Xint_Init                            
0     000092d4  _Xint_Gpio_Init                       
0     000092f9  _InitXintConfig                       
0     00009304  _sprintf                              
0     00009336  _PIE_Init                             
0     00009367  _atoi                                 
0     00009398  _ltoa                                 
0     000093c6  FD$$CMP                               
0     000093f0  L$$DIV                                
0     000093ff  L$$MOD                                
0     0000940d  UL$$DIV                               
0     00009414  UL$$MOD                               
0     0000941a  _InitSpiGpio                          
0     0000941d  _InitSpiaGpio                         
0     00009443  C$$EXIT                               
0     00009443  _abort                                
0     00009445  _exit                                 
0     0000946c  _InitPieCtrl                          
0     0000948b  _EnableInterrupts                     
0     00009494  _InitPieVectTable                     
0     000094ba  _sqrt                                 
0     000094ba  _sqrtf                                
0     000094df  _copysignl                            
0     00009501  FD$$TOI                               
0     00009522  FD$$TOL                               
0     00009541  LL$$CMP                               
0     00009553  ULL$$CMP                              
0     0000955f  _memcpy                               
0     0000957d  I$$TOFD                               
0     0000959a  FS$$TOFD                              
0     000095b6  L$$TOFD                               
0     000095d2  _ddcopy                               
0     000095d2  _dpcopy                               
0     000095d2  _pdcopy                               
0     000095d2  _ppcopy                               
0     000095ec  FD$$TOU                               
0     00009606  __args_main                           
0     0000961f  LL$$AND                               
0     00009627  LL$$OR                                
0     0000962f  LL$$XOR                               
0     00009637  _cpu_timer0_isr                       
0     0000964d  _epwm2_isr                            
0     00009662  _Timer_Init                           
0     00009673  _copysign                             
0     00009673  _copysignf                            
0     00009684  FD$$SUB                               
0     00009692  _memccpy                              
0     0000969f  _memset                               
0     000096ab  _strchr                               
0     000096b7  U$$DIV                                
0     000096bc  U$$MOD                                
0     000096c2  __register_unlock                     
0     000096c6  __register_lock                       
0     000096ca  __nop                                 
0     000096cb  FD$$NEG                               
0     000096d4  _strcat                               
0     000096e5  _strlen                               
0     0000b000  _TIMER1_ISR                           
0     0000b00a  _TIMER2_ISR                           
0     0000b014  _DATALOG_ISR                          
0     0000b01e  _RTOS_ISR                             
0     0000b028  _EMU_ISR                              
0     0000b032  _NMI_ISR                              
0     0000b03c  _ILLEGAL_ISR                          
0     0000b046  _USER1_ISR                            
0     0000b050  _USER2_ISR                            
0     0000b05a  _USER3_ISR                            
0     0000b064  _USER4_ISR                            
0     0000b06e  _USER5_ISR                            
0     0000b078  _USER6_ISR                            
0     0000b082  _USER7_ISR                            
0     0000b08c  _USER8_ISR                            
0     0000b096  _USER9_ISR                            
0     0000b0a0  _USER10_ISR                           
0     0000b0aa  _USER11_ISR                           
0     0000b0b4  _USER12_ISR                           
0     0000b0be  _ADCA1_ISR                            
0     0000b0c8  _ADCB1_ISR                            
0     0000b0d2  _ADCC1_ISR                            
0     0000b0dc  _XINT1_ISR                            
0     0000b0e6  _XINT2_ISR                            
0     0000b0f0  _ADCD1_ISR                            
0     0000b0fa  _TIMER0_ISR                           
0     0000b104  _WAKE_ISR                             
0     0000b10e  _EPWM1_TZ_ISR                         
0     0000b118  _EPWM2_TZ_ISR                         
0     0000b122  _EPWM3_TZ_ISR                         
0     0000b12c  _EPWM4_TZ_ISR                         
0     0000b136  _EPWM5_TZ_ISR                         
0     0000b140  _EPWM6_TZ_ISR                         
0     0000b14a  _EPWM7_TZ_ISR                         
0     0000b154  _EPWM8_TZ_ISR                         
0     0000b15e  _EPWM1_ISR                            
0     0000b168  _EPWM2_ISR                            
0     0000b172  _EPWM3_ISR                            
0     0000b17c  _EPWM4_ISR                            
0     0000b186  _EPWM5_ISR                            
0     0000b190  _EPWM6_ISR                            
0     0000b19a  _EPWM7_ISR                            
0     0000b1a4  _EPWM8_ISR                            
0     0000b1ae  _ECAP1_ISR                            
0     0000b1b8  _ECAP2_ISR                            
0     0000b1c2  _ECAP3_ISR                            
0     0000b1cc  _ECAP4_ISR                            
0     0000b1d6  _ECAP5_ISR                            
0     0000b1e0  _ECAP6_ISR                            
0     0000b1ea  _EQEP1_ISR                            
0     0000b1f4  _EQEP2_ISR                            
0     0000b1fe  _EQEP3_ISR                            
0     0000b208  _SPIA_RX_ISR                          
0     0000b212  _SPIA_TX_ISR                          
0     0000b21c  _SPIB_RX_ISR                          
0     0000b226  _SPIB_TX_ISR                          
0     0000b230  _MCBSPA_RX_ISR                        
0     0000b23a  _MCBSPA_TX_ISR                        
0     0000b244  _MCBSPB_RX_ISR                        
0     0000b24e  _MCBSPB_TX_ISR                        
0     0000b258  _DMA_CH1_ISR                          
0     0000b262  _DMA_CH2_ISR                          
0     0000b26c  _DMA_CH3_ISR                          
0     0000b276  _DMA_CH4_ISR                          
0     0000b280  _DMA_CH5_ISR                          
0     0000b28a  _DMA_CH6_ISR                          
0     0000b294  _I2CA_ISR                             
0     0000b29e  _I2CA_FIFO_ISR                        
0     0000b2a8  _I2CB_ISR                             
0     0000b2b2  _I2CB_FIFO_ISR                        
0     0000b2bc  _SCIC_RX_ISR                          
0     0000b2c6  _SCIC_TX_ISR                          
0     0000b2d0  _SCID_RX_ISR                          
0     0000b2da  _SCID_TX_ISR                          
0     0000b2e4  _SCIA_RX_ISR                          
0     0000b2ee  _SCIA_TX_ISR                          
0     0000b2f8  _SCIB_RX_ISR                          
0     0000b302  _SCIB_TX_ISR                          
0     0000b30c  _CANA0_ISR                            
0     0000b316  _CANA1_ISR                            
0     0000b320  _CANB0_ISR                            
0     0000b32a  _CANB1_ISR                            
0     0000b334  _ADCA_EVT_ISR                         
0     0000b33e  _ADCA2_ISR                            
0     0000b348  _ADCA3_ISR                            
0     0000b352  _ADCA4_ISR                            
0     0000b35c  _ADCB_EVT_ISR                         
0     0000b366  _ADCB2_ISR                            
0     0000b370  _ADCB3_ISR                            
0     0000b37a  _ADCB4_ISR                            
0     0000b384  _CLA1_1_ISR                           
0     0000b38e  _CLA1_2_ISR                           
0     0000b398  _CLA1_3_ISR                           
0     0000b3a2  _CLA1_4_ISR                           
0     0000b3ac  _CLA1_5_ISR                           
0     0000b3b6  _CLA1_6_ISR                           
0     0000b3c0  _CLA1_7_ISR                           
0     0000b3ca  _CLA1_8_ISR                           
0     0000b3d4  _XINT3_ISR                            
0     0000b3de  _XINT4_ISR                            
0     0000b3e8  _XINT5_ISR                            
0     0000b3f2  _VCU_ISR                              
0     0000b3fc  _FPU_OVERFLOW_ISR                     
0     0000b406  _FPU_UNDERFLOW_ISR                    
0     0000b410  _IPC0_ISR                             
0     0000b41a  _IPC1_ISR                             
0     0000b424  _IPC2_ISR                             
0     0000b42e  _IPC3_ISR                             
0     0000b438  _EPWM9_TZ_ISR                         
0     0000b442  _EPWM10_TZ_ISR                        
0     0000b44c  _EPWM11_TZ_ISR                        
0     0000b456  _EPWM12_TZ_ISR                        
0     0000b460  _EPWM9_ISR                            
0     0000b46a  _EPWM10_ISR                           
0     0000b474  _EPWM11_ISR                           
0     0000b47e  _EPWM12_ISR                           
0     0000b488  _SD1_ISR                              
0     0000b492  _SD2_ISR                              
0     0000b49c  _SPIC_RX_ISR                          
0     0000b4a6  _SPIC_TX_ISR                          
0     0000b4b0  _UPPA_ISR                             
0     0000b4ba  _USBA_ISR                             
0     0000b4c4  _ADCC_EVT_ISR                         
0     0000b4ce  _ADCC2_ISR                            
0     0000b4d8  _ADCC3_ISR                            
0     0000b4e2  _ADCC4_ISR                            
0     0000b4ec  _ADCD_EVT_ISR                         
0     0000b4f6  _ADCD2_ISR                            
0     0000b500  _ADCD3_ISR                            
0     0000b50a  _ADCD4_ISR                            
0     0000b514  _EMIF_ERROR_ISR                       
0     0000b51e  _RAM_CORRECTABLE_ERROR_ISR            
0     0000b528  _FLASH_CORRECTABLE_ERROR_ISR          
0     0000b532  _RAM_ACCESS_VIOLATION_ISR             
0     0000b53c  _SYS_PLL_SLIP_ISR                     
0     0000b546  _AUX_PLL_SLIP_ISR                     
0     0000b550  _CLA_OVERFLOW_ISR                     
0     0000b55a  _CLA_UNDERFLOW_ISR                    
0     0000b564  _PIE_RESERVED_ISR                     
0     0000b56e  _EMPTY_ISR                            
0     0000b57b  _NOTUSED_ISR                          
0     0000b585  _OLED_GPIO_Init                       
0     0000b597  _OLED_Init                            
0     0000b627  _OLED_Write                           
0     0000b651  _OLED_Set_pos                         
0     0000b667  _OLED_Fill                            
0     0000b683  _OLED_Print_str                       
0     0000b6a2  _OLED_Print_num                       
0     0000b6ba  _OLED_Print_lf                        
0     0000b705  _OLED_Print_c                         
0     0000b795  _Epwm2_Init                           
0     0000b79a  _InitEPwm2Config                      
0     0000b7f9  _Epwm2_Update                         
1     00000400  __stack                               
1     00000500  __STACK_END                           
1     00000b00  _AdcaResultRegs                       
1     00000b20  _AdcbResultRegs                       
1     00000b40  _AdccResultRegs                       
1     00000b60  _AdcdResultRegs                       
1     00000c00  _CpuTimer0Regs                        
1     00000c08  _CpuTimer1Regs                        
1     00000c10  _CpuTimer2Regs                        
1     00000ce0  _PieCtrlRegs                          
1     00000d00  _EmuKey                               
1     00000d00  _PieVectTable                         
1     00000d01  _EmuBMode                             
1     00001000  _DmaRegs                              
1     00001400  _Cla1Regs                             
1     00004000  _EPwm1Regs                            
1     00004100  _EPwm2Regs                            
1     00004200  _EPwm3Regs                            
1     00004300  _EPwm4Regs                            
1     00004400  _EPwm5Regs                            
1     00004500  _EPwm6Regs                            
1     00004600  _EPwm7Regs                            
1     00004700  _EPwm8Regs                            
1     00004800  _EPwm9Regs                            
1     00004900  _EPwm10Regs                           
1     00004a00  _EPwm11Regs                           
1     00004b00  _EPwm12Regs                           
1     00005000  _ECap1Regs                            
1     00005020  _ECap2Regs                            
1     00005040  _ECap3Regs                            
1     00005060  _ECap4Regs                            
1     00005080  _ECap5Regs                            
1     000050a0  _ECap6Regs                            
1     00005100  _EQep1Regs                            
1     00005140  _EQep2Regs                            
1     00005180  _EQep3Regs                            
1     00005c00  _DacaRegs                             
1     00005c10  _DacbRegs                             
1     00005c20  _DaccRegs                             
1     00005c80  _Cmpss1Regs                           
1     00005ca0  _Cmpss2Regs                           
1     00005cc0  _Cmpss3Regs                           
1     00005ce0  _Cmpss4Regs                           
1     00005d00  _Cmpss5Regs                           
1     00005d20  _Cmpss6Regs                           
1     00005d40  _Cmpss7Regs                           
1     00005d60  _Cmpss8Regs                           
1     00005e00  _Sdfm1Regs                            
1     00005e80  _Sdfm2Regs                            
1     00006000  _McbspaRegs                           
1     00006040  _McbspbRegs                           
1     00006100  _SpiaRegs                             
1     00006110  _SpibRegs                             
1     00006120  _SpicRegs                             
1     00006200  _UppRegs                              
1     00007000  _WdRegs                               
1     00007060  _NmiIntruptRegs                       
1     00007070  _XintRegs                             
1     00007200  _SciaRegs                             
1     00007210  _ScibRegs                             
1     00007220  _ScicRegs                             
1     00007230  _ScidRegs                             
1     00007300  _I2caRegs                             
1     00007340  _I2cbRegs                             
1     00007400  _AdcaRegs                             
1     00007480  _AdcbRegs                             
1     00007500  _AdccRegs                             
1     00007580  _AdcdRegs                             
1     00007900  _InputXbarRegs                        
1     00007920  _XbarRegs                             
1     00007940  _SyncSocRegs                          
1     00007980  _DmaClaSrcSelRegs                     
1     00007a00  _EPwmXbarRegs                         
1     00007a80  _OutputXbarRegs                       
1     00007c00  _GpioCtrlRegs                         
1     00007f00  _GpioDataRegs                         
1     0000a800  _aaa                                  
1     0000a802  _bbb                                  
1     0000a840  _ADCData                              
1     0000a90c  _Ki2                                  
1     0000a910  _pError2                              
1     0000a914  _Output                               
1     0000a918  _Set_Outside                          
1     0000a91c  _Output2                              
1     0000a920  _Kp2                                  
1     0000a924  _iError2                              
1     0000a928  _Kp                                   
1     0000a92c  _Ki                                   
1     0000a930  _iError                               
1     0000a934  _Set_Inside                           
1     0000a938  _pError                               
1     0000a93c  _micros                               
1     0000a93e  __lock                                
1     0000a940  _CpuTimer1                            
1     0000a948  _CpuTimer2                            
1     0000a950  _CpuTimer0                            
1     0000a958  ___TI_enable_exit_profile_output      
1     0000a95a  ___TI_cleanup_ptr                     
1     0000a95c  ___TI_dtors_ptr                       
1     0000a95e  __unlock                              
1     0000a960  _t                                    
1     0000a962  _EC11_Flag                            
1     0000a963  _DataType                             
1     0000a964  _errno                                
1     00047000  _Emif1Regs                            
1     00047800  _Emif2Regs                            
1     00050024  _FlashPumpSemaphoreRegs               
1     0005d000  _DevCfgRegs                           
1     0005d180  _AnalogSubsysRegs                     
1     0005d200  _ClkCfgRegs                           
1     0005d300  _CpuSysRegs                           
1     0005e608  _RomPrefetchRegs                      
1     0005f000  _DcsmZ1Regs                           
1     0005f040  _DcsmZ2Regs                           
1     0005f070  _DcsmCommonRegs                       
1     0005f400  _MemCfgRegs                           
1     0005f480  _Emif1ConfigRegs                      
1     0005f4a0  _Emif2ConfigRegs                      
1     0005f4c0  _AccessProtectionRegs                 
1     0005f500  _MemoryErrorRegs                      
1     0005f540  _RomWaitStateRegs                     
1     0005f800  _Flash0CtrlRegs                       
1     0005fb00  _Flash0EccRegs                        
1     0005fc00  _Flash1CtrlRegs                       
1     0005ff00  _Flash1EccRegs                        
1     00078000  _DcsmZ1Otp                            
1     00078200  _DcsmZ2Otp                            
abs   00000100  __STACK_SIZE                          
abs   ffffffff  .text                                 
abs   ffffffff  ___TI_pprof_out_hndl                  
abs   ffffffff  ___TI_prof_data_size                  
abs   ffffffff  ___TI_prof_data_start                 
abs   ffffffff  ___binit__                            
abs   ffffffff  ___c_args__                           
abs   ffffffff  ___etext__                            
abs   ffffffff  ___pinit__                            
abs   ffffffff  ___text__                             
abs   ffffffff  binit                                 
abs   ffffffff  etext                                 
abs   ffffffff  pinit                                 

[455 symbols]
