******************************************************************************
             TMS320C2000 Linker PC v16.6.0                     
******************************************************************************
>> Linked Mon Jul 18 11:24:12 2016

OUTPUT FILE NAME:   <Buck_cpu01.out>
ENTRY POINT SYMBOL: "code_start"  address: 00080000


MEMORY CONFIGURATION

         name            origin    length      used     unused   attr    fill
----------------------  --------  ---------  --------  --------  ----  --------
PAGE 0:
  RAMM0                 00000122   000002de  00000000  000002de  RWIX
  RAMLS0                00008000   00000800  00000072  0000078e  RWIX
  RAMLS1                00008800   00000800  00000000  00000800  RWIX
  RAMLS2                00009000   00000800  00000000  00000800  RWIX
  RAMLS3                00009800   00000800  00000000  00000800  RWIX
  RAMLS4                0000a000   00000800  00000000  00000800  RWIX
  RAMD0                 0000b000   00000800  00000000  00000800  RWIX
  BEGIN                 00080000   00000002  00000002  00000000  RWIX
  FLASHA                00080002   00001ffe  00000000  00001ffe  RWIX
  FLASHB                00082000   00002000  00001ffd  00000003  RWIX
  FLASHC                00084000   00002000  00000f2b  000010d5  RWIX
  FLASHD                00086000   00002000  00000072  00001f8e  RWIX
  FLASHE                00088000   00008000  00000000  00008000  RWIX
  FLASHF                00090000   00008000  00000d42  000072be  RWIX
  FLASHG                00098000   00008000  00000000  00008000  RWIX
  FLASHH                000a0000   00008000  00000000  00008000  RWIX
  FLASHI                000a8000   00008000  00000000  00008000  RWIX
  FLASHJ                000b0000   00008000  00000000  00008000  RWIX
  FLASHK                000b8000   00002000  00000000  00002000  RWIX
  FLASHL                000ba000   00002000  00000000  00002000  RWIX
  FLASHM                000bc000   00002000  00000000  00002000  RWIX
  FLASHN                000be000   00002000  00000000  00002000  RWIX
  RESET                 003fffc0   00000002  00000000  00000002  RWIX

PAGE 1:
  BOOT_RSVD             00000002   00000120  00000000  00000120  RWIX
  RAMM1                 00000400   00000400  00000100  00000300  RWIX
  ADCA_RESULT           00000b00   00000020  00000018  00000008  RWIX
  ADCB_RESULT           00000b20   00000020  00000018  00000008  RWIX
  ADCC_RESULT           00000b40   00000020  00000018  00000008  RWIX
  ADCD_RESULT           00000b60   00000020  00000018  00000008  RWIX
  CPU_TIMER0            00000c00   00000008  00000008  00000000  RWIX
  CPU_TIMER1            00000c08   00000008  00000008  00000000  RWIX
  CPU_TIMER2            00000c10   00000008  00000008  00000000  RWIX
  PIE_CTRL              00000ce0   00000020  0000001a  00000006  RWIX
  PIE_VECT              00000d00   00000200  000001c0  00000040  RWIX
  DMA                   00001000   00000200  000000e0  00000120  RWIX
  CLA1                  00001400   00000040  0000003e  00000002  RWIX
  EPWM1                 00004000   00000100  00000100  00000000  RWIX
  EPWM2                 00004100   00000100  00000100  00000000  RWIX
  EPWM3                 00004200   00000100  00000100  00000000  RWIX
  EPWM4                 00004300   00000100  00000100  00000000  RWIX
  EPWM5                 00004400   00000100  00000100  00000000  RWIX
  EPWM6                 00004500   00000100  00000100  00000000  RWIX
  EPWM7                 00004600   00000100  00000100  00000000  RWIX
  EPWM8                 00004700   00000100  00000100  00000000  RWIX
  EPWM9                 00004800   00000100  00000100  00000000  RWIX
  EPWM10                00004900   00000100  00000100  00000000  RWIX
  EPWM11                00004a00   00000100  00000100  00000000  RWIX
  EPWM12                00004b00   00000100  00000100  00000000  RWIX
  ECAP1                 00005000   00000020  00000020  00000000  RWIX
  ECAP2                 00005020   00000020  00000020  00000000  RWIX
  ECAP3                 00005040   00000020  00000020  00000000  RWIX
  ECAP4                 00005060   00000020  00000020  00000000  RWIX
  ECAP5                 00005080   00000020  00000020  00000000  RWIX
  ECAP6                 000050a0   00000020  00000020  00000000  RWIX
  EQEP1                 00005100   00000040  00000022  0000001e  RWIX
  EQEP2                 00005140   00000040  00000022  0000001e  RWIX
  EQEP3                 00005180   00000040  00000022  0000001e  RWIX
  DACA                  00005c00   00000010  00000008  00000008  RWIX
  DACB                  00005c10   00000010  00000008  00000008  RWIX
  DACC                  00005c20   00000010  00000008  00000008  RWIX
  CMPSS1                00005c80   00000020  00000020  00000000  RWIX
  CMPSS2                00005ca0   00000020  00000020  00000000  RWIX
  CMPSS3                00005cc0   00000020  00000020  00000000  RWIX
  CMPSS4                00005ce0   00000020  00000020  00000000  RWIX
  CMPSS5                00005d00   00000020  00000020  00000000  RWIX
  CMPSS6                00005d20   00000020  00000020  00000000  RWIX
  CMPSS7                00005d40   00000020  00000020  00000000  RWIX
  CMPSS8                00005d60   00000020  00000020  00000000  RWIX
  SDFM1                 00005e00   00000080  00000080  00000000  RWIX
  SDFM2                 00005e80   00000080  00000080  00000000  RWIX
  MCBSPA                00006000   00000040  00000024  0000001c  RWIX
  MCBSPB                00006040   00000040  00000024  0000001c  RWIX
  SPIA                  00006100   00000010  00000010  00000000  RWIX
  SPIB                  00006110   00000010  00000010  00000000  RWIX
  SPIC                  00006120   00000010  00000010  00000000  RWIX
  SPID                  00006130   00000010  00000000  00000010  RWIX
  UPP                   00006200   00000100  00000048  000000b8  RWIX
  WD                    00007000   00000040  0000002b  00000015  RWIX
  NMIINTRUPT            00007060   00000010  00000007  00000009  RWIX
  XINT                  00007070   00000010  0000000b  00000005  RWIX
  SCIA                  00007200   00000010  00000010  00000000  RWIX
  SCIB                  00007210   00000010  00000010  00000000  RWIX
  SCIC                  00007220   00000010  00000010  00000000  RWIX
  SCID                  00007230   00000010  00000010  00000000  RWIX
  I2CA                  00007300   00000040  00000022  0000001e  RWIX
  I2CB                  00007340   00000040  00000022  0000001e  RWIX
  ADCA                  00007400   00000080  00000080  00000000  RWIX
  ADCB                  00007480   00000080  00000080  00000000  RWIX
  ADCC                  00007500   00000080  00000080  00000000  RWIX
  ADCD                  00007580   00000080  00000080  00000000  RWIX
  INPUT_XBAR            00007900   00000020  00000020  00000000  RWIX
  XBAR                  00007920   00000020  00000020  00000000  RWIX
  SYNC_SOC              00007940   00000010  00000006  0000000a  RWIX
  DMACLASRCSEL          00007980   00000040  0000001a  00000026  RWIX
  EPWM_XBAR             00007a00   00000040  00000040  00000000  RWIX
  CLB_XBAR              00007a40   00000040  00000000  00000040  RWIX
  OUTPUT_XBAR           00007a80   00000040  00000040  00000000  RWIX
  GPIOCTRL              00007c00   00000180  00000180  00000000  RWIX
  GPIODAT               00007f00   00000030  00000030  00000000  RWIX
  RAMLS5                0000a800   00000800  00000210  000005f0  RWIX
  RAMD1                 0000b800   00000800  00000000  00000800  RWIX
  RAMGS0                0000c000   00001000  00000000  00001000  RWIX
  RAMGS1                0000d000   00001000  00000000  00001000  RWIX
  RAMGS2                0000e000   00001000  00000000  00001000  RWIX
  RAMGS3                0000f000   00001000  00000000  00001000  RWIX
  RAMGS4                00010000   00001000  00000000  00001000  RWIX
  RAMGS5                00011000   00001000  00000000  00001000  RWIX
  RAMGS6                00012000   00001000  00000000  00001000  RWIX
  RAMGS7                00013000   00001000  00000000  00001000  RWIX
  RAMGS8                00014000   00001000  00000000  00001000  RWIX
  RAMGS9                00015000   00001000  00000000  00001000  RWIX
  RAMGS10               00016000   00001000  00000000  00001000  RWIX
  RAMGS11               00017000   00001000  00000000  00001000  RWIX
  EMIF1                 00047000   00000800  00000070  00000790  RWIX
  EMIF2                 00047800   00000800  00000070  00000790  RWIX
  FLASHPUMPSEMAPHORE    00050024   00000002  00000002  00000000  RWIX
  DEV_CFG               0005d000   00000180  0000012e  00000052  RWIX
  ANALOG_SUBSYS         0005d180   00000080  00000048  00000038  RWIX
  CLK_CFG               0005d200   00000100  00000032  000000ce  RWIX
  CPU_SYS               0005d300   00000100  00000082  0000007e  RWIX
  ROMPREFETCH           0005e608   00000002  00000002  00000000  RWIX
  DCSM_Z1               0005f000   00000030  00000024  0000000c  RWIX
  DCSM_Z2               0005f040   00000030  00000024  0000000c  RWIX
  DCSM_COMMON           0005f070   00000010  00000008  00000008  RWIX
  MEMCFG                0005f400   00000080  00000080  00000000  RWIX
  EMIF1CONFIG           0005f480   00000020  00000020  00000000  RWIX
  EMIF2CONFIG           0005f4a0   00000020  00000020  00000000  RWIX
  ACCESSPROTECTION      0005f4c0   00000040  00000040  00000000  RWIX
  MEMORYERROR           0005f500   00000040  00000040  00000000  RWIX
  ROMWAITSTATE          0005f540   00000002  00000002  00000000  RWIX
  FLASH0_CTRL           0005f800   00000300  00000182  0000017e  RWIX
  FLASH0_ECC            0005fb00   00000040  00000028  00000018  RWIX
  FLASH1_CTRL           0005fc00   00000300  00000182  0000017e  RWIX
  FLASH1_ECC            0005ff00   00000040  00000028  00000018  RWIX
  DCSM_Z1_OTP           00078000   00000020  00000020  00000000  RWIX
  DCSM_Z2_OTP           00078200   00000020  00000020  00000000  RWIX


SECTION ALLOCATION MAP

 output                                  attributes/
section   page    origin      length       input sections
--------  ----  ----------  ----------   ----------------
codestart 
*          0    00080000    00000002     
                  00080000    00000002     F2837xS_CodeStartBranch.obj (codestart)

.cinit     0    00082000    00000155     
                  00082000    0000009a     PID.obj (.cinit)
                  0008209a    00000090     F2837xS_struct.obj (.cinit)
                  0008212a    0000000e     rts2800_fpu32.lib : exit.obj (.cinit)
                  00082138    00000005     Timer.obj (.cinit)
                  0008213d    00000005     rts2800_fpu32.lib : _lock.obj (.cinit:__lock)
                  00082142    00000005                       : _lock.obj (.cinit:__unlock)
                  00082147    00000004     EC11.obj (.cinit)
                  0008214b    00000004     F2837xS_sci_io.obj (.cinit)
                  0008214f    00000004     rts2800_fpu32.lib : errno.obj (.cinit)
                  00082153    00000002     --HOLE-- [fill = 0]

.pinit     0    00082000    00000000     UNINITIALIZED

ramfuncs   0    00086000    00000072     RUN ADDR = 00008000
                  00086000    0000006e     F2837xS_SysCtrl.obj (ramfuncs)
                  0008606e    00000004     F2837xS_usDelay.obj (ramfuncs)

.stack     1    00000400    00000100     UNINITIALIZED
                  00000400    00000100     --HOLE--

.reset     0    003fffc0    00000002     DSECT
                  003fffc0    00000002     rts2800_fpu32.lib : boot.obj (.reset)

.text.1    0    00082158    00001ea8     
                  00082158    00000bd9     rts2800_fpu32.lib : _printfi.obj (.text)
                  00082d31    00000585     F2837xS_DefaultISR.obj (.text:retain)
                  000832b6    0000037f     rts2800_fpu32.lib : e_powf.obj (.text)
                  00083635    000002d7     F2837xS_SysCtrl.obj (.text)
                  0008390c    00000244     F2837xS_Gpio.obj (.text)
                  00083b50    00000210     OLED.obj (.text)
                  00083d60    000001c6     PID.obj (.text)
                  00083f26    000000bc     rts2800_fpu32.lib : s_scalbn.obj (.text)
                  00083fe2    0000001e                       : ll_cmp.obj (.text)

.text.2    0    00084000    00000f2b     
                  00084000    00000107     rts2800_fpu32.lib : ll_div.obj (.text)
                  00084107    000000fd     F2837xS_EPwm.obj (.text)
                  00084204    000000e0     ADC.obj (.text:retain)
                  000842e4    000000e0     rts2800_fpu32.lib : qsort.obj (.text)
                  000843c4    000000dd     F2837xS_Adc.obj (.text)
                  000844a1    0000009c     rts2800_fpu32.lib : fd_add.obj (.text)
                  0008453d    00000097     main.obj (.text)
                  000845d4    00000096     EC11.obj (.text:retain)
                  0008466a    00000092     ADC.obj (.text)
                  000846fc    0000008b     rts2800_fpu32.lib : fd_div.obj (.text)
                  00084787    00000088                       : fs_div.obj (.text)
                  0008480f    00000083                       : fd_mpy.obj (.text)
                  00084892    0000007c     F2837xS_CpuTimers.obj (.text)
                  0008490e    00000078     EPwm.obj (.text)
                  00084986    00000067     rts2800_fpu32.lib : s_scalbnf.obj (.text)
                  000849ed    0000005b                       : s_frexp.obj (.text)
                  00084a48    00000056                       : boot.obj (.text)
                  00084a9e    00000046                       : cpy_tbl.obj (.text)
                  00084ae4    0000003c     SPI.obj (.text)
                  00084b20    00000035     Xint.obj (.text)
                  00084b55    00000032     rts2800_fpu32.lib : sprintf.obj (.text)
                  00084b87    00000031     PIE.obj (.text)
                  00084bb8    00000031     rts2800_fpu32.lib : atoi.obj (.text)
                  00084be9    0000002e                       : ltoa.obj (.text)
                  00084c17    0000002a                       : fd_cmp.obj (.text)
                  00084c41    0000002a                       : l_div.obj (.text)
                  00084c6b    00000029     F2837xS_Spi.obj (.text)
                  00084c94    00000029     rts2800_fpu32.lib : exit.obj (.text)
                  00084cbd    00000028     F2837xS_PieCtrl.obj (.text)
                  00084ce5    00000026     F2837xS_PieVect.obj (.text)
                  00084d0b    00000001     rts2800_fpu32.lib : startup.obj (.text)
                  00084d0c    00000025                       : e_sqrtf.obj (.text)
                  00084d31    00000022                       : s_copysign.obj (.text)
                  00084d53    00000021                       : fd_toi.obj (.text)
                  00084d74    0000001f                       : fd_tol.obj (.text)
                  00084d93    0000001e                       : memcpy.obj (.text)
                  00084db1    0000001d                       : i_tofd.obj (.text)
                  00084dce    0000001c                       : fs_tofd.obj (.text)
                  00084dea    0000001c                       : l_tofd.obj (.text)
                  00084e06    0000001a                       : cpy_utils.obj (.text)
                  00084e20    0000001a                       : fd_tou.obj (.text)
                  00084e3a    00000019                       : args_main.obj (.text)
                  00084e53    00000018                       : ll_aox.obj (.text)
                  00084e6b    00000016     Timer.obj (.text:retain)
                  00084e81    00000015     EPwm.obj (.text:retain)
                  00084e96    00000011     Timer.obj (.text)
                  00084ea7    00000011     rts2800_fpu32.lib : s_copysignf.obj (.text)
                  00084eb8    0000000e                       : fd_sub.obj (.text)
                  00084ec6    0000000d                       : memccpy.obj (.text)
                  00084ed3    0000000c                       : memset.obj (.text)
                  00084edf    0000000c                       : strchr.obj (.text)
                  00084eeb    0000000b                       : u_div.obj (.text)
                  00084ef6    00000009                       : _lock.obj (.text)
                  00084eff    00000009                       : fd_neg.obj (.text)
                  00084f08    00000009                       : strcat.obj (.text)
                  00084f11    00000008     F2837xS_CodeStartBranch.obj (.text)
                  00084f19    00000008     rts2800_fpu32.lib : strlen.obj (.text)
                  00084f21    00000005                       : strcpy.obj (.text)
                  00084f26    00000003     F2837xS_DBGIER.obj (.text)
                  00084f29    00000002     rts2800_fpu32.lib : pre_init.obj (.text)

.econst    0    00090000    00000d42     
                  00090000    000005f0     OLED.obj (.econst:_F8x16)
                  000905f0    00000228     OLED.obj (.econst:_F6x8)
                  00090818    000001c0     F2837xS_PieVect.obj (.econst:_PieVectTableInit)
                  000909d8    00000180     OLED.obj (.econst:_F16x16)
                  00090b58    00000101     rts2800_fpu32.lib : ctype.obj (.econst:.string:__ctypes_)
                  00090c59    00000001     --HOLE-- [fill = 0]
                  00090c5a    00000034     main.obj (.econst:.string)
                  00090c8e    00000032     rts2800_fpu32.lib : e_powf.obj (.econst)
                  00090cc0    00000026                       : _printfi.obj (.econst:.string)
                  00090ce6    0000001c                       : _printfi.obj (.econst)
                  00090d02    0000001c                       : s_scalbn.obj (.econst)
                  00090d1e    0000000a     OLED.obj (.econst:.string)
                  00090d28    00000008     rts2800_fpu32.lib : s_frexp.obj (.econst)
                  00090d30    00000006                       : s_scalbnf.obj (.econst)
                  00090d36    00000004                       : e_powf.obj (.econst:_bp)
                  00090d3a    00000004                       : e_powf.obj (.econst:_dp_h)
                  00090d3e    00000004                       : e_powf.obj (.econst:_dp_l)

AdcaResultFile 
*          1    00000b00    00000018     UNINITIALIZED
                  00000b00    00000018     F2837xS_GlobalVariableDefs.obj (AdcaResultFile)

AdcbResultFile 
*          1    00000b20    00000018     UNINITIALIZED
                  00000b20    00000018     F2837xS_GlobalVariableDefs.obj (AdcbResultFile)

AdccResultFile 
*          1    00000b40    00000018     UNINITIALIZED
                  00000b40    00000018     F2837xS_GlobalVariableDefs.obj (AdccResultFile)

AdcdResultFile 
*          1    00000b60    00000018     UNINITIALIZED
                  00000b60    00000018     F2837xS_GlobalVariableDefs.obj (AdcdResultFile)

CpuTimer0RegsFile 
*          1    00000c00    00000008     UNINITIALIZED
                  00000c00    00000008     F2837xS_GlobalVariableDefs.obj (CpuTimer0RegsFile)

CpuTimer1RegsFile 
*          1    00000c08    00000008     UNINITIALIZED
                  00000c08    00000008     F2837xS_GlobalVariableDefs.obj (CpuTimer1RegsFile)

CpuTimer2RegsFile 
*          1    00000c10    00000008     UNINITIALIZED
                  00000c10    00000008     F2837xS_GlobalVariableDefs.obj (CpuTimer2RegsFile)

PieCtrlRegsFile 
*          1    00000ce0    0000001a     UNINITIALIZED
                  00000ce0    0000001a     F2837xS_GlobalVariableDefs.obj (PieCtrlRegsFile)

PieVectTableFile 
*          1    00000d00    000001c0     UNINITIALIZED
                  00000d00    000001c0     F2837xS_GlobalVariableDefs.obj (PieVectTableFile)

EmuKeyVar 
*          1    00000d00    00000001     UNINITIALIZED
                  00000d00    00000001     F2837xS_GlobalVariableDefs.obj (EmuKeyVar)

EmuBModeVar 
*          1    00000d01    00000001     UNINITIALIZED
                  00000d01    00000001     F2837xS_GlobalVariableDefs.obj (EmuBModeVar)

FlashCallbackVar 
*          1    00000d02    00000000     UNINITIALIZED

FlashScalingVar 
*          1    00000d02    00000000     UNINITIALIZED

DmaRegsFile 
*          1    00001000    000000e0     UNINITIALIZED
                  00001000    000000e0     F2837xS_GlobalVariableDefs.obj (DmaRegsFile)

Cla1RegsFile 
*          1    00001400    0000003e     UNINITIALIZED
                  00001400    0000003e     F2837xS_GlobalVariableDefs.obj (Cla1RegsFile)

EPwm1RegsFile 
*          1    00004000    00000100     UNINITIALIZED
                  00004000    00000100     F2837xS_GlobalVariableDefs.obj (EPwm1RegsFile)

EPwm2RegsFile 
*          1    00004100    00000100     UNINITIALIZED
                  00004100    00000100     F2837xS_GlobalVariableDefs.obj (EPwm2RegsFile)

EPwm3RegsFile 
*          1    00004200    00000100     UNINITIALIZED
                  00004200    00000100     F2837xS_GlobalVariableDefs.obj (EPwm3RegsFile)

EPwm4RegsFile 
*          1    00004300    00000100     UNINITIALIZED
                  00004300    00000100     F2837xS_GlobalVariableDefs.obj (EPwm4RegsFile)

EPwm5RegsFile 
*          1    00004400    00000100     UNINITIALIZED
                  00004400    00000100     F2837xS_GlobalVariableDefs.obj (EPwm5RegsFile)

EPwm6RegsFile 
*          1    00004500    00000100     UNINITIALIZED
                  00004500    00000100     F2837xS_GlobalVariableDefs.obj (EPwm6RegsFile)

EPwm7RegsFile 
*          1    00004600    00000100     UNINITIALIZED
                  00004600    00000100     F2837xS_GlobalVariableDefs.obj (EPwm7RegsFile)

EPwm8RegsFile 
*          1    00004700    00000100     UNINITIALIZED
                  00004700    00000100     F2837xS_GlobalVariableDefs.obj (EPwm8RegsFile)

EPwm9RegsFile 
*          1    00004800    00000100     UNINITIALIZED
                  00004800    00000100     F2837xS_GlobalVariableDefs.obj (EPwm9RegsFile)

EPwm10RegsFile 
*          1    00004900    00000100     UNINITIALIZED
                  00004900    00000100     F2837xS_GlobalVariableDefs.obj (EPwm10RegsFile)

EPwm11RegsFile 
*          1    00004a00    00000100     UNINITIALIZED
                  00004a00    00000100     F2837xS_GlobalVariableDefs.obj (EPwm11RegsFile)

EPwm12RegsFile 
*          1    00004b00    00000100     UNINITIALIZED
                  00004b00    00000100     F2837xS_GlobalVariableDefs.obj (EPwm12RegsFile)

ECap1RegsFile 
*          1    00005000    00000020     UNINITIALIZED
                  00005000    00000020     F2837xS_GlobalVariableDefs.obj (ECap1RegsFile)

ECap2RegsFile 
*          1    00005020    00000020     UNINITIALIZED
                  00005020    00000020     F2837xS_GlobalVariableDefs.obj (ECap2RegsFile)

ECap3RegsFile 
*          1    00005040    00000020     UNINITIALIZED
                  00005040    00000020     F2837xS_GlobalVariableDefs.obj (ECap3RegsFile)

ECap4RegsFile 
*          1    00005060    00000020     UNINITIALIZED
                  00005060    00000020     F2837xS_GlobalVariableDefs.obj (ECap4RegsFile)

ECap5RegsFile 
*          1    00005080    00000020     UNINITIALIZED
                  00005080    00000020     F2837xS_GlobalVariableDefs.obj (ECap5RegsFile)

ECap6RegsFile 
*          1    000050a0    00000020     UNINITIALIZED
                  000050a0    00000020     F2837xS_GlobalVariableDefs.obj (ECap6RegsFile)

EQep1RegsFile 
*          1    00005100    00000022     UNINITIALIZED
                  00005100    00000022     F2837xS_GlobalVariableDefs.obj (EQep1RegsFile)

EQep2RegsFile 
*          1    00005140    00000022     UNINITIALIZED
                  00005140    00000022     F2837xS_GlobalVariableDefs.obj (EQep2RegsFile)

EQep3RegsFile 
*          1    00005180    00000022     UNINITIALIZED
                  00005180    00000022     F2837xS_GlobalVariableDefs.obj (EQep3RegsFile)

DacaRegsFile 
*          1    00005c00    00000008     UNINITIALIZED
                  00005c00    00000008     F2837xS_GlobalVariableDefs.obj (DacaRegsFile)

DacbRegsFile 
*          1    00005c10    00000008     UNINITIALIZED
                  00005c10    00000008     F2837xS_GlobalVariableDefs.obj (DacbRegsFile)

DaccRegsFile 
*          1    00005c20    00000008     UNINITIALIZED
                  00005c20    00000008     F2837xS_GlobalVariableDefs.obj (DaccRegsFile)

Cmpss1RegsFile 
*          1    00005c80    00000020     UNINITIALIZED
                  00005c80    00000020     F2837xS_GlobalVariableDefs.obj (Cmpss1RegsFile)

Cmpss2RegsFile 
*          1    00005ca0    00000020     UNINITIALIZED
                  00005ca0    00000020     F2837xS_GlobalVariableDefs.obj (Cmpss2RegsFile)

Cmpss3RegsFile 
*          1    00005cc0    00000020     UNINITIALIZED
                  00005cc0    00000020     F2837xS_GlobalVariableDefs.obj (Cmpss3RegsFile)

Cmpss4RegsFile 
*          1    00005ce0    00000020     UNINITIALIZED
                  00005ce0    00000020     F2837xS_GlobalVariableDefs.obj (Cmpss4RegsFile)

Cmpss5RegsFile 
*          1    00005d00    00000020     UNINITIALIZED
                  00005d00    00000020     F2837xS_GlobalVariableDefs.obj (Cmpss5RegsFile)

Cmpss6RegsFile 
*          1    00005d20    00000020     UNINITIALIZED
                  00005d20    00000020     F2837xS_GlobalVariableDefs.obj (Cmpss6RegsFile)

Cmpss7RegsFile 
*          1    00005d40    00000020     UNINITIALIZED
                  00005d40    00000020     F2837xS_GlobalVariableDefs.obj (Cmpss7RegsFile)

Cmpss8RegsFile 
*          1    00005d60    00000020     UNINITIALIZED
                  00005d60    00000020     F2837xS_GlobalVariableDefs.obj (Cmpss8RegsFile)

AdcaRegsFile 
*          1    00007400    00000080     UNINITIALIZED
                  00007400    00000080     F2837xS_GlobalVariableDefs.obj (AdcaRegsFile)

AdcbRegsFile 
*          1    00007480    00000080     UNINITIALIZED
                  00007480    00000080     F2837xS_GlobalVariableDefs.obj (AdcbRegsFile)

AdccRegsFile 
*          1    00007500    00000080     UNINITIALIZED
                  00007500    00000080     F2837xS_GlobalVariableDefs.obj (AdccRegsFile)

AdcdRegsFile 
*          1    00007580    00000080     UNINITIALIZED
                  00007580    00000080     F2837xS_GlobalVariableDefs.obj (AdcdRegsFile)

AnalogSubsysRegsFile 
*          1    0005d180    00000048     UNINITIALIZED
                  0005d180    00000048     F2837xS_GlobalVariableDefs.obj (AnalogSubsysRegsFile)

Cla1SoftIntRegsFile 
*          1    00000ce0    00000004     DSECT
                  00000ce0    00000004     F2837xS_GlobalVariableDefs.obj (Cla1SoftIntRegsFile)

Sdfm1RegsFile 
*          1    00005e00    00000080     UNINITIALIZED
                  00005e00    00000080     F2837xS_GlobalVariableDefs.obj (Sdfm1RegsFile)

Sdfm2RegsFile 
*          1    00005e80    00000080     UNINITIALIZED
                  00005e80    00000080     F2837xS_GlobalVariableDefs.obj (Sdfm2RegsFile)

McbspaRegsFile 
*          1    00006000    00000024     UNINITIALIZED
                  00006000    00000024     F2837xS_GlobalVariableDefs.obj (McbspaRegsFile)

McbspbRegsFile 
*          1    00006040    00000024     UNINITIALIZED
                  00006040    00000024     F2837xS_GlobalVariableDefs.obj (McbspbRegsFile)

SpiaRegsFile 
*          1    00006100    00000010     UNINITIALIZED
                  00006100    00000010     F2837xS_GlobalVariableDefs.obj (SpiaRegsFile)

SpibRegsFile 
*          1    00006110    00000010     UNINITIALIZED
                  00006110    00000010     F2837xS_GlobalVariableDefs.obj (SpibRegsFile)

SpicRegsFile 
*          1    00006120    00000010     UNINITIALIZED
                  00006120    00000010     F2837xS_GlobalVariableDefs.obj (SpicRegsFile)

UppRegsFile 
*          1    00006200    00000048     UNINITIALIZED
                  00006200    00000048     F2837xS_GlobalVariableDefs.obj (UppRegsFile)

WdRegsFile 
*          1    00007000    0000002b     UNINITIALIZED
                  00007000    0000002b     F2837xS_GlobalVariableDefs.obj (WdRegsFile)

NmiIntruptRegsFile 
*          1    00007060    00000007     UNINITIALIZED
                  00007060    00000007     F2837xS_GlobalVariableDefs.obj (NmiIntruptRegsFile)

XintRegsFile 
*          1    00007070    0000000b     UNINITIALIZED
                  00007070    0000000b     F2837xS_GlobalVariableDefs.obj (XintRegsFile)

SciaRegsFile 
*          1    00007200    00000010     UNINITIALIZED
                  00007200    00000010     F2837xS_GlobalVariableDefs.obj (SciaRegsFile)

ScibRegsFile 
*          1    00007210    00000010     UNINITIALIZED
                  00007210    00000010     F2837xS_GlobalVariableDefs.obj (ScibRegsFile)

ScicRegsFile 
*          1    00007220    00000010     UNINITIALIZED
                  00007220    00000010     F2837xS_GlobalVariableDefs.obj (ScicRegsFile)

ScidRegsFile 
*          1    00007230    00000010     UNINITIALIZED
                  00007230    00000010     F2837xS_GlobalVariableDefs.obj (ScidRegsFile)

I2caRegsFile 
*          1    00007300    00000022     UNINITIALIZED
                  00007300    00000022     F2837xS_GlobalVariableDefs.obj (I2caRegsFile)

I2cbRegsFile 
*          1    00007340    00000022     UNINITIALIZED
                  00007340    00000022     F2837xS_GlobalVariableDefs.obj (I2cbRegsFile)

InputXbarRegsFile 
*          1    00007900    00000020     UNINITIALIZED
                  00007900    00000020     F2837xS_GlobalVariableDefs.obj (InputXbarRegsFile)

XbarRegsFile 
*          1    00007920    00000020     UNINITIALIZED
                  00007920    00000020     F2837xS_GlobalVariableDefs.obj (XbarRegsFile)

SyncSocRegsFile 
*          1    00007940    00000006     UNINITIALIZED
                  00007940    00000006     F2837xS_GlobalVariableDefs.obj (SyncSocRegsFile)

DmaClaSrcSelRegsFile 
*          1    00007980    0000001a     UNINITIALIZED
                  00007980    0000001a     F2837xS_GlobalVariableDefs.obj (DmaClaSrcSelRegsFile)

EPwmXbarRegsFile 
*          1    00007a00    00000040     UNINITIALIZED
                  00007a00    00000040     F2837xS_GlobalVariableDefs.obj (EPwmXbarRegsFile)

OutputXbarRegsFile 
*          1    00007a80    00000040     UNINITIALIZED
                  00007a80    00000040     F2837xS_GlobalVariableDefs.obj (OutputXbarRegsFile)

GpioCtrlRegsFile 
*          1    00007c00    00000180     UNINITIALIZED
                  00007c00    00000180     F2837xS_GlobalVariableDefs.obj (GpioCtrlRegsFile)

GpioDataRegsFile 
*          1    00007f00    00000030     UNINITIALIZED
                  00007f00    00000030     F2837xS_GlobalVariableDefs.obj (GpioDataRegsFile)

.ebss.1    1    0000a800    000001b8     UNINITIALIZED
                  0000a800    0000010c     ADC.obj (.ebss)
                  0000a90c    00000018     F2837xS_CpuTimers.obj (.ebss)
                  0000a924    00000006     F2837xS_TempSensorConv.obj (.ebss)
                  0000a92a    00000006     main.obj (.ebss)
                  0000a930    00000006     rts2800_fpu32.lib : exit.obj (.ebss)
                  0000a936    00000002     Timer.obj (.ebss)
                  0000a938    00000002     rts2800_fpu32.lib : _lock.obj (.ebss:__lock)
                  0000a93a    00000002                       : _lock.obj (.ebss:__unlock)
                  0000a93c    00000001     EC11.obj (.ebss)
                  0000a93d    00000001     F2837xS_sci_io.obj (.ebss)
                  0000a93e    00000001     SPI.obj (.ebss)
                  0000a93f    00000001     rts2800_fpu32.lib : errno.obj (.ebss)
                  0000a940    00000078     F2837xS_struct.obj (.ebss)

.ebss.2    1    0000a9c0    00000058     UNINITIALIZED
                  0000a9c0    00000058     PID.obj (.ebss)

Emif1RegsFile 
*          1    00047000    00000070     UNINITIALIZED
                  00047000    00000070     F2837xS_GlobalVariableDefs.obj (Emif1RegsFile)

Emif2RegsFile 
*          1    00047800    00000070     UNINITIALIZED
                  00047800    00000070     F2837xS_GlobalVariableDefs.obj (Emif2RegsFile)

FlashPumpSemaphoreRegsFile 
*          1    00050024    00000002     UNINITIALIZED
                  00050024    00000002     F2837xS_GlobalVariableDefs.obj (FlashPumpSemaphoreRegsFile)

DevCfgRegsFile 
*          1    0005d000    0000012e     UNINITIALIZED
                  0005d000    0000012e     F2837xS_GlobalVariableDefs.obj (DevCfgRegsFile)

ClkCfgRegsFile 
*          1    0005d200    00000032     UNINITIALIZED
                  0005d200    00000032     F2837xS_GlobalVariableDefs.obj (ClkCfgRegsFile)

CpuSysRegsFile 
*          1    0005d300    00000082     UNINITIALIZED
                  0005d300    00000082     F2837xS_GlobalVariableDefs.obj (CpuSysRegsFile)

RomPrefetchRegsFile 
*          1    0005e608    00000002     UNINITIALIZED
                  0005e608    00000002     F2837xS_GlobalVariableDefs.obj (RomPrefetchRegsFile)

DcsmZ1RegsFile 
*          1    0005f000    00000024     UNINITIALIZED
                  0005f000    00000024     F2837xS_GlobalVariableDefs.obj (DcsmZ1RegsFile)

DcsmZ2RegsFile 
*          1    0005f040    00000024     UNINITIALIZED
                  0005f040    00000024     F2837xS_GlobalVariableDefs.obj (DcsmZ2RegsFile)

DcsmCommonRegsFile 
*          1    0005f070    00000008     UNINITIALIZED
                  0005f070    00000008     F2837xS_GlobalVariableDefs.obj (DcsmCommonRegsFile)

MemCfgRegsFile 
*          1    0005f400    00000080     UNINITIALIZED
                  0005f400    00000080     F2837xS_GlobalVariableDefs.obj (MemCfgRegsFile)

Emif1ConfigRegsFile 
*          1    0005f480    00000020     UNINITIALIZED
                  0005f480    00000020     F2837xS_GlobalVariableDefs.obj (Emif1ConfigRegsFile)

Emif2ConfigRegsFile 
*          1    0005f4a0    00000020     UNINITIALIZED
                  0005f4a0    00000020     F2837xS_GlobalVariableDefs.obj (Emif2ConfigRegsFile)

AccessProtectionRegsFile 
*          1    0005f4c0    00000040     UNINITIALIZED
                  0005f4c0    00000040     F2837xS_GlobalVariableDefs.obj (AccessProtectionRegsFile)

MemoryErrorRegsFile 
*          1    0005f500    00000040     UNINITIALIZED
                  0005f500    00000040     F2837xS_GlobalVariableDefs.obj (MemoryErrorRegsFile)

RomWaitStateRegsFile 
*          1    0005f540    00000002     UNINITIALIZED
                  0005f540    00000002     F2837xS_GlobalVariableDefs.obj (RomWaitStateRegsFile)

Flash0CtrlRegsFile 
*          1    0005f800    00000182     UNINITIALIZED
                  0005f800    00000182     F2837xS_GlobalVariableDefs.obj (Flash0CtrlRegsFile)

Flash0EccRegsFile 
*          1    0005fb00    00000028     UNINITIALIZED
                  0005fb00    00000028     F2837xS_GlobalVariableDefs.obj (Flash0EccRegsFile)

Flash1CtrlRegsFile 
*          1    0005fc00    00000182     UNINITIALIZED
                  0005fc00    00000182     F2837xS_GlobalVariableDefs.obj (Flash1CtrlRegsFile)

Flash1EccRegsFile 
*          1    0005ff00    00000028     UNINITIALIZED
                  0005ff00    00000028     F2837xS_GlobalVariableDefs.obj (Flash1EccRegsFile)

DcsmZ1OtpFile 
*          1    00078000    00000020     NOLOAD SECTION
                  00078000    00000020     F2837xS_GlobalVariableDefs.obj (DcsmZ1OtpFile)

DcsmZ2OtpFile 
*          1    00078200    00000020     NOLOAD SECTION
                  00078200    00000020     F2837xS_GlobalVariableDefs.obj (DcsmZ2OtpFile)

MODULE SUMMARY

       Module                           code    ro data   rw data
       ------                           ----    -------   -------
    .\
       main.obj                         151     0         58     
    +--+--------------------------------+-------+---------+---------+
       Total:                           151     0         58     
                                                                 
    .\F2837xS\F2837xS_common\source\
       F2837xS_DefaultISR.obj           1413    0         0      
       F2837xS_SysCtrl.obj              947     0         0      
       F2837xS_Gpio.obj                 580     0         0      
       F2837xS_PieVect.obj              38      0         448    
       F2837xS_struct.obj               0       0         264    
       F2837xS_EPwm.obj                 253     0         0      
       F2837xS_Adc.obj                  221     0         0      
       F2837xS_CpuTimers.obj            124     0         24     
       F2837xS_Spi.obj                  41      0         0      
       F2837xS_PieCtrl.obj              40      0         0      
       F2837xS_CodeStartBranch.obj      10      0         0      
       F2837xS_usDelay.obj              8       0         0      
       F2837xS_TempSensorConv.obj       0       0         6      
       F2837xS_sci_io.obj               0       0         5      
       F2837xS_DBGIER.obj               3       0         0      
    +--+--------------------------------+-------+---------+---------+
       Total:                           3678    0         747    
                                                                 
    .\F2837xS\F2837xS_headers\source\
       F2837xS_GlobalVariableDefs.obj   0       0         8437   
    +--+--------------------------------+-------+---------+---------+
       Total:                           0       0         8437   
                                                                 
    .\User\src\
       OLED.obj                         528     0         2466   
       PID.obj                          454     0         242    
       ADC.obj                          370     0         268    
       EC11.obj                         150     0         5      
       EPwm.obj                         141     0         0      
       SPI.obj                          60      0         1      
       Xint.obj                         53      0         0      
       PIE.obj                          49      0         0      
       Timer.obj                        39      0         7      
    +--+--------------------------------+-------+---------+---------+
       Total:                           1844    0         2989   
                                                                 
    C:/IDEs/ti/ti-cgt-c2000_16.6.0.STS/lib/rts2800_fpu32.lib
       _printfi.obj                     3033    0         66     
       e_powf.obj                       895     0         62     
       ll_div.obj                       263     0         0      
       ctype.obj                        0       0         257    
       qsort.obj                        224     0         0      
       s_scalbn.obj                     188     0         28     
       fd_add.obj                       156     0         0      
       fd_div.obj                       139     0         0      
       fs_div.obj                       136     0         0      
       fd_mpy.obj                       131     0         0      
       s_scalbnf.obj                    103     0         6      
       s_frexp.obj                      91      0         8      
       boot.obj                         86      0         0      
       cpy_tbl.obj                      70      0         0      
       exit.obj                         41      0         20     
       sprintf.obj                      50      0         0      
       atoi.obj                         49      0         0      
       ltoa.obj                         46      0         0      
       fd_cmp.obj                       42      0         0      
       l_div.obj                        42      0         0      
       e_sqrtf.obj                      37      0         0      
       s_copysign.obj                   34      0         0      
       fd_toi.obj                       33      0         0      
       fd_tol.obj                       31      0         0      
       ll_cmp.obj                       30      0         0      
       memcpy.obj                       30      0         0      
       i_tofd.obj                       29      0         0      
       fs_tofd.obj                      28      0         0      
       l_tofd.obj                       28      0         0      
       cpy_utils.obj                    26      0         0      
       fd_tou.obj                       26      0         0      
       args_main.obj                    25      0         0      
       ll_aox.obj                       24      0         0      
       _lock.obj                        9       0         14     
       s_copysignf.obj                  17      0         0      
       fd_sub.obj                       14      0         0      
       memccpy.obj                      13      0         0      
       memset.obj                       12      0         0      
       strchr.obj                       12      0         0      
       u_div.obj                        11      0         0      
       fd_neg.obj                       9       0         0      
       strcat.obj                       9       0         0      
       strlen.obj                       8       0         0      
       errno.obj                        0       0         5      
       strcpy.obj                       5       0         0      
       pre_init.obj                     2       0         0      
       startup.obj                      1       0         0      
    +--+--------------------------------+-------+---------+---------+
       Total:                           6288    0         466    
                                                                 
       Stack:                           0       0         256    
    +--+--------------------------------+-------+---------+---------+
       Grand Total:                     11961   0         12953  


GLOBAL DATA SYMBOLS: SORTED BY DATA PAGE

address     data page           name
--------    ----------------    ----
00000400      10 (00000400)     __stack

00000b00      2c (00000b00)     _AdcaResultRegs
00000b20      2c (00000b00)     _AdcbResultRegs

00000b40      2d (00000b40)     _AdccResultRegs
00000b60      2d (00000b40)     _AdcdResultRegs

00000c00      30 (00000c00)     _CpuTimer0Regs
00000c08      30 (00000c00)     _CpuTimer1Regs
00000c10      30 (00000c00)     _CpuTimer2Regs

00000ce0      33 (00000cc0)     _Cla1SoftIntRegs
00000ce0      33 (00000cc0)     _PieCtrlRegs

00000d00      34 (00000d00)     _EmuKey
00000d00      34 (00000d00)     _PieVectTable
00000d01      34 (00000d00)     _EmuBMode

00001000      40 (00001000)     _DmaRegs

00001400      50 (00001400)     _Cla1Regs

00004000     100 (00004000)     _EPwm1Regs

00004100     104 (00004100)     _EPwm2Regs

00004200     108 (00004200)     _EPwm3Regs

00004300     10c (00004300)     _EPwm4Regs

00004400     110 (00004400)     _EPwm5Regs

00004500     114 (00004500)     _EPwm6Regs

00004600     118 (00004600)     _EPwm7Regs

00004700     11c (00004700)     _EPwm8Regs

00004800     120 (00004800)     _EPwm9Regs

00004900     124 (00004900)     _EPwm10Regs

00004a00     128 (00004a00)     _EPwm11Regs

00004b00     12c (00004b00)     _EPwm12Regs

00005000     140 (00005000)     _ECap1Regs
00005020     140 (00005000)     _ECap2Regs

00005040     141 (00005040)     _ECap3Regs
00005060     141 (00005040)     _ECap4Regs

00005080     142 (00005080)     _ECap5Regs
000050a0     142 (00005080)     _ECap6Regs

00005100     144 (00005100)     _EQep1Regs

00005140     145 (00005140)     _EQep2Regs

00005180     146 (00005180)     _EQep3Regs

00005c00     170 (00005c00)     _DacaRegs
00005c10     170 (00005c00)     _DacbRegs
00005c20     170 (00005c00)     _DaccRegs

00005c80     172 (00005c80)     _Cmpss1Regs
00005ca0     172 (00005c80)     _Cmpss2Regs

00005cc0     173 (00005cc0)     _Cmpss3Regs
00005ce0     173 (00005cc0)     _Cmpss4Regs

00005d00     174 (00005d00)     _Cmpss5Regs
00005d20     174 (00005d00)     _Cmpss6Regs

00005d40     175 (00005d40)     _Cmpss7Regs
00005d60     175 (00005d40)     _Cmpss8Regs

00005e00     178 (00005e00)     _Sdfm1Regs

00005e80     17a (00005e80)     _Sdfm2Regs

00006000     180 (00006000)     _McbspaRegs

00006040     181 (00006040)     _McbspbRegs

00006100     184 (00006100)     _SpiaRegs
00006110     184 (00006100)     _SpibRegs
00006120     184 (00006100)     _SpicRegs

00006200     188 (00006200)     _UppRegs

00007000     1c0 (00007000)     _WdRegs

00007060     1c1 (00007040)     _NmiIntruptRegs
00007070     1c1 (00007040)     _XintRegs

00007200     1c8 (00007200)     _SciaRegs
00007210     1c8 (00007200)     _ScibRegs
00007220     1c8 (00007200)     _ScicRegs
00007230     1c8 (00007200)     _ScidRegs

00007300     1cc (00007300)     _I2caRegs

00007340     1cd (00007340)     _I2cbRegs

00007400     1d0 (00007400)     _AdcaRegs

00007480     1d2 (00007480)     _AdcbRegs

00007500     1d4 (00007500)     _AdccRegs

00007580     1d6 (00007580)     _AdcdRegs

00007900     1e4 (00007900)     _InputXbarRegs
00007920     1e4 (00007900)     _XbarRegs

00007940     1e5 (00007940)     _SyncSocRegs

00007980     1e6 (00007980)     _DmaClaSrcSelRegs

00007a00     1e8 (00007a00)     _EPwmXbarRegs

00007a80     1ea (00007a80)     _OutputXbarRegs

00007c00     1f0 (00007c00)     _GpioCtrlRegs

00007f00     1fc (00007f00)     _GpioDataRegs

0000a800     2a0 (0000a800)     _aaa
0000a802     2a0 (0000a800)     _bbb

0000a840     2a1 (0000a840)     _ADCData

0000a90c     2a4 (0000a900)     _CpuTimer1
0000a914     2a4 (0000a900)     _CpuTimer2
0000a91c     2a4 (0000a900)     _CpuTimer0
0000a924     2a4 (0000a900)     _tempSensor_tempOffset
0000a926     2a4 (0000a900)     _tempSensor_tempSlope
0000a928     2a4 (0000a900)     _tempSensor_scaleFactor
0000a92a     2a4 (0000a900)     _t
0000a92c     2a4 (0000a900)     _I_now
0000a930     2a4 (0000a900)     ___TI_enable_exit_profile_output
0000a932     2a4 (0000a900)     ___TI_cleanup_ptr
0000a934     2a4 (0000a900)     ___TI_dtors_ptr
0000a936     2a4 (0000a900)     _micros
0000a938     2a4 (0000a900)     __lock
0000a93a     2a4 (0000a900)     __unlock
0000a93c     2a4 (0000a900)     _EC11_Flag
0000a93d     2a4 (0000a900)     _deviceOpen
0000a93e     2a4 (0000a900)     _DataType
0000a93f     2a4 (0000a900)     _errno

0000a940     2a5 (0000a940)     _SCI
0000a944     2a5 (0000a940)     _MCBSP
0000a948     2a5 (0000a940)     _I2C
0000a94c     2a5 (0000a940)     _SDFM
0000a952     2a5 (0000a940)     _EQEP
0000a95a     2a5 (0000a940)     _SPI
0000a962     2a5 (0000a940)     _ADC
0000a96c     2a5 (0000a940)     _ECAP

0000a980     2a6 (0000a980)     _EPWM
0000a99a     2a6 (0000a980)     _TRIP_SEL

0000a9c0     2a7 (0000a9c0)     _Ki2
0000a9c4     2a7 (0000a9c0)     _Kd2
0000a9c8     2a7 (0000a9c0)     _Kp2
0000a9cc     2a7 (0000a9c0)     _Set_Inside
0000a9d0     2a7 (0000a9c0)     _Output_Inside
0000a9d4     2a7 (0000a9c0)     _dError
0000a9d8     2a7 (0000a9c0)     _Set_Outside
0000a9dc     2a7 (0000a9c0)     _Output_Outside
0000a9e0     2a7 (0000a9c0)     _dError2
0000a9e4     2a7 (0000a9c0)     _pError_Last2
0000a9e8     2a7 (0000a9c0)     _iTerm2
0000a9ec     2a7 (0000a9c0)     _pError2
0000a9f0     2a7 (0000a9c0)     _Output_Outside_Max
0000a9f4     2a7 (0000a9c0)     _Output_Outside_Min
0000a9f8     2a7 (0000a9c0)     _Output_Inside_Min
0000a9fc     2a7 (0000a9c0)     _Output_Inside_Max

0000aa00     2a8 (0000aa00)     _pError_Last
0000aa04     2a8 (0000aa00)     _iTerm
0000aa08     2a8 (0000aa00)     _pError
0000aa0c     2a8 (0000aa00)     _Ki
0000aa10     2a8 (0000aa00)     _Kd
0000aa14     2a8 (0000aa00)     _Kp

00047000    11c0 (00047000)     _Emif1Regs

00047800    11e0 (00047800)     _Emif2Regs

00050024    1400 (00050000)     _FlashPumpSemaphoreRegs

0005d000    1740 (0005d000)     _DevCfgRegs

0005d180    1746 (0005d180)     _AnalogSubsysRegs

0005d200    1748 (0005d200)     _ClkCfgRegs

0005d300    174c (0005d300)     _CpuSysRegs

0005e608    1798 (0005e600)     _RomPrefetchRegs

0005f000    17c0 (0005f000)     _DcsmZ1Regs

0005f040    17c1 (0005f040)     _DcsmZ2Regs
0005f070    17c1 (0005f040)     _DcsmCommonRegs

0005f400    17d0 (0005f400)     _MemCfgRegs

0005f480    17d2 (0005f480)     _Emif1ConfigRegs
0005f4a0    17d2 (0005f480)     _Emif2ConfigRegs

0005f4c0    17d3 (0005f4c0)     _AccessProtectionRegs

0005f500    17d4 (0005f500)     _MemoryErrorRegs

0005f540    17d5 (0005f540)     _RomWaitStateRegs

0005f800    17e0 (0005f800)     _Flash0CtrlRegs

0005fb00    17ec (0005fb00)     _Flash0EccRegs

0005fc00    17f0 (0005fc00)     _Flash1CtrlRegs

0005ff00    17fc (0005ff00)     _Flash1EccRegs

00078000    1e00 (00078000)     _DcsmZ1Otp

00078200    1e08 (00078200)     _DcsmZ2Otp

00090000    2400 (00090000)     _F8x16

000905f0    2417 (000905c0)     _F6x8

00090818    2420 (00090800)     _PieVectTableInit

000909d8    2427 (000909c0)     _F16x16

00090b58    242d (00090b40)     __ctypes_


GLOBAL SYMBOLS: SORTED ALPHABETICALLY BY Name 

page  address   name                                  
----  -------   ----                                  
abs   ffffffff  .text                                 
0     00084c94  C$$EXIT                               
0     000844a1  FD$$ADD                               
0     00084c17  FD$$CMP                               
0     000846fc  FD$$DIV                               
0     0008480f  FD$$MPY                               
0     00084eff  FD$$NEG                               
0     00084eb8  FD$$SUB                               
0     00084d53  FD$$TOI                               
0     00084d74  FD$$TOL                               
0     00084e20  FD$$TOU                               
0     00084787  FS$$DIV                               
0     00084dce  FS$$TOFD                              
0     00084db1  I$$TOFD                               
0     00084c41  L$$DIV                                
0     00084c50  L$$MOD                                
0     00084dea  L$$TOFD                               
0     00084e53  LL$$AND                               
0     00083fe2  LL$$CMP                               
0     00084000  LL$$DIV                               
0     0008403c  LL$$MOD                               
0     00084e5b  LL$$OR                                
0     00084e63  LL$$XOR                               
0     00084eeb  U$$DIV                                
0     00084ef0  U$$MOD                                
0     00084c5e  UL$$DIV                               
0     00084c65  UL$$MOD                               
0     00083ff4  ULL$$CMP                              
0     00084076  ULL$$DIV                              
0     000840a5  ULL$$MOD                              
1     0000a962  _ADC                                  
0     00082def  _ADCA1_ISR                            
0     0008306f  _ADCA2_ISR                            
0     00083079  _ADCA3_ISR                            
0     00083083  _ADCA4_ISR                            
0     00083065  _ADCA_EVT_ISR                         
0     00082df9  _ADCB1_ISR                            
0     00083097  _ADCB2_ISR                            
0     000830a1  _ADCB3_ISR                            
0     000830ab  _ADCB4_ISR                            
0     0008308d  _ADCB_EVT_ISR                         
0     00082e03  _ADCC1_ISR                            
0     000831ff  _ADCC2_ISR                            
0     00083209  _ADCC3_ISR                            
0     00083213  _ADCC4_ISR                            
0     000831f5  _ADCC_EVT_ISR                         
0     00082e21  _ADCD1_ISR                            
0     00083227  _ADCD2_ISR                            
0     00083231  _ADCD3_ISR                            
0     0008323b  _ADCD4_ISR                            
0     0008321d  _ADCD_EVT_ISR                         
1     0000a840  _ADCData                              
0     000846de  _ADC_GetData                          
0     0008466a  _ADC_Init                             
0     00083277  _AUX_PLL_SLIP_ISR                     
1     0005f4c0  _AccessProtectionRegs                 
0     000843c4  _AdcSetMode                           
1     00007400  _AdcaRegs                             
1     00000b00  _AdcaResultRegs                       
1     00007480  _AdcbRegs                             
1     00000b20  _AdcbResultRegs                       
1     00007500  _AdccRegs                             
1     00000b40  _AdccResultRegs                       
1     00007580  _AdcdRegs                             
1     00000b60  _AdcdResultRegs                       
1     0005d180  _AnalogSubsysRegs                     
0     000838c9  _AuxAuxClkSel                         
0     000838b3  _AuxIntOsc2Sel                        
0     000838bd  _AuxXtalOscSel                        
0     0008303d  _CANA0_ISR                            
0     00083047  _CANA1_ISR                            
0     00083051  _CANB0_ISR                            
0     0008305b  _CANB1_ISR                            
0     000830b5  _CLA1_1_ISR                           
0     000830bf  _CLA1_2_ISR                           
0     000830c9  _CLA1_3_ISR                           
0     000830d3  _CLA1_4_ISR                           
0     000830dd  _CLA1_5_ISR                           
0     000830e7  _CLA1_6_ISR                           
0     000830f1  _CLA1_7_ISR                           
0     000830fb  _CLA1_8_ISR                           
0     00083281  _CLA_OVERFLOW_ISR                     
0     0008328b  _CLA_UNDERFLOW_ISR                    
0     00084467  _CalAdcINL                            
1     00001400  _Cla1Regs                             
0     00000ce0  _Cla1SoftIntRegs                      
1     0005d200  _ClkCfgRegs                           
1     00005c80  _Cmpss1Regs                           
1     00005ca0  _Cmpss2Regs                           
1     00005cc0  _Cmpss3Regs                           
1     00005ce0  _Cmpss4Regs                           
1     00005d00  _Cmpss5Regs                           
1     00005d20  _Cmpss6Regs                           
1     00005d40  _Cmpss7Regs                           
1     00005d60  _Cmpss8Regs                           
0     000848d3  _ConfigCpuTimer                       
0     000846ae  _ConfigureADC                         
1     0005d300  _CpuSysRegs                           
1     0000a91c  _CpuTimer0                            
1     00000c00  _CpuTimer0Regs                        
1     0000a90c  _CpuTimer1                            
1     00000c08  _CpuTimer1Regs                        
1     0000a914  _CpuTimer2                            
1     00000c10  _CpuTimer2Regs                        
0     00083872  _CsmUnlock                            
0     00082d45  _DATALOG_ISR                          
0     00082f89  _DMA_CH1_ISR                          
0     00082f93  _DMA_CH2_ISR                          
0     00082f9d  _DMA_CH3_ISR                          
0     00082fa7  _DMA_CH4_ISR                          
0     00082fb1  _DMA_CH5_ISR                          
0     00082fbb  _DMA_CH6_ISR                          
1     00005c00  _DacaRegs                             
1     00005c10  _DacbRegs                             
1     00005c20  _DaccRegs                             
1     0000a93e  _DataType                             
1     0005f070  _DcsmCommonRegs                       
1     00078000  _DcsmZ1Otp                            
1     0005f000  _DcsmZ1Regs                           
1     00078200  _DcsmZ2Otp                            
1     0005f040  _DcsmZ2Regs                           
1     0005d000  _DevCfgRegs                           
0     00083744  _DisableDog                           
0     000836f6  _DisablePeripheralClocks              
1     00007980  _DmaClaSrcSelRegs                     
1     00001000  _DmaRegs                              
0     000845c9  _EC11_Anticlockwise                   
0     000845b3  _EC11_Clockwise                       
1     0000a93c  _EC11_Flag                            
0     000845a8  _EC11_Key_Click                       
0     000845be  _EC11_Key_Press                       
1     0000a96c  _ECAP                                 
0     00082edf  _ECAP1_ISR                            
0     00082ee9  _ECAP2_ISR                            
0     00082ef3  _ECAP3_ISR                            
0     00082efd  _ECAP4_ISR                            
0     00082f07  _ECAP5_ISR                            
0     00082f11  _ECAP6_ISR                            
1     00005000  _ECap1Regs                            
1     00005020  _ECap2Regs                            
1     00005040  _ECap3Regs                            
1     00005060  _ECap4Regs                            
1     00005080  _ECap5Regs                            
1     000050a0  _ECap6Regs                            
0     00083245  _EMIF_ERROR_ISR                       
0     0008329f  _EMPTY_ISR                            
0     00082d59  _EMU_ISR                              
1     0000a980  _EPWM                                 
0     0008319b  _EPWM10_ISR                           
0     00083173  _EPWM10_TZ_ISR                        
0     000831a5  _EPWM11_ISR                           
0     0008317d  _EPWM11_TZ_ISR                        
0     000831af  _EPWM12_ISR                           
0     00083187  _EPWM12_TZ_ISR                        
0     00082e8f  _EPWM1_ISR                            
0     00082e3f  _EPWM1_TZ_ISR                         
0     00082e99  _EPWM2_ISR                            
0     00082e49  _EPWM2_TZ_ISR                         
0     00082ea3  _EPWM3_ISR                            
0     00082e53  _EPWM3_TZ_ISR                         
0     00082ead  _EPWM4_ISR                            
0     00082e5d  _EPWM4_TZ_ISR                         
0     00082eb7  _EPWM5_ISR                            
0     00082e67  _EPWM5_TZ_ISR                         
0     00082ec1  _EPWM6_ISR                            
0     00082e71  _EPWM6_TZ_ISR                         
0     00082ecb  _EPWM7_ISR                            
0     00082e7b  _EPWM7_TZ_ISR                         
0     00082ed5  _EPWM8_ISR                            
0     00082e85  _EPWM8_TZ_ISR                         
0     00083191  _EPWM9_ISR                            
0     00083169  _EPWM9_TZ_ISR                         
1     00004900  _EPwm10Regs                           
1     00004a00  _EPwm11Regs                           
1     00004b00  _EPwm12Regs                           
1     00004000  _EPwm1Regs                            
1     00004100  _EPwm2Regs                            
1     00004200  _EPwm3Regs                            
1     00004300  _EPwm4Regs                            
1     00004400  _EPwm5Regs                            
1     00004500  _EPwm6Regs                            
1     00004600  _EPwm7Regs                            
1     00004700  _EPwm8Regs                            
1     00004800  _EPwm9Regs                            
1     00007a00  _EPwmXbarRegs                         
1     0000a952  _EQEP                                 
0     00082f1b  _EQEP1_ISR                            
0     00082f25  _EQEP2_ISR                            
0     00082f2f  _EQEP3_ISR                            
1     00005100  _EQep1Regs                            
1     00005140  _EQep2Regs                            
1     00005180  _EQep3Regs                            
1     0005f480  _Emif1ConfigRegs                      
1     00047000  _Emif1Regs                            
1     0005f4a0  _Emif2ConfigRegs                      
1     00047800  _Emif2Regs                            
1     00000d01  _EmuBMode                             
1     00000d00  _EmuKey                               
0     00084cdc  _EnableInterrupts                     
0     0008490e  _Epwm2_Init                           
0     00084972  _Epwm2_Update                         
0     000909d8  _F16x16                               
0     0000806e  _F28x_usDelay                         
0     000905f0  _F6x8                                 
0     00090000  _F8x16                                
0     00083259  _FLASH_CORRECTABLE_ERROR_ISR          
0     0008312d  _FPU_OVERFLOW_ISR                     
0     00083137  _FPU_UNDERFLOW_ISR                    
1     0005f800  _Flash0CtrlRegs                       
1     0005fb00  _Flash0EccRegs                        
1     0005fc00  _Flash1CtrlRegs                       
1     0005ff00  _Flash1EccRegs                        
0     00008052  _FlashOff_Bank0                       
0     00008060  _FlashOff_Bank1                       
1     00050024  _FlashPumpSemaphoreRegs               
0     00083b05  _GPIO_EnableUnbondedIOPullups         
0     00083ae0  _GPIO_EnableUnbondedIOPullupsFor100Pin
0     00083ac7  _GPIO_EnableUnbondedIOPullupsFor176Pin
0     00083b1b  _GPIO_ReadPin                         
0     00083a6c  _GPIO_SetupLock                       
0     0008394c  _GPIO_SetupPinMux                     
0     000839d8  _GPIO_SetupPinOptions                 
0     00083a95  _GPIO_SetupXINT1Gpio                  
0     00083a9f  _GPIO_SetupXINT2Gpio                  
0     00083aa9  _GPIO_SetupXINT3Gpio                  
0     00083ab3  _GPIO_SetupXINT4Gpio                  
0     00083abd  _GPIO_SetupXINT5Gpio                  
0     00083b32  _GPIO_WritePin                        
1     00007c00  _GpioCtrlRegs                         
1     00007f00  _GpioDataRegs                         
0     000838e7  _HALT                                 
0     000838f8  _HIB                                  
1     0000a948  _I2C                                  
0     00082fcf  _I2CA_FIFO_ISR                        
0     00082fc5  _I2CA_ISR                             
0     00082fe3  _I2CB_FIFO_ISR                        
0     00082fd9  _I2CB_ISR                             
1     00007300  _I2caRegs                             
1     00007340  _I2cbRegs                             
0     000838d3  _IDLE                                 
0     00082d6d  _ILLEGAL_ISR                          
0     00083141  _IPC0_ISR                             
0     0008314b  _IPC1_ISR                             
0     00083155  _IPC2_ISR                             
0     0008315f  _IPC3_ISR                             
1     0000a92c  _I_now                                
0     000837db  _InitAuxPll                           
0     00084892  _InitCpuTimers                        
0     000841ca  _InitEPwm10Gpio                       
0     000841dd  _InitEPwm11Gpio                       
0     000841f1  _InitEPwm12Gpio                       
0     00084120  _InitEPwm1Gpio                        
0     00084913  _InitEPwm2Config                      
0     00084132  _InitEPwm2Gpio                        
0     00084144  _InitEPwm3Gpio                        
0     00084158  _InitEPwm4Gpio                        
0     0008416c  _InitEPwm5Gpio                        
0     0008417e  _InitEPwm6Gpio                        
0     00084190  _InitEPwm7Gpio                        
0     000841a4  _InitEPwm8Gpio                        
0     000841b8  _InitEPwm9Gpio                        
0     00084107  _InitEPwmGpio                         
0     00008000  _InitFlash_Bank0                      
0     00008029  _InitFlash_Bank1                      
0     0008390c  _InitGpio                             
0     00083672  _InitPeripheralClocks                 
0     00084cbd  _InitPieCtrl                          
0     00084ce5  _InitPieVectTable                     
0     00084ae9  _InitSPIConfig                        
0     00084c6b  _InitSpiGpio                          
0     00084c6e  _InitSpiaGpio                         
0     00083635  _InitSysCtrl                          
0     00083752  _InitSysPll                           
0     00084b4a  _InitXintConfig                       
1     00007900  _InputXbarRegs                        
1     0000aa10  _Kd                                   
1     0000a9c4  _Kd2                                  
1     0000aa0c  _Ki                                   
1     0000a9c0  _Ki2                                  
1     0000aa14  _Kp                                   
1     0000a9c8  _Kp2                                  
1     0000a944  _MCBSP                                
0     00082f61  _MCBSPA_RX_ISR                        
0     00082f6b  _MCBSPA_TX_ISR                        
0     00082f75  _MCBSPB_RX_ISR                        
0     00082f7f  _MCBSPB_TX_ISR                        
1     00006000  _McbspaRegs                           
1     00006040  _McbspbRegs                           
1     0005f400  _MemCfgRegs                           
1     0005f500  _MemoryErrorRegs                      
0     00082d63  _NMI_ISR                              
0     000832ac  _NOTUSED_ISR                          
1     00007060  _NmiIntruptRegs                       
0     00083c32  _OLED_Fill                            
0     00083b50  _OLED_GPIO_Init                       
0     00083b62  _OLED_Init                            
0     00083cd0  _OLED_Print_c                         
0     00083c85  _OLED_Print_lf                        
0     00083c6d  _OLED_Print_num                       
0     00083c4e  _OLED_Print_str                       
0     00083c1c  _OLED_Set_pos                         
0     00083bf2  _OLED_Write                           
1     00007a80  _OutputXbarRegs                       
1     0000a9d0  _Output_Inside                        
1     0000a9fc  _Output_Inside_Max                    
1     0000a9f8  _Output_Inside_Min                    
1     0000a9dc  _Output_Outside                       
1     0000a9f0  _Output_Outside_Max                   
1     0000a9f4  _Output_Outside_Min                   
0     00083d60  _PID_Compute_Inside                   
0     00083e3f  _PID_Compute_Outside                  
0     00084b87  _PIE_Init                             
0     00083295  _PIE_RESERVED_ISR                     
1     00000ce0  _PieCtrlRegs                          
1     00000d00  _PieVectTable                         
0     00090818  _PieVectTableInit                     
0     00083263  _RAM_ACCESS_VIOLATION_ISR             
0     0008324f  _RAM_CORRECTABLE_ERROR_ISR            
0     00082d4f  _RTOS_ISR                             
0     00086072  _RamfuncsLoadEnd                      
abs   00000072  _RamfuncsLoadSize                     
0     00086000  _RamfuncsLoadStart                    
0     00008072  _RamfuncsRunEnd                       
abs   00000072  _RamfuncsRunSize                      
0     00008000  _RamfuncsRunStart                     
0     0008372c  _ReleaseFlashPump                     
1     0005e608  _RomPrefetchRegs                      
1     0005f540  _RomWaitStateRegs                     
1     0000a940  _SCI                                  
0     00083015  _SCIA_RX_ISR                          
0     0008301f  _SCIA_TX_ISR                          
0     00083029  _SCIB_RX_ISR                          
0     00083033  _SCIB_TX_ISR                          
0     00082fed  _SCIC_RX_ISR                          
0     00082ff7  _SCIC_TX_ISR                          
0     00083001  _SCID_RX_ISR                          
0     0008300b  _SCID_TX_ISR                          
0     000831b9  _SD1_ISR                              
0     000831c3  _SD2_ISR                              
1     0000a94c  _SDFM                                 
1     0000a95a  _SPI                                  
0     00082f39  _SPIA_RX_ISR                          
0     00082f43  _SPIA_TX_ISR                          
0     00082f4d  _SPIB_RX_ISR                          
0     00082f57  _SPIB_TX_ISR                          
0     000831cd  _SPIC_RX_ISR                          
0     000831d7  _SPIC_TX_ISR                          
0     00084ae4  _SPI_Init                             
0     00084b0f  _SPI_transfer                         
0     000838dc  _STANDBY                              
0     0008326d  _SYS_PLL_SLIP_ISR                     
1     00007200  _SciaRegs                             
1     00007210  _ScibRegs                             
1     00007220  _ScicRegs                             
1     00007230  _ScidRegs                             
1     00005e00  _Sdfm1Regs                            
1     00005e80  _Sdfm2Regs                            
0     0008370e  _SeizeFlashPump_Bank0                 
0     0008371d  _SeizeFlashPump_Bank1                 
0     00083736  _ServiceDog                           
0     00084f26  _SetDBGIER                            
1     0000a9cc  _Set_Inside                           
1     0000a9d8  _Set_Outside                          
0     00084677  _SetupADCInterrupt                    
1     00006100  _SpiaRegs                             
1     00006110  _SpibRegs                             
1     00006120  _SpicRegs                             
1     00007940  _SyncSocRegs                          
0     00083893  _SysIntOsc1Sel                        
0     0008389d  _SysIntOsc2Sel                        
0     000838a7  _SysXtalOscSel                        
0     00082e2b  _TIMER0_ISR                           
0     00082d31  _TIMER1_ISR                           
0     00082d3b  _TIMER2_ISR                           
1     0000a99a  _TRIP_SEL                             
0     00084e96  _Timer_Init                           
0     000831e1  _UPPA_ISR                             
0     000831eb  _USBA_ISR                             
0     00082dd1  _USER10_ISR                           
0     00082ddb  _USER11_ISR                           
0     00082de5  _USER12_ISR                           
0     00082d77  _USER1_ISR                            
0     00082d81  _USER2_ISR                            
0     00082d8b  _USER3_ISR                            
0     00082d95  _USER4_ISR                            
0     00082d9f  _USER5_ISR                            
0     00082da9  _USER6_ISR                            
0     00082db3  _USER7_ISR                            
0     00082dbd  _USER8_ISR                            
0     00082dc7  _USER9_ISR                            
1     00006200  _UppRegs                              
0     00083123  _VCU_ISR                              
0     00082e35  _WAKE_ISR                             
1     00007000  _WdRegs                               
0     00082e0d  _XINT1_ISR                            
0     00082e17  _XINT2_ISR                            
0     00083105  _XINT3_ISR                            
0     0008310f  _XINT4_ISR                            
0     00083119  _XINT5_ISR                            
1     00007920  _XbarRegs                             
1     00007070  _XintRegs                             
0     00084b25  _Xint_Gpio_Init                       
0     00084b20  _Xint_Init                            
1     00000500  __STACK_END                           
abs   00000100  __STACK_SIZE                          
1     0000a932  ___TI_cleanup_ptr                     
1     0000a934  ___TI_dtors_ptr                       
1     0000a930  ___TI_enable_exit_profile_output      
abs   ffffffff  ___TI_pprof_out_hndl                  
0     00082c0c  ___TI_printfi                         
abs   ffffffff  ___TI_prof_data_size                  
abs   ffffffff  ___TI_prof_data_start                 
abs   ffffffff  ___binit__                            
abs   ffffffff  ___c_args__                           
0     00082000  ___cinit__                            
abs   ffffffff  ___etext__                            
abs   ffffffff  ___pinit__                            
abs   ffffffff  ___text__                             
0     00084e3a  __args_main                           
0     00090b58  __ctypes_                             
1     0000a938  __lock                                
0     00084efe  __nop                                 
0     00084efa  __register_lock                       
0     00084ef6  __register_unlock                     
1     00000400  __stack                               
0     00084d0b  __system_post_cinit                   
0     00084f29  __system_pre_init                     
1     0000a93a  __unlock                              
1     0000a800  _aaa                                  
0     00084c94  _abort                                
0     00084204  _adca1_isr                            
0     00084277  _adcb1_isr                            
0     00084bb8  _atoi                                 
1     0000a802  _bbb                                  
0     00084a48  _c_int00                              
0     000846f3  _comp                                 
0     00084a9e  _copy_in                              
0     00084ea7  _copysign                             
0     00084ea7  _copysignf                            
0     00084d31  _copysignl                            
0     00084e6b  _cpu_timer0_isr                       
1     0000a9d4  _dError                               
1     0000a9e0  _dError2                              
0     00084e06  _ddcopy                               
1     0000a93d  _deviceOpen                           
0     00084e06  _dpcopy                               
0     00084e81  _epwm2_isr                            
1     0000a93f  _errno                                
0     00084c96  _exit                                 
0     000849ed  _frexpl                               
1     0000aa04  _iTerm                                
1     0000a9e8  _iTerm2                               
0     00084986  _ldexp                                
0     00084986  _ldexpf                               
0     00083f26  _ldexpl                               
0     00084be9  _ltoa                                 
0     0008453d  _main                                 
0     00084ec6  _memccpy                              
0     00084d93  _memcpy                               
0     00084ed3  _memset                               
1     0000a936  _micros                               
1     0000aa08  _pError                               
1     0000a9ec  _pError2                              
1     0000aa00  _pError_Last                          
1     0000a9e4  _pError_Last2                         
0     00084e06  _pdcopy                               
0     000832b6  _pow                                  
0     000832b6  _powf                                 
0     00084e06  _ppcopy                               
0     000842e4  _qsort                                
0     00084986  _scalbn                               
0     00084986  _scalbnf                              
0     00083f26  _scalbnl                              
0     00084b55  _sprintf                              
0     00084d0c  _sqrt                                 
0     00084d0c  _sqrtf                                
0     00084f08  _strcat                               
0     00084edf  _strchr                               
0     00084f21  _strcpy                               
0     00084f19  _strlen                               
1     0000a92a  _t                                    
1     0000a928  _tempSensor_scaleFactor               
1     0000a924  _tempSensor_tempOffset                
1     0000a926  _tempSensor_tempSlope                 
0     000845d4  _xint1_isr                            
0     00084621  _xint2_isr                            
abs   ffffffff  binit                                 
0     00082000  cinit                                 
0     00080000  code_start                            
abs   ffffffff  etext                                 
abs   ffffffff  pinit                                 


GLOBAL SYMBOLS: SORTED BY Symbol Address 

page  address   name                                  
----  -------   ----                                  
0     00000ce0  _Cla1SoftIntRegs                      
0     00008000  _InitFlash_Bank0                      
0     00008000  _RamfuncsRunStart                     
0     00008029  _InitFlash_Bank1                      
0     00008052  _FlashOff_Bank0                       
0     00008060  _FlashOff_Bank1                       
0     0000806e  _F28x_usDelay                         
0     00008072  _RamfuncsRunEnd                       
0     00080000  code_start                            
0     00082000  ___cinit__                            
0     00082000  cinit                                 
0     00082c0c  ___TI_printfi                         
0     00082d31  _TIMER1_ISR                           
0     00082d3b  _TIMER2_ISR                           
0     00082d45  _DATALOG_ISR                          
0     00082d4f  _RTOS_ISR                             
0     00082d59  _EMU_ISR                              
0     00082d63  _NMI_ISR                              
0     00082d6d  _ILLEGAL_ISR                          
0     00082d77  _USER1_ISR                            
0     00082d81  _USER2_ISR                            
0     00082d8b  _USER3_ISR                            
0     00082d95  _USER4_ISR                            
0     00082d9f  _USER5_ISR                            
0     00082da9  _USER6_ISR                            
0     00082db3  _USER7_ISR                            
0     00082dbd  _USER8_ISR                            
0     00082dc7  _USER9_ISR                            
0     00082dd1  _USER10_ISR                           
0     00082ddb  _USER11_ISR                           
0     00082de5  _USER12_ISR                           
0     00082def  _ADCA1_ISR                            
0     00082df9  _ADCB1_ISR                            
0     00082e03  _ADCC1_ISR                            
[...]
0     000831ff  _ADCC2_ISR                            
0     00083209  _ADCC3_ISR                            
0     00083213  _ADCC4_ISR                            
0     0008321d  _ADCD_EVT_ISR                         
0     00083227  _ADCD2_ISR                            
0     00083231  _ADCD3_ISR                            
0     0008323b  _ADCD4_ISR                            
0     00083245  _EMIF_ERROR_ISR                       
0     0008324f  _RAM_CORRECTABLE_ERROR_ISR            
0     00083259  _FLASH_CORRECTABLE_ERROR_ISR          
0     00083263  _RAM_ACCESS_VIOLATION_ISR             
0     0008326d  _SYS_PLL_SLIP_ISR                     
0     00083277  _AUX_PLL_SLIP_ISR                     
0     00083281  _CLA_OVERFLOW_ISR                     
0     0008328b  _CLA_UNDERFLOW_ISR                    
0     00083295  _PIE_RESERVED_ISR                     
0     0008329f  _EMPTY_ISR                            
0     000832ac  _NOTUSED_ISR                          
0     000832b6  _pow                                  
0     000832b6  _powf                                 
0     00083635  _InitSysCtrl                          
0     00083672  _InitPeripheralClocks                 
0     000836f6  _DisablePeripheralClocks              
0     0008370e  _SeizeFlashPump_Bank0                 
0     0008371d  _SeizeFlashPump_Bank1                 
0     0008372c  _ReleaseFlashPump                     
0     00083736  _ServiceDog                           
0     00083744  _DisableDog                           
0     00083752  _InitSysPll                           
0     000837db  _InitAuxPll                           
0     00083872  _CsmUnlock                            
0     00083893  _SysIntOsc1Sel                        
0     0008389d  _SysIntOsc2Sel                        
0     000838a7  _SysXtalOscSel                        
0     000838b3  _AuxIntOsc2Sel                        
0     000838bd  _AuxXtalOscSel                        
0     000838c9  _AuxAuxClkSel                         
0     000838d3  _IDLE                                 
0     000838dc  _STANDBY                              
0     000838e7  _HALT                                 
0     000838f8  _HIB                                  
0     0008390c  _InitGpio                             
0     0008394c  _GPIO_SetupPinMux                     
0     000839d8  _GPIO_SetupPinOptions                 
0     00083a6c  _GPIO_SetupLock                       
0     00083a95  _GPIO_SetupXINT1Gpio                  
0     00083a9f  _GPIO_SetupXINT2Gpio                  
0     00083aa9  _GPIO_SetupXINT3Gpio                  
0     00083ab3  _GPIO_SetupXINT4Gpio                  
0     00083abd  _GPIO_SetupXINT5Gpio                  
0     00083ac7  _GPIO_EnableUnbondedIOPullupsFor176Pin
0     00083ae0  _GPIO_EnableUnbondedIOPullupsFor100Pin
0     00083b05  _GPIO_EnableUnbondedIOPullups         
0     00083b1b  _GPIO_ReadPin                         
0     00083b32  _GPIO_WritePin                        
0     00083b50  _OLED_GPIO_Init                       
0     00083b62  _OLED_Init                            
0     00083bf2  _OLED_Write                           
0     00083c1c  _OLED_Set_pos                         
0     00083c32  _OLED_Fill                            
0     00083c4e  _OLED_Print_str                       
0     00083c6d  _OLED_Print_num                       
0     00083c85  _OLED_Print_lf                        
0     00083cd0  _OLED_Print_c                         
0     00083d60  _PID_Compute_Inside                   
0     00083e3f  _PID_Compute_Outside                  
0     00083f26  _ldexpl                               
0     00083f26  _scalbnl                              
0     00083fe2  LL$$CMP                               
0     00083ff4  ULL$$CMP                              
0     00084000  LL$$DIV                               
0     0008403c  LL$$MOD                               
0     00084076  ULL$$DIV                              
0     000840a5  ULL$$MOD                              
0     00084107  _InitEPwmGpio                         
0     00084120  _InitEPwm1Gpio                        
0     00084132  _InitEPwm2Gpio                        
0     00084144  _InitEPwm3Gpio                        
0     00084158  _InitEPwm4Gpio                        
0     0008416c  _InitEPwm5Gpio                        
0     0008417e  _InitEPwm6Gpio                        
0     00084190  _InitEPwm7Gpio                        
0     000841a4  _InitEPwm8Gpio                        
0     000841b8  _InitEPwm9Gpio                        
0     000841ca  _InitEPwm10Gpio                       
0     000841dd  _InitEPwm11Gpio                       
0     000841f1  _InitEPwm12Gpio                       
0     00084204  _adca1_isr                            
0     00084277  _adcb1_isr                            
0     000842e4  _qsort                                
0     000843c4  _AdcSetMode                           
0     00084467  _CalAdcINL                            
0     000844a1  FD$$ADD                               
0     0008453d  _main                                 
0     000845a8  _EC11_Key_Click                       
0     000845b3  _EC11_Clockwise                       
0     000845be  _EC11_Key_Press                       
0     000845c9  _EC11_Anticlockwise                   
0     000845d4  _xint1_isr                            
0     00084621  _xint2_isr                            
0     0008466a  _ADC_Init                             
0     00084677  _SetupADCInterrupt                    
0     000846ae  _ConfigureADC                         
0     000846de  _ADC_GetData                          
0     000846f3  _comp                                 
0     000846fc  FD$$DIV                               
0     00084787  FS$$DIV                               
0     0008480f  FD$$MPY                               
0     00084892  _InitCpuTimers                        
0     000848d3  _ConfigCpuTimer                       
0     0008490e  _Epwm2_Init                           
0     00084913  _InitEPwm2Config                      
0     00084972  _Epwm2_Update                         
0     00084986  _ldexp                                
0     00084986  _ldexpf                               
0     00084986  _scalbn                               
0     00084986  _scalbnf                              
0     000849ed  _frexpl                               
0     00084a48  _c_int00                              
0     00084a9e  _copy_in                              
0     00084ae4  _SPI_Init                             
0     00084ae9  _InitSPIConfig                        
0     00084b0f  _SPI_transfer                         
0     00084b20  _Xint_Init                            
0     00084b25  _Xint_Gpio_Init                       
0     00084b4a  _InitXintConfig                       
0     00084b55  _sprintf                              
0     00084b87  _PIE_Init                             
0     00084bb8  _atoi                                 
0     00084be9  _ltoa                                 
0     00084c17  FD$$CMP                               
0     00084c41  L$$DIV                                
0     00084c50  L$$MOD                                
0     00084c5e  UL$$DIV                               
0     00084c65  UL$$MOD                               
0     00084c6b  _InitSpiGpio                          
0     00084c6e  _InitSpiaGpio                         
0     00084c94  C$$EXIT                               
0     00084c94  _abort                                
0     00084c96  _exit                                 
0     00084cbd  _InitPieCtrl                          
0     00084cdc  _EnableInterrupts                     
0     00084ce5  _InitPieVectTable                     
0     00084d0b  __system_post_cinit                   
0     00084d0c  _sqrt                                 
0     00084d0c  _sqrtf                                
0     00084d31  _copysignl                            
0     00084d53  FD$$TOI                               
0     00084d74  FD$$TOL                               
0     00084d93  _memcpy                               
0     00084db1  I$$TOFD                               
0     00084dce  FS$$TOFD                              
0     00084dea  L$$TOFD                               
0     00084e06  _ddcopy                               
0     00084e06  _dpcopy                               
0     00084e06  _pdcopy                               
0     00084e06  _ppcopy                               
0     00084e20  FD$$TOU                               
0     00084e3a  __args_main                           
0     00084e53  LL$$AND                               
0     00084e5b  LL$$OR                                
0     00084e63  LL$$XOR                               
0     00084e6b  _cpu_timer0_isr                       
0     00084e81  _epwm2_isr                            
0     00084e96  _Timer_Init                           
0     00084ea7  _copysign                             
0     00084ea7  _copysignf                            
0     00084eb8  FD$$SUB                               
0     00084ec6  _memccpy                              
0     00084ed3  _memset                               
0     00084edf  _strchr                               
0     00084eeb  U$$DIV                                
0     00084ef0  U$$MOD                                
0     00084ef6  __register_unlock                     
0     00084efa  __register_lock                       
0     00084efe  __nop                                 
0     00084eff  FD$$NEG                               
0     00084f08  _strcat                               
0     00084f19  _strlen                               
0     00084f21  _strcpy                               
0     00084f26  _SetDBGIER                            
0     00084f29  __system_pre_init                     
0     00086000  _RamfuncsLoadStart                    
0     00086072  _RamfuncsLoadEnd                      
0     00090000  _F8x16                                
0     000905f0  _F6x8                                 
0     00090818  _PieVectTableInit                     
0     000909d8  _F16x16                               
0     00090b58  __ctypes_                             
1     00000400  __stack                               
1     00000500  __STACK_END                           
1     00000b00  _AdcaResultRegs                       
1     00000b20  _AdcbResultRegs                       
1     00000b40  _AdccResultRegs                       
1     00000b60  _AdcdResultRegs                       
1     00000c00  _CpuTimer0Regs                        
1     00000c08  _CpuTimer1Regs                        
1     00000c10  _CpuTimer2Regs                        
1     00000ce0  _PieCtrlRegs                          
1     00000d00  _EmuKey                               
1     00000d00  _PieVectTable                         
1     00000d01  _EmuBMode                             
1     00001000  _DmaRegs                              
1     00001400  _Cla1Regs                             
1     00004000  _EPwm1Regs                            
1     00004100  _EPwm2Regs                            
1     00004200  _EPwm3Regs                            
1     00004300  _EPwm4Regs                            
1     00004400  _EPwm5Regs                            
1     00004500  _EPwm6Regs                            
1     00004600  _EPwm7Regs                            
1     00004700  _EPwm8Regs                            
1     00004800  _EPwm9Regs                            
1     00004900  _EPwm10Regs                           
1     00004a00  _EPwm11Regs                           
1     00004b00  _EPwm12Regs                           
1     00005000  _ECap1Regs                            
1     00005020  _ECap2Regs                            
1     00005040  _ECap3Regs                            
1     00005060  _ECap4Regs                            
1     00005080  _ECap5Regs                            
1     000050a0  _ECap6Regs                            
1     00005100  _EQep1Regs                            
1     00005140  _EQep2Regs                            
1     00005180  _EQep3Regs                            
1     00005c00  _DacaRegs                             
1     00005c10  _DacbRegs                             
1     00005c20  _DaccRegs                             
1     00005c80  _Cmpss1Regs                           
1     00005ca0  _Cmpss2Regs                           
1     00005cc0  _Cmpss3Regs                           
1     00005ce0  _Cmpss4Regs                           
1     00005d00  _Cmpss5Regs                           
1     00005d20  _Cmpss6Regs                           
1     00005d40  _Cmpss7Regs                           
1     00005d60  _Cmpss8Regs                           
1     00005e00  _Sdfm1Regs                            
1     00005e80  _Sdfm2Regs                            
1     00006000  _McbspaRegs                           
1     00006040  _McbspbRegs                           
1     00006100  _SpiaRegs                             
1     00006110  _SpibRegs                             
1     00006120  _SpicRegs                             
1     00006200  _UppRegs                              
1     00007000  _WdRegs                               
1     00007060  _NmiIntruptRegs                       
1     00007070  _XintRegs                             
1     00007200  _SciaRegs                             
1     00007210  _ScibRegs                             
1     00007220  _ScicRegs                             
1     00007230  _ScidRegs                             
1     00007300  _I2caRegs                             
1     00007340  _I2cbRegs                             
1     00007400  _AdcaRegs                             
1     00007480  _AdcbRegs                             
1     00007500  _AdccRegs                             
1     00007580  _AdcdRegs                             
1     00007900  _InputXbarRegs                        
1     00007920  _XbarRegs                             
1     00007940  _SyncSocRegs                          
1     00007980  _DmaClaSrcSelRegs                     
1     00007a00  _EPwmXbarRegs                         
1     00007a80  _OutputXbarRegs                       
1     00007c00  _GpioCtrlRegs                         
1     00007f00  _GpioDataRegs                         
1     0000a800  _aaa                                  
1     0000a802  _bbb                                  
1     0000a840  _ADCData                              
1     0000a90c  _CpuTimer1                            
1     0000a914  _CpuTimer2                            
1     0000a91c  _CpuTimer0                            
1     0000a924  _tempSensor_tempOffset                
1     0000a926  _tempSensor_tempSlope                 
1     0000a928  _tempSensor_scaleFactor               
1     0000a92a  _t                                    
1     0000a92c  _I_now                                
1     0000a930  ___TI_enable_exit_profile_output      
1     0000a932  ___TI_cleanup_ptr                     
1     0000a934  ___TI_dtors_ptr                       
1     0000a936  _micros                               
1     0000a938  __lock                                
1     0000a93a  __unlock                              
1     0000a93c  _EC11_Flag                            
1     0000a93d  _deviceOpen                           
1     0000a93e  _DataType                             
1     0000a93f  _errno                                
1     0000a940  _SCI                                  
1     0000a944  _MCBSP                                
1     0000a948  _I2C                                  
1     0000a94c  _SDFM                                 
1     0000a952  _EQEP                                 
1     0000a95a  _SPI                                  
1     0000a962  _ADC                                  
1     0000a96c  _ECAP                                 
1     0000a980  _EPWM                                 
1     0000a99a  _TRIP_SEL                             
1     0000a9c0  _Ki2                                  
1     0000a9c4  _Kd2                                  
1     0000a9c8  _Kp2                                  
1     0000a9cc  _Set_Inside                           
1     0000a9d0  _Output_Inside                        
1     0000a9d4  _dError                               
1     0000a9d8  _Set_Outside                          
1     0000a9dc  _Output_Outside                       
1     0000a9e0  _dError2                              
1     0000a9e4  _pError_Last2                         
1     0000a9e8  _iTerm2                               
1     0000a9ec  _pError2                              
1     0000a9f0  _Output_Outside_Max                   
1     0000a9f4  _Output_Outside_Min                   
1     0000a9f8  _Output_Inside_Min                    
1     0000a9fc  _Output_Inside_Max                    
1     0000aa00  _pError_Last                          
1     0000aa04  _iTerm                                
1     0000aa08  _pError                               
1     0000aa0c  _Ki                                   
1     0000aa10  _Kd                                   
1     0000aa14  _Kp                                   
1     00047000  _Emif1Regs                            
1     00047800  _Emif2Regs                            
1     00050024  _FlashPumpSemaphoreRegs               
1     0005d000  _DevCfgRegs                           
1     0005d180  _AnalogSubsysRegs                     
1     0005d200  _ClkCfgRegs                           
1     0005d300  _CpuSysRegs                           
1     0005e608  _RomPrefetchRegs                      
1     0005f000  _DcsmZ1Regs                           
1     0005f040  _DcsmZ2Regs                           
1     0005f070  _DcsmCommonRegs                       
1     0005f400  _MemCfgRegs                           
1     0005f480  _Emif1ConfigRegs                      
1     0005f4a0  _Emif2ConfigRegs                      
1     0005f4c0  _AccessProtectionRegs                 
1     0005f500  _MemoryErrorRegs                      
1     0005f540  _RomWaitStateRegs                     
1     0005f800  _Flash0CtrlRegs                       
1     0005fb00  _Flash0EccRegs                        
1     0005fc00  _Flash1CtrlRegs                       
1     0005ff00  _Flash1EccRegs                        
1     00078000  _DcsmZ1Otp                            
1     00078200  _DcsmZ2Otp                            
abs   00000072  _RamfuncsLoadSize                     
abs   00000072  _RamfuncsRunSize                      
abs   00000100  __STACK_SIZE                          
abs   ffffffff  .text                                 
abs   ffffffff  ___TI_pprof_out_hndl                  
abs   ffffffff  ___TI_prof_data_size                  
abs   ffffffff  ___TI_prof_data_start                 
abs   ffffffff  ___binit__                            
abs   ffffffff  ___c_args__                           
abs   ffffffff  ___etext__                            
abs   ffffffff  ___pinit__                            
abs   ffffffff  ___text__                             
abs   ffffffff  binit                                 
abs   ffffffff  etext                                 
abs   ffffffff  pinit                                 

[491 symbols]
