<?xml version="1.0"?>
<link_info>
   <banner>TMS320C2000 Linker PC v16.6.0.STS</banner>
   <copyright>Copyright (c) 1996-2015 Texas Instruments Incorporated</copyright>
   <link_time>0x578c4bdc</link_time>
   <link_errors>0x0</link_errors>
   <output_file>Buck_cpu01.out</output_file>
   <entry_point>
      <name>code_start</name>
      <address>0x80000</address>
   </entry_point>
   <input_file_list>
      <input_file id="fl-2">
         <path>.\</path>
         <kind>object</kind>
         <file>main.obj</file>
         <name>main.obj</name>
      </input_file>
      <input_file id="fl-3">
         <path>.\F2837xS\F2837xS_common\source\</path>
         <kind>object</kind>
         <file>F2837xS_Adc.obj</file>
         <name>F2837xS_Adc.obj</name>
      </input_file>
      <input_file id="fl-4">
         <path>.\F2837xS\F2837xS_common\source\</path>
         <kind>object</kind>
         <file>F2837xS_CodeStartBranch.obj</file>
         <name>F2837xS_CodeStartBranch.obj</name>
      </input_file>
      <input_file id="fl-5">
         <path>.\F2837xS\F2837xS_common\source\</path>
         <kind>object</kind>
         <file>F2837xS_CpuTimers.obj</file>
         <name>F2837xS_CpuTimers.obj</name>
      </input_file>
      <input_file id="fl-6">
         <path>.\F2837xS\F2837xS_common\source\</path>
         <kind>object</kind>
         <file>F2837xS_DBGIER.obj</file>
         <name>F2837xS_DBGIER.obj</name>
      </input_file>
      <input_file id="fl-7">
         <path>.\F2837xS\F2837xS_common\source\</path>
         <kind>object</kind>
         <file>F2837xS_DefaultISR.obj</file>
         <name>F2837xS_DefaultISR.obj</name>
      </input_file>
      <input_file id="fl-8">
         <path>.\F2837xS\F2837xS_common\source\</path>
         <kind>object</kind>
         <file>F2837xS_Dma.obj</file>
         <name>F2837xS_Dma.obj</name>
      </input_file>
      <input_file id="fl-9">
         <path>.\F2837xS\F2837xS_common\source\</path>
         <kind>object</kind>
         <file>F2837xS_ECap.obj</file>
         <name>F2837xS_ECap.obj</name>
      </input_file>
      <input_file id="fl-a">
         <path>.\F2837xS\F2837xS_common\source\</path>
         <kind>object</kind>
         <file>F2837xS_EPwm.obj</file>
         <name>F2837xS_EPwm.obj</name>
      </input_file>
      <input_file id="fl-b">
         <path>.\F2837xS\F2837xS_common\source\</path>
         <kind>object</kind>
         <file>F2837xS_EQep.obj</file>
         <name>F2837xS_EQep.obj</name>
      </input_file>
      <input_file id="fl-c">
         <path>.\F2837xS\F2837xS_common\source\</path>
         <kind>object</kind>
         <file>F2837xS_Emif.obj</file>
         <name>F2837xS_Emif.obj</name>
      </input_file>
      <input_file id="fl-d">
         <path>.\F2837xS\F2837xS_common\source\</path>
         <kind>object</kind>
         <file>F2837xS_Gpio.obj</file>
         <name>F2837xS_Gpio.obj</name>
      </input_file>
      <input_file id="fl-e">
         <path>.\F2837xS\F2837xS_common\source\</path>
         <kind>object</kind>
         <file>F2837xS_I2C.obj</file>
         <name>F2837xS_I2C.obj</name>
      </input_file>
      <input_file id="fl-f">
         <path>.\F2837xS\F2837xS_common\source\</path>
         <kind>object</kind>
         <file>F2837xS_Mcbsp.obj</file>
         <name>F2837xS_Mcbsp.obj</name>
      </input_file>
      <input_file id="fl-10">
         <path>.\F2837xS\F2837xS_common\source\</path>
         <kind>object</kind>
         <file>F2837xS_PieCtrl.obj</file>
         <name>F2837xS_PieCtrl.obj</name>
      </input_file>
      <input_file id="fl-11">
         <path>.\F2837xS\F2837xS_common\source\</path>
         <kind>object</kind>
         <file>F2837xS_PieVect.obj</file>
         <name>F2837xS_PieVect.obj</name>
      </input_file>
      <input_file id="fl-12">
         <path>.\F2837xS\F2837xS_common\source\</path>
         <kind>object</kind>
         <file>F2837xS_Sci.obj</file>
         <name>F2837xS_Sci.obj</name>
      </input_file>
      <input_file id="fl-13">
         <path>.\F2837xS\F2837xS_common\source\</path>
         <kind>object</kind>
         <file>F2837xS_Spi.obj</file>
         <name>F2837xS_Spi.obj</name>
      </input_file>
      <input_file id="fl-14">
         <path>.\F2837xS\F2837xS_common\source\</path>
         <kind>object</kind>
         <file>F2837xS_SysCtrl.obj</file>
         <name>F2837xS_SysCtrl.obj</name>
      </input_file>
      <input_file id="fl-15">
         <path>.\F2837xS\F2837xS_common\source\</path>
         <kind>object</kind>
         <file>F2837xS_TempSensorConv.obj</file>
         <name>F2837xS_TempSensorConv.obj</name>
      </input_file>
      <input_file id="fl-16">
         <path>.\F2837xS\F2837xS_common\source\</path>
         <kind>object</kind>
         <file>F2837xS_Upp.obj</file>
         <name>F2837xS_Upp.obj</name>
      </input_file>
      <input_file id="fl-17">
         <path>.\F2837xS\F2837xS_common\source\</path>
         <kind>object</kind>
         <file>F2837xS_sci_io.obj</file>
         <name>F2837xS_sci_io.obj</name>
      </input_file>
      <input_file id="fl-18">
         <path>.\F2837xS\F2837xS_common\source\</path>
         <kind>object</kind>
         <file>F2837xS_sdfm_drivers.obj</file>
         <name>F2837xS_sdfm_drivers.obj</name>
      </input_file>
      <input_file id="fl-19">
         <path>.\F2837xS\F2837xS_common\source\</path>
         <kind>object</kind>
         <file>F2837xS_struct.obj</file>
         <name>F2837xS_struct.obj</name>
      </input_file>
      <input_file id="fl-1a">
         <path>.\F2837xS\F2837xS_common\source\</path>
         <kind>object</kind>
         <file>F2837xS_usDelay.obj</file>
         <name>F2837xS_usDelay.obj</name>
      </input_file>
      <input_file id="fl-1b">
         <path>.\F2837xS\F2837xS_headers\source\</path>
         <kind>object</kind>
         <file>F2837xS_GlobalVariableDefs.obj</file>
         <name>F2837xS_GlobalVariableDefs.obj</name>
      </input_file>
      <input_file id="fl-1c">
         <path>.\User\src\</path>
         <kind>object</kind>
         <file>ADC.obj</file>
         <name>ADC.obj</name>
      </input_file>
      <input_file id="fl-1d">
         <path>.\User\src\</path>
         <kind>object</kind>
         <file>EC11.obj</file>
         <name>EC11.obj</name>
      </input_file>
      <input_file id="fl-1e">
         <path>.\User\src\</path>
         <kind>object</kind>
         <file>EPwm.obj</file>
         <name>EPwm.obj</name>
      </input_file>
      <input_file id="fl-1f">
         <path>.\User\src\</path>
         <kind>object</kind>
         <file>OLED.obj</file>
         <name>OLED.obj</name>
      </input_file>
      <input_file id="fl-20">
         <path>.\User\src\</path>
         <kind>object</kind>
         <file>PID.obj</file>
         <name>PID.obj</name>
      </input_file>
      <input_file id="fl-21">
         <path>.\User\src\</path>
         <kind>object</kind>
         <file>PIE.obj</file>
         <name>PIE.obj</name>
      </input_file>
      <input_file id="fl-22">
         <path>.\User\src\</path>
         <kind>object</kind>
         <file>SPI.obj</file>
         <name>SPI.obj</name>
      </input_file>
      <input_file id="fl-23">
         <path>.\User\src\</path>
         <kind>object</kind>
         <file>Timer.obj</file>
         <name>Timer.obj</name>
      </input_file>
      <input_file id="fl-24">
         <path>.\User\src\</path>
         <kind>object</kind>
         <file>Xint.obj</file>
         <name>Xint.obj</name>
      </input_file>
      <input_file id="fl-2b">
         <path>C:\IDEs\ti\ti-cgt-c2000_16.6.0.STS\lib\</path>
         <kind>archive</kind>
         <file>rts2800_fpu32.lib</file>
         <name>boot.obj</name>
      </input_file>
      <input_file id="fl-2c">
         <path>C:\IDEs\ti\ti-cgt-c2000_16.6.0.STS\lib\</path>
         <kind>archive</kind>
         <file>rts2800_fpu32.lib</file>
         <name>cpy_tbl.obj</name>
      </input_file>
      <input_file id="fl-2d">
         <path>C:\IDEs\ti\ti-cgt-c2000_16.6.0.STS\lib\</path>
         <kind>archive</kind>
         <file>rts2800_fpu32.lib</file>
         <name>cpy_utils.obj</name>
      </input_file>
      <input_file id="fl-2e">
         <path>C:\IDEs\ti\ti-cgt-c2000_16.6.0.STS\lib\</path>
         <kind>archive</kind>
         <file>rts2800_fpu32.lib</file>
         <name>e_powf.obj</name>
      </input_file>
      <input_file id="fl-2f">
         <path>C:\IDEs\ti\ti-cgt-c2000_16.6.0.STS\lib\</path>
         <kind>archive</kind>
         <file>rts2800_fpu32.lib</file>
         <name>e_sqrtf.obj</name>
      </input_file>
      <input_file id="fl-30">
         <path>C:\IDEs\ti\ti-cgt-c2000_16.6.0.STS\lib\</path>
         <kind>archive</kind>
         <file>rts2800_fpu32.lib</file>
         <name>errno.obj</name>
      </input_file>
      <input_file id="fl-31">
         <path>C:\IDEs\ti\ti-cgt-c2000_16.6.0.STS\lib\</path>
         <kind>archive</kind>
         <file>rts2800_fpu32.lib</file>
         <name>exit.obj</name>
      </input_file>
      <input_file id="fl-32">
         <path>C:\IDEs\ti\ti-cgt-c2000_16.6.0.STS\lib\</path>
         <kind>archive</kind>
         <file>rts2800_fpu32.lib</file>
         <name>fd_add.obj</name>
      </input_file>
      <input_file id="fl-33">
         <path>C:\IDEs\ti\ti-cgt-c2000_16.6.0.STS\lib\</path>
         <kind>archive</kind>
         <file>rts2800_fpu32.lib</file>
         <name>fd_cmp.obj</name>
      </input_file>
      <input_file id="fl-34">
         <path>C:\IDEs\ti\ti-cgt-c2000_16.6.0.STS\lib\</path>
         <kind>archive</kind>
         <file>rts2800_fpu32.lib</file>
         <name>fd_mpy.obj</name>
      </input_file>
      <input_file id="fl-35">
         <path>C:\IDEs\ti\ti-cgt-c2000_16.6.0.STS\lib\</path>
         <kind>archive</kind>
         <file>rts2800_fpu32.lib</file>
         <name>fd_sub.obj</name>
      </input_file>
      <input_file id="fl-36">
         <path>C:\IDEs\ti\ti-cgt-c2000_16.6.0.STS\lib\</path>
         <kind>archive</kind>
         <file>rts2800_fpu32.lib</file>
         <name>fd_tou.obj</name>
      </input_file>
      <input_file id="fl-37">
         <path>C:\IDEs\ti\ti-cgt-c2000_16.6.0.STS\lib\</path>
         <kind>archive</kind>
         <file>rts2800_fpu32.lib</file>
         <name>fs_div.obj</name>
      </input_file>
      <input_file id="fl-38">
         <path>C:\IDEs\ti\ti-cgt-c2000_16.6.0.STS\lib\</path>
         <kind>archive</kind>
         <file>rts2800_fpu32.lib</file>
         <name>fs_tofd.obj</name>
      </input_file>
      <input_file id="fl-39">
         <path>C:\IDEs\ti\ti-cgt-c2000_16.6.0.STS\lib\</path>
         <kind>archive</kind>
         <file>rts2800_fpu32.lib</file>
         <name>memcpy.obj</name>
      </input_file>
      <input_file id="fl-3a">
         <path>C:\IDEs\ti\ti-cgt-c2000_16.6.0.STS\lib\</path>
         <kind>archive</kind>
         <file>rts2800_fpu32.lib</file>
         <name>pre_init.obj</name>
      </input_file>
      <input_file id="fl-3b">
         <path>C:\IDEs\ti\ti-cgt-c2000_16.6.0.STS\lib\</path>
         <kind>archive</kind>
         <file>rts2800_fpu32.lib</file>
         <name>qsort.obj</name>
      </input_file>
      <input_file id="fl-3c">
         <path>C:\IDEs\ti\ti-cgt-c2000_16.6.0.STS\lib\</path>
         <kind>archive</kind>
         <file>rts2800_fpu32.lib</file>
         <name>s_scalbnf.obj</name>
      </input_file>
      <input_file id="fl-3d">
         <path>C:\IDEs\ti\ti-cgt-c2000_16.6.0.STS\lib\</path>
         <kind>archive</kind>
         <file>rts2800_fpu32.lib</file>
         <name>sprintf.obj</name>
      </input_file>
      <input_file id="fl-3e">
         <path>C:\IDEs\ti\ti-cgt-c2000_16.6.0.STS\lib\</path>
         <kind>archive</kind>
         <file>rts2800_fpu32.lib</file>
         <name>startup.obj</name>
      </input_file>
      <input_file id="fl-3f">
         <path>C:\IDEs\ti\ti-cgt-c2000_16.6.0.STS\lib\</path>
         <kind>archive</kind>
         <file>rts2800_fpu32.lib</file>
         <name>strcat.obj</name>
      </input_file>
      <input_file id="fl-40">
         <path>C:\IDEs\ti\ti-cgt-c2000_16.6.0.STS\lib\</path>
         <kind>archive</kind>
         <file>rts2800_fpu32.lib</file>
         <name>u_div.obj</name>
      </input_file>
      <input_file id="fl-41">
         <path>C:\IDEs\ti\ti-cgt-c2000_16.6.0.STS\lib\</path>
         <kind>archive</kind>
         <file>rts2800_fpu32.lib</file>
         <name>_lock.obj</name>
      </input_file>
      <input_file id="fl-42">
         <path>C:\IDEs\ti\ti-cgt-c2000_16.6.0.STS\lib\</path>
         <kind>archive</kind>
         <file>rts2800_fpu32.lib</file>
         <name>_printfi.obj</name>
      </input_file>
      <input_file id="fl-43">
         <path>C:\IDEs\ti\ti-cgt-c2000_16.6.0.STS\lib\</path>
         <kind>archive</kind>
         <file>rts2800_fpu32.lib</file>
         <name>args_main.obj</name>
      </input_file>
      <input_file id="fl-44">
         <path>C:\IDEs\ti\ti-cgt-c2000_16.6.0.STS\lib\</path>
         <kind>archive</kind>
         <file>rts2800_fpu32.lib</file>
         <name>atoi.obj</name>
      </input_file>
      <input_file id="fl-45">
         <path>C:\IDEs\ti\ti-cgt-c2000_16.6.0.STS\lib\</path>
         <kind>archive</kind>
         <file>rts2800_fpu32.lib</file>
         <name>ctype.obj</name>
      </input_file>
      <input_file id="fl-46">
         <path>C:\IDEs\ti\ti-cgt-c2000_16.6.0.STS\lib\</path>
         <kind>archive</kind>
         <file>rts2800_fpu32.lib</file>
         <name>fd_div.obj</name>
      </input_file>
      <input_file id="fl-47">
         <path>C:\IDEs\ti\ti-cgt-c2000_16.6.0.STS\lib\</path>
         <kind>archive</kind>
         <file>rts2800_fpu32.lib</file>
         <name>fd_neg.obj</name>
      </input_file>
      <input_file id="fl-48">
         <path>C:\IDEs\ti\ti-cgt-c2000_16.6.0.STS\lib\</path>
         <kind>archive</kind>
         <file>rts2800_fpu32.lib</file>
         <name>fd_toi.obj</name>
      </input_file>
      <input_file id="fl-49">
         <path>C:\IDEs\ti\ti-cgt-c2000_16.6.0.STS\lib\</path>
         <kind>archive</kind>
         <file>rts2800_fpu32.lib</file>
         <name>fd_tol.obj</name>
      </input_file>
      <input_file id="fl-4a">
         <path>C:\IDEs\ti\ti-cgt-c2000_16.6.0.STS\lib\</path>
         <kind>archive</kind>
         <file>rts2800_fpu32.lib</file>
         <name>i_tofd.obj</name>
      </input_file>
      <input_file id="fl-4b">
         <path>C:\IDEs\ti\ti-cgt-c2000_16.6.0.STS\lib\</path>
         <kind>archive</kind>
         <file>rts2800_fpu32.lib</file>
         <name>l_tofd.obj</name>
      </input_file>
      <input_file id="fl-4c">
         <path>C:\IDEs\ti\ti-cgt-c2000_16.6.0.STS\lib\</path>
         <kind>archive</kind>
         <file>rts2800_fpu32.lib</file>
         <name>ll_aox.obj</name>
      </input_file>
      <input_file id="fl-4d">
         <path>C:\IDEs\ti\ti-cgt-c2000_16.6.0.STS\lib\</path>
         <kind>archive</kind>
         <file>rts2800_fpu32.lib</file>
         <name>ll_cmp.obj</name>
      </input_file>
      <input_file id="fl-4e">
         <path>C:\IDEs\ti\ti-cgt-c2000_16.6.0.STS\lib\</path>
         <kind>archive</kind>
         <file>rts2800_fpu32.lib</file>
         <name>ll_div.obj</name>
      </input_file>
      <input_file id="fl-4f">
         <path>C:\IDEs\ti\ti-cgt-c2000_16.6.0.STS\lib\</path>
         <kind>archive</kind>
         <file>rts2800_fpu32.lib</file>
         <name>ltoa.obj</name>
      </input_file>
      <input_file id="fl-50">
         <path>C:\IDEs\ti\ti-cgt-c2000_16.6.0.STS\lib\</path>
         <kind>archive</kind>
         <file>rts2800_fpu32.lib</file>
         <name>memccpy.obj</name>
      </input_file>
      <input_file id="fl-51">
         <path>C:\IDEs\ti\ti-cgt-c2000_16.6.0.STS\lib\</path>
         <kind>archive</kind>
         <file>rts2800_fpu32.lib</file>
         <name>memset.obj</name>
      </input_file>
      <input_file id="fl-52">
         <path>C:\IDEs\ti\ti-cgt-c2000_16.6.0.STS\lib\</path>
         <kind>archive</kind>
         <file>rts2800_fpu32.lib</file>
         <name>s_copysignf.obj</name>
      </input_file>
      <input_file id="fl-53">
         <path>C:\IDEs\ti\ti-cgt-c2000_16.6.0.STS\lib\</path>
         <kind>archive</kind>
         <file>rts2800_fpu32.lib</file>
         <name>s_frexp.obj</name>
      </input_file>
      <input_file id="fl-54">
         <path>C:\IDEs\ti\ti-cgt-c2000_16.6.0.STS\lib\</path>
         <kind>archive</kind>
         <file>rts2800_fpu32.lib</file>
         <name>s_scalbn.obj</name>
      </input_file>
      <input_file id="fl-55">
         <path>C:\IDEs\ti\ti-cgt-c2000_16.6.0.STS\lib\</path>
         <kind>archive</kind>
         <file>rts2800_fpu32.lib</file>
         <name>strchr.obj</name>
      </input_file>
      <input_file id="fl-56">
         <path>C:\IDEs\ti\ti-cgt-c2000_16.6.0.STS\lib\</path>
         <kind>archive</kind>
         <file>rts2800_fpu32.lib</file>
         <name>strcpy.obj</name>
      </input_file>
      <input_file id="fl-57">
         <path>C:\IDEs\ti\ti-cgt-c2000_16.6.0.STS\lib\</path>
         <kind>archive</kind>
         <file>rts2800_fpu32.lib</file>
         <name>strlen.obj</name>
      </input_file>
      <input_file id="fl-58">
         <path>C:\IDEs\ti\ti-cgt-c2000_16.6.0.STS\lib\</path>
         <kind>archive</kind>
         <file>rts2800_fpu32.lib</file>
         <name>l_div.obj</name>
      </input_file>
      <input_file id="fl-59">
         <path>C:\IDEs\ti\ti-cgt-c2000_16.6.0.STS\lib\</path>
         <kind>archive</kind>
         <file>rts2800_fpu32.lib</file>
         <name>s_copysign.obj</name>
      </input_file>
   </input_file_list>
   <object_component_list>
      <object_component id="oc-17f">
         <name>.cinit</name>
         <load_address>0x82000</load_address>
         <run_address>0x82000</run_address>
         <size>0x9a</size>
         <input_file_ref idref="fl-20"/>
      </object_component>
      <object_component id="oc-f7">
         <name>.cinit</name>
         <load_address>0x8209a</load_address>
         <run_address>0x8209a</run_address>
         <size>0x90</size>
         <input_file_ref idref="fl-19"/>
      </object_component>
      <object_component id="oc-1be">
         <name>.cinit</name>
         <load_address>0x8212a</load_address>
         <run_address>0x8212a</run_address>
         <size>0xe</size>
         <input_file_ref idref="fl-31"/>
      </object_component>
      <object_component id="oc-191">
         <name>.cinit</name>
         <load_address>0x82138</load_address>
         <run_address>0x82138</run_address>
         <size>0x5</size>
         <input_file_ref idref="fl-23"/>
      </object_component>
      <object_component id="oc-2a0">
         <name>.cinit:__lock</name>
         <load_address>0x8213d</load_address>
         <run_address>0x8213d</run_address>
         <size>0x5</size>
         <input_file_ref idref="fl-41"/>
      </object_component>
      <object_component id="oc-2b0">
         <name>.cinit:__unlock</name>
         <load_address>0x82142</load_address>
         <run_address>0x82142</run_address>
         <size>0x5</size>
         <input_file_ref idref="fl-41"/>
      </object_component>
      <object_component id="oc-16b">
         <name>.cinit</name>
         <load_address>0x82147</load_address>
         <run_address>0x82147</run_address>
         <size>0x4</size>
         <input_file_ref idref="fl-1d"/>
      </object_component>
      <object_component id="oc-eb">
         <name>.cinit</name>
         <load_address>0x8214b</load_address>
         <run_address>0x8214b</run_address>
         <size>0x4</size>
         <input_file_ref idref="fl-17"/>
      </object_component>
      <object_component id="oc-1ba">
         <name>.cinit</name>
         <load_address>0x8214f</load_address>
         <run_address>0x8214f</run_address>
         <size>0x4</size>
         <input_file_ref idref="fl-30"/>
      </object_component>
      <object_component id="oc-2b2">
         <name>.text</name>
         <load_address>0x82158</load_address>
         <run_address>0x82158</run_address>
         <size>0xbd9</size>
         <input_file_ref idref="fl-42"/>
      </object_component>
      <object_component id="oc-9c">
         <name>.text:retain</name>
         <load_address>0x82d31</load_address>
         <run_address>0x82d31</run_address>
         <size>0x585</size>
         <input_file_ref idref="fl-7"/>
      </object_component>
      <object_component id="oc-2aa">
         <name>.text</name>
         <load_address>0x832b6</load_address>
         <run_address>0x832b6</run_address>
         <size>0x37f</size>
         <input_file_ref idref="fl-2e"/>
      </object_component>
      <object_component id="oc-297">
         <name>.text</name>
         <load_address>0x83635</load_address>
         <run_address>0x83635</run_address>
         <size>0x2d7</size>
         <input_file_ref idref="fl-14"/>
      </object_component>
      <object_component id="oc-2a3">
         <name>.text</name>
         <load_address>0x8390c</load_address>
         <run_address>0x8390c</run_address>
         <size>0x244</size>
         <input_file_ref idref="fl-d"/>
      </object_component>
      <object_component id="oc-29d">
         <name>.text</name>
         <load_address>0x83b50</load_address>
         <run_address>0x83b50</run_address>
         <size>0x210</size>
         <input_file_ref idref="fl-1f"/>
      </object_component>
      <object_component id="oc-29e">
         <name>.text</name>
         <load_address>0x83d60</load_address>
         <run_address>0x83d60</run_address>
         <size>0x1c6</size>
         <input_file_ref idref="fl-20"/>
      </object_component>
      <object_component id="oc-2bd">
         <name>.text</name>
         <load_address>0x83f26</load_address>
         <run_address>0x83f26</run_address>
         <size>0xbc</size>
         <input_file_ref idref="fl-54"/>
      </object_component>
      <object_component id="oc-24b">
         <name>.text</name>
         <load_address>0x83fe2</load_address>
         <run_address>0x83fe2</run_address>
         <size>0x1e</size>
         <input_file_ref idref="fl-4d"/>
      </object_component>
      <object_component id="oc-250">
         <name>.text</name>
         <load_address>0x84000</load_address>
         <run_address>0x84000</run_address>
         <size>0x107</size>
         <input_file_ref idref="fl-4e"/>
      </object_component>
      <object_component id="oc-2a4">
         <name>.text</name>
         <load_address>0x84107</load_address>
         <run_address>0x84107</run_address>
         <size>0xfd</size>
         <input_file_ref idref="fl-a"/>
      </object_component>
      <object_component id="oc-165">
         <name>.text:retain</name>
         <load_address>0x84204</load_address>
         <run_address>0x84204</run_address>
         <size>0xe0</size>
         <input_file_ref idref="fl-1c"/>
      </object_component>
      <object_component id="oc-28f">
         <name>.text</name>
         <load_address>0x842e4</load_address>
         <run_address>0x842e4</run_address>
         <size>0xe0</size>
         <input_file_ref idref="fl-3b"/>
      </object_component>
      <object_component id="oc-296">
         <name>.text</name>
         <load_address>0x843c4</load_address>
         <run_address>0x843c4</run_address>
         <size>0xdd</size>
         <input_file_ref idref="fl-3"/>
      </object_component>
      <object_component id="oc-1c4">
         <name>.text</name>
         <load_address>0x844a1</load_address>
         <run_address>0x844a1</run_address>
         <size>0x9c</size>
         <input_file_ref idref="fl-32"/>
      </object_component>
      <object_component id="oc-290">
         <name>.text</name>
         <load_address>0x8453d</load_address>
         <run_address>0x8453d</run_address>
         <size>0x97</size>
         <input_file_ref idref="fl-2"/>
      </object_component>
      <object_component id="oc-16d">
         <name>.text:retain</name>
         <load_address>0x845d4</load_address>
         <run_address>0x845d4</run_address>
         <size>0x96</size>
         <input_file_ref idref="fl-1d"/>
      </object_component>
      <object_component id="oc-28e">
         <name>.text</name>
         <load_address>0x8466a</load_address>
         <run_address>0x8466a</run_address>
         <size>0x92</size>
         <input_file_ref idref="fl-1c"/>
      </object_component>
      <object_component id="oc-228">
         <name>.text</name>
         <load_address>0x846fc</load_address>
         <run_address>0x846fc</run_address>
         <size>0x8b</size>
         <input_file_ref idref="fl-46"/>
      </object_component>
      <object_component id="oc-1dd">
         <name>.text</name>
         <load_address>0x84787</load_address>
         <run_address>0x84787</run_address>
         <size>0x88</size>
         <input_file_ref idref="fl-37"/>
      </object_component>
      <object_component id="oc-1ce">
         <name>.text</name>
         <load_address>0x8480f</load_address>
         <run_address>0x8480f</run_address>
         <size>0x83</size>
         <input_file_ref idref="fl-34"/>
      </object_component>
      <object_component id="oc-2a6">
         <name>.text</name>
         <load_address>0x84892</load_address>
         <run_address>0x84892</run_address>
         <size>0x7c</size>
         <input_file_ref idref="fl-5"/>
      </object_component>
      <object_component id="oc-298">
         <name>.text</name>
         <load_address>0x8490e</load_address>
         <run_address>0x8490e</run_address>
         <size>0x78</size>
         <input_file_ref idref="fl-1e"/>
      </object_component>
      <object_component id="oc-2b7">
         <name>.text</name>
         <load_address>0x84986</load_address>
         <run_address>0x84986</run_address>
         <size>0x67</size>
         <input_file_ref idref="fl-3c"/>
      </object_component>
      <object_component id="oc-2bc">
         <name>.text</name>
         <load_address>0x849ed</load_address>
         <run_address>0x849ed</run_address>
         <size>0x5b</size>
         <input_file_ref idref="fl-53"/>
      </object_component>
      <object_component id="oc-19d">
         <name>.text</name>
         <load_address>0x84a48</load_address>
         <run_address>0x84a48</run_address>
         <size>0x56</size>
         <input_file_ref idref="fl-2b"/>
      </object_component>
      <object_component id="oc-292">
         <name>.text</name>
         <load_address>0x84a9e</load_address>
         <run_address>0x84a9e</run_address>
         <size>0x46</size>
         <input_file_ref idref="fl-2c"/>
      </object_component>
      <object_component id="oc-299">
         <name>.text</name>
         <load_address>0x84ae4</load_address>
         <run_address>0x84ae4</run_address>
         <size>0x3c</size>
         <input_file_ref idref="fl-22"/>
      </object_component>
      <object_component id="oc-29b">
         <name>.text</name>
         <load_address>0x84b20</load_address>
         <run_address>0x84b20</run_address>
         <size>0x35</size>
         <input_file_ref idref="fl-24"/>
      </object_component>
      <object_component id="oc-2a9">
         <name>.text</name>
         <load_address>0x84b55</load_address>
         <run_address>0x84b55</run_address>
         <size>0x32</size>
         <input_file_ref idref="fl-3d"/>
      </object_component>
      <object_component id="oc-29c">
         <name>.text</name>
         <load_address>0x84b87</load_address>
         <run_address>0x84b87</run_address>
         <size>0x31</size>
         <input_file_ref idref="fl-21"/>
      </object_component>
      <object_component id="oc-2b9">
         <name>.text</name>
         <load_address>0x84bb8</load_address>
         <run_address>0x84bb8</run_address>
         <size>0x31</size>
         <input_file_ref idref="fl-44"/>
      </object_component>
      <object_component id="oc-2bb">
         <name>.text</name>
         <load_address>0x84be9</load_address>
         <run_address>0x84be9</run_address>
         <size>0x2e</size>
         <input_file_ref idref="fl-4f"/>
      </object_component>
      <object_component id="oc-1c9">
         <name>.text</name>
         <load_address>0x84c17</load_address>
         <run_address>0x84c17</run_address>
         <size>0x2a</size>
         <input_file_ref idref="fl-33"/>
      </object_component>
      <object_component id="oc-284">
         <name>.text</name>
         <load_address>0x84c41</load_address>
         <run_address>0x84c41</run_address>
         <size>0x2a</size>
         <input_file_ref idref="fl-58"/>
      </object_component>
      <object_component id="oc-2a5">
         <name>.text</name>
         <load_address>0x84c6b</load_address>
         <run_address>0x84c6b</run_address>
         <size>0x29</size>
         <input_file_ref idref="fl-13"/>
      </object_component>
      <object_component id="oc-295">
         <name>.text</name>
         <load_address>0x84c94</load_address>
         <run_address>0x84c94</run_address>
         <size>0x29</size>
         <input_file_ref idref="fl-31"/>
      </object_component>
      <object_component id="oc-2a7">
         <name>.text</name>
         <load_address>0x84cbd</load_address>
         <run_address>0x84cbd</run_address>
         <size>0x28</size>
         <input_file_ref idref="fl-10"/>
      </object_component>
      <object_component id="oc-2a8">
         <name>.text</name>
         <load_address>0x84ce5</load_address>
         <run_address>0x84ce5</run_address>
         <size>0x26</size>
         <input_file_ref idref="fl-11"/>
      </object_component>
      <object_component id="oc-293">
         <name>.text</name>
         <load_address>0x84d0b</load_address>
         <run_address>0x84d0b</run_address>
         <size>0x1</size>
         <input_file_ref idref="fl-3e"/>
      </object_component>
      <object_component id="oc-2b3">
         <name>.text</name>
         <load_address>0x84d0c</load_address>
         <run_address>0x84d0c</run_address>
         <size>0x25</size>
         <input_file_ref idref="fl-2f"/>
      </object_component>
      <object_component id="oc-2c4">
         <name>.text</name>
         <load_address>0x84d31</load_address>
         <run_address>0x84d31</run_address>
         <size>0x22</size>
         <input_file_ref idref="fl-59"/>
      </object_component>
      <object_component id="oc-232">
         <name>.text</name>
         <load_address>0x84d53</load_address>
         <run_address>0x84d53</run_address>
         <size>0x21</size>
         <input_file_ref idref="fl-48"/>
      </object_component>
      <object_component id="oc-237">
         <name>.text</name>
         <load_address>0x84d74</load_address>
         <run_address>0x84d74</run_address>
         <size>0x1f</size>
         <input_file_ref idref="fl-49"/>
      </object_component>
      <object_component id="oc-2a1">
         <name>.text</name>
         <load_address>0x84d93</load_address>
         <run_address>0x84d93</run_address>
         <size>0x1e</size>
         <input_file_ref idref="fl-39"/>
      </object_component>
      <object_component id="oc-23c">
         <name>.text</name>
         <load_address>0x84db1</load_address>
         <run_address>0x84db1</run_address>
         <size>0x1d</size>
         <input_file_ref idref="fl-4a"/>
      </object_component>
      <object_component id="oc-1e2">
         <name>.text</name>
         <load_address>0x84dce</load_address>
         <run_address>0x84dce</run_address>
         <size>0x1c</size>
         <input_file_ref idref="fl-38"/>
      </object_component>
      <object_component id="oc-241">
         <name>.text</name>
         <load_address>0x84dea</load_address>
         <run_address>0x84dea</run_address>
         <size>0x1c</size>
         <input_file_ref idref="fl-4b"/>
      </object_component>
      <object_component id="oc-1a9">
         <name>.text</name>
         <load_address>0x84e06</load_address>
         <run_address>0x84e06</run_address>
         <size>0x1a</size>
         <input_file_ref idref="fl-2d"/>
      </object_component>
      <object_component id="oc-1d8">
         <name>.text</name>
         <load_address>0x84e20</load_address>
         <run_address>0x84e20</run_address>
         <size>0x1a</size>
         <input_file_ref idref="fl-36"/>
      </object_component>
      <object_component id="oc-294">
         <name>.text</name>
         <load_address>0x84e3a</load_address>
         <run_address>0x84e3a</run_address>
         <size>0x19</size>
         <input_file_ref idref="fl-43"/>
      </object_component>
      <object_component id="oc-246">
         <name>.text</name>
         <load_address>0x84e53</load_address>
         <run_address>0x84e53</run_address>
         <size>0x18</size>
         <input_file_ref idref="fl-4c"/>
      </object_component>
      <object_component id="oc-193">
         <name>.text:retain</name>
         <load_address>0x84e6b</load_address>
         <run_address>0x84e6b</run_address>
         <size>0x16</size>
         <input_file_ref idref="fl-23"/>
      </object_component>
      <object_component id="oc-173">
         <name>.text:retain</name>
         <load_address>0x84e81</load_address>
         <run_address>0x84e81</run_address>
         <size>0x15</size>
         <input_file_ref idref="fl-1e"/>
      </object_component>
      <object_component id="oc-29a">
         <name>.text</name>
         <load_address>0x84e96</load_address>
         <run_address>0x84e96</run_address>
         <size>0x11</size>
         <input_file_ref idref="fl-23"/>
      </object_component>
      <object_component id="oc-2c2">
         <name>.text</name>
         <load_address>0x84ea7</load_address>
         <run_address>0x84ea7</run_address>
         <size>0x11</size>
         <input_file_ref idref="fl-52"/>
      </object_component>
      <object_component id="oc-1d3">
         <name>.text</name>
         <load_address>0x84eb8</load_address>
         <run_address>0x84eb8</run_address>
         <size>0xe</size>
         <input_file_ref idref="fl-35"/>
      </object_component>
      <object_component id="oc-2c1">
         <name>.text</name>
         <load_address>0x84ec6</load_address>
         <run_address>0x84ec6</run_address>
         <size>0xd</size>
         <input_file_ref idref="fl-50"/>
      </object_component>
      <object_component id="oc-2bf">
         <name>.text</name>
         <load_address>0x84ed3</load_address>
         <run_address>0x84ed3</run_address>
         <size>0xc</size>
         <input_file_ref idref="fl-51"/>
      </object_component>
      <object_component id="oc-2be">
         <name>.text</name>
         <load_address>0x84edf</load_address>
         <run_address>0x84edf</run_address>
         <size>0xc</size>
         <input_file_ref idref="fl-55"/>
      </object_component>
      <object_component id="oc-20b">
         <name>.text</name>
         <load_address>0x84eeb</load_address>
         <run_address>0x84eeb</run_address>
         <size>0xb</size>
         <input_file_ref idref="fl-40"/>
      </object_component>
      <object_component id="oc-2af">
         <name>.text</name>
         <load_address>0x84ef6</load_address>
         <run_address>0x84ef6</run_address>
         <size>0x9</size>
         <input_file_ref idref="fl-41"/>
      </object_component>
      <object_component id="oc-22d">
         <name>.text</name>
         <load_address>0x84eff</load_address>
         <run_address>0x84eff</run_address>
         <size>0x9</size>
         <input_file_ref idref="fl-47"/>
      </object_component>
      <object_component id="oc-2ab">
         <name>.text</name>
         <load_address>0x84f08</load_address>
         <run_address>0x84f08</run_address>
         <size>0x9</size>
         <input_file_ref idref="fl-3f"/>
      </object_component>
      <object_component id="oc-8b">
         <name>.text</name>
         <load_address>0x84f11</load_address>
         <run_address>0x84f11</run_address>
         <size>0x8</size>
         <input_file_ref idref="fl-4"/>
      </object_component>
      <object_component id="oc-2ba">
         <name>.text</name>
         <load_address>0x84f19</load_address>
         <run_address>0x84f19</run_address>
         <size>0x8</size>
         <input_file_ref idref="fl-57"/>
      </object_component>
      <object_component id="oc-2c0">
         <name>.text</name>
         <load_address>0x84f21</load_address>
         <run_address>0x84f21</run_address>
         <size>0x5</size>
         <input_file_ref idref="fl-56"/>
      </object_component>
      <object_component id="oc-96">
         <name>.text</name>
         <load_address>0x84f26</load_address>
         <run_address>0x84f26</run_address>
         <size>0x3</size>
         <input_file_ref idref="fl-6"/>
      </object_component>
      <object_component id="oc-291">
         <name>.text</name>
         <load_address>0x84f29</load_address>
         <run_address>0x84f29</run_address>
         <size>0x2</size>
         <input_file_ref idref="fl-3a"/>
      </object_component>
      <object_component id="oc-7e">
         <name>codestart</name>
         <load_address>0x80000</load_address>
         <run_address>0x80000</run_address>
         <size>0x2</size>
         <input_file_ref idref="fl-4"/>
      </object_component>
      <object_component id="oc-2a2">
         <name>ramfuncs</name>
         <load_address>0x86000</load_address>
         <run_address>0x8000</run_address>
         <size>0x6e</size>
         <input_file_ref idref="fl-14"/>
      </object_component>
      <object_component id="oc-fa">
         <name>ramfuncs</name>
         <load_address>0x8606e</load_address>
         <run_address>0x806e</run_address>
         <size>0x4</size>
         <input_file_ref idref="fl-1a"/>
      </object_component>
      <object_component id="oc-19e">
         <name>.stack</name>
         <uninitialized>true</uninitialized>
         <run_address>0x400</run_address>
         <size>0x0</size>
         <input_file_ref idref="fl-2b"/>
      </object_component>
      <object_component id="oc-349">
         <name>.stack</name>
         <uninitialized>true</uninitialized>
         <run_address>0x400</run_address>
         <size>0x0</size>
      </object_component>
      <object_component id="oc-164">
         <name>.ebss</name>
         <uninitialized>true</uninitialized>
         <run_address>0xa800</run_address>
         <size>0x10c</size>
         <input_file_ref idref="fl-1c"/>
      </object_component>
      <object_component id="oc-91">
         <name>.ebss</name>
         <uninitialized>true</uninitialized>
         <run_address>0xa90c</run_address>
         <size>0x18</size>
         <input_file_ref idref="fl-5"/>
      </object_component>
      <object_component id="oc-e0">
         <name>.ebss</name>
         <uninitialized>true</uninitialized>
         <run_address>0xa924</run_address>
         <size>0x6</size>
         <input_file_ref idref="fl-15"/>
      </object_component>
      <object_component id="oc-80">
         <name>.ebss</name>
         <uninitialized>true</uninitialized>
         <run_address>0xa92a</run_address>
         <size>0x6</size>
         <input_file_ref idref="fl-2"/>
      </object_component>
      <object_component id="oc-1bf">
         <name>.ebss</name>
         <uninitialized>true</uninitialized>
         <run_address>0xa930</run_address>
         <size>0x6</size>
         <input_file_ref idref="fl-31"/>
      </object_component>
      <object_component id="oc-192">
         <name>.ebss</name>
         <uninitialized>true</uninitialized>
         <run_address>0xa936</run_address>
         <size>0x2</size>
         <input_file_ref idref="fl-23"/>
      </object_component>
      <object_component id="oc-29f">
         <name>.ebss:__lock</name>
         <uninitialized>true</uninitialized>
         <run_address>0xa938</run_address>
         <size>0x2</size>
         <input_file_ref idref="fl-41"/>
      </object_component>
      <object_component id="oc-2b8">
         <name>.ebss:__unlock</name>
         <uninitialized>true</uninitialized>
         <run_address>0xa93a</run_address>
         <size>0x2</size>
         <input_file_ref idref="fl-41"/>
      </object_component>
      <object_component id="oc-16c">
         <name>.ebss</name>
         <uninitialized>true</uninitialized>
         <run_address>0xa93c</run_address>
         <size>0x1</size>
         <input_file_ref idref="fl-1d"/>
      </object_component>
      <object_component id="oc-ec">
         <name>.ebss</name>
         <uninitialized>true</uninitialized>
         <run_address>0xa93d</run_address>
         <size>0x1</size>
         <input_file_ref idref="fl-17"/>
      </object_component>
      <object_component id="oc-18b">
         <name>.ebss</name>
         <uninitialized>true</uninitialized>
         <run_address>0xa93e</run_address>
         <size>0x1</size>
         <input_file_ref idref="fl-22"/>
      </object_component>
      <object_component id="oc-1bb">
         <name>.ebss</name>
         <uninitialized>true</uninitialized>
         <run_address>0xa93f</run_address>
         <size>0x1</size>
         <input_file_ref idref="fl-30"/>
      </object_component>
      <object_component id="oc-f8">
         <name>.ebss</name>
         <uninitialized>true</uninitialized>
         <run_address>0xa940</run_address>
         <size>0x78</size>
         <input_file_ref idref="fl-19"/>
      </object_component>
      <object_component id="oc-180">
         <name>.ebss</name>
         <uninitialized>true</uninitialized>
         <run_address>0xa9c0</run_address>
         <size>0x58</size>
         <input_file_ref idref="fl-20"/>
      </object_component>
      <object_component id="oc-2ad">
         <name>.econst:_F8x16</name>
         <load_address>0x90000</load_address>
         <run_address>0x90000</run_address>
         <size>0x5f0</size>
         <input_file_ref idref="fl-1f"/>
      </object_component>
      <object_component id="oc-2ac">
         <name>.econst:_F6x8</name>
         <load_address>0x905f0</load_address>
         <run_address>0x905f0</run_address>
         <size>0x228</size>
         <input_file_ref idref="fl-1f"/>
      </object_component>
      <object_component id="oc-2b1">
         <name>.econst:_PieVectTableInit</name>
         <load_address>0x90818</load_address>
         <run_address>0x90818</run_address>
         <size>0x1c0</size>
         <input_file_ref idref="fl-11"/>
      </object_component>
      <object_component id="oc-2ae">
         <name>.econst:_F16x16</name>
         <load_address>0x909d8</load_address>
         <run_address>0x909d8</run_address>
         <size>0x180</size>
         <input_file_ref idref="fl-1f"/>
      </object_component>
      <object_component id="oc-2c3">
         <name>.econst:.string:__ctypes_</name>
         <load_address>0x90b58</load_address>
         <run_address>0x90b58</run_address>
         <size>0x101</size>
         <input_file_ref idref="fl-45"/>
      </object_component>
      <object_component id="oc-81">
         <name>.econst:.string</name>
         <load_address>0x90c5a</load_address>
         <run_address>0x90c5a</run_address>
         <size>0x34</size>
         <input_file_ref idref="fl-2"/>
      </object_component>
      <object_component id="oc-1af">
         <name>.econst</name>
         <load_address>0x90c8e</load_address>
         <run_address>0x90c8e</run_address>
         <size>0x32</size>
         <input_file_ref idref="fl-2e"/>
      </object_component>
      <object_component id="oc-217">
         <name>.econst:.string</name>
         <load_address>0x90cc0</load_address>
         <run_address>0x90cc0</run_address>
         <size>0x26</size>
         <input_file_ref idref="fl-42"/>
      </object_component>
      <object_component id="oc-216">
         <name>.econst</name>
         <load_address>0x90ce6</load_address>
         <run_address>0x90ce6</run_address>
         <size>0x1c</size>
         <input_file_ref idref="fl-42"/>
      </object_component>
      <object_component id="oc-270">
         <name>.econst</name>
         <load_address>0x90d02</load_address>
         <run_address>0x90d02</run_address>
         <size>0x1c</size>
         <input_file_ref idref="fl-54"/>
      </object_component>
      <object_component id="oc-179">
         <name>.econst:.string</name>
         <load_address>0x90d1e</load_address>
         <run_address>0x90d1e</run_address>
         <size>0xa</size>
         <input_file_ref idref="fl-1f"/>
      </object_component>
      <object_component id="oc-26a">
         <name>.econst</name>
         <load_address>0x90d28</load_address>
         <run_address>0x90d28</run_address>
         <size>0x8</size>
         <input_file_ref idref="fl-53"/>
      </object_component>
      <object_component id="oc-1f7">
         <name>.econst</name>
         <load_address>0x90d30</load_address>
         <run_address>0x90d30</run_address>
         <size>0x6</size>
         <input_file_ref idref="fl-3c"/>
      </object_component>
      <object_component id="oc-2b4">
         <name>.econst:_bp</name>
         <load_address>0x90d36</load_address>
         <run_address>0x90d36</run_address>
         <size>0x4</size>
         <input_file_ref idref="fl-2e"/>
      </object_component>
      <object_component id="oc-2b6">
         <name>.econst:_dp_h</name>
         <load_address>0x90d3a</load_address>
         <run_address>0x90d3a</run_address>
         <size>0x4</size>
         <input_file_ref idref="fl-2e"/>
      </object_component>
      <object_component id="oc-2b5">
         <name>.econst:_dp_l</name>
         <load_address>0x90d3e</load_address>
         <run_address>0x90d3e</run_address>
         <size>0x4</size>
         <input_file_ref idref="fl-2e"/>
      </object_component>
      <object_component id="oc-19f">
         <name>.reset</name>
         <load_address>0x3fffc0</load_address>
         <run_address>0x3fffc0</run_address>
         <size>0x2</size>
         <input_file_ref idref="fl-2b"/>
      </object_component>
      <object_component id="oc-161">
         <name>PieVectTableFile</name>
         <uninitialized>true</uninitialized>
         <run_address>0xd00</run_address>
         <size>0x1c0</size>
         <input_file_ref idref="fl-1b"/>
      </object_component>
      <object_component id="oc-100">
         <name>EmuKeyVar</name>
         <uninitialized>true</uninitialized>
         <run_address>0xd00</run_address>
         <size>0x1</size>
         <input_file_ref idref="fl-1b"/>
      </object_component>
      <object_component id="oc-101">
         <name>EmuBModeVar</name>
         <uninitialized>true</uninitialized>
         <run_address>0xd01</run_address>
         <size>0x1</size>
         <input_file_ref idref="fl-1b"/>
      </object_component>
      <object_component id="oc-118">
         <name>AdcaResultFile</name>
         <uninitialized>true</uninitialized>
         <run_address>0xb00</run_address>
         <size>0x18</size>
         <input_file_ref idref="fl-1b"/>
      </object_component>
      <object_component id="oc-117">
         <name>AdcbResultFile</name>
         <uninitialized>true</uninitialized>
         <run_address>0xb20</run_address>
         <size>0x18</size>
         <input_file_ref idref="fl-1b"/>
      </object_component>
      <object_component id="oc-11a">
         <name>AdccResultFile</name>
         <uninitialized>true</uninitialized>
         <run_address>0xb40</run_address>
         <size>0x18</size>
         <input_file_ref idref="fl-1b"/>
      </object_component>
      <object_component id="oc-119">
         <name>AdcdResultFile</name>
         <uninitialized>true</uninitialized>
         <run_address>0xb60</run_address>
         <size>0x18</size>
         <input_file_ref idref="fl-1b"/>
      </object_component>
      <object_component id="oc-149">
         <name>AdcaRegsFile</name>
         <uninitialized>true</uninitialized>
         <run_address>0x7400</run_address>
         <size>0x80</size>
         <input_file_ref idref="fl-1b"/>
      </object_component>
      <object_component id="oc-148">
         <name>AdcbRegsFile</name>
         <uninitialized>true</uninitialized>
         <run_address>0x7480</run_address>
         <size>0x80</size>
         <input_file_ref idref="fl-1b"/>
      </object_component>
      <object_component id="oc-14b">
         <name>AdccRegsFile</name>
         <uninitialized>true</uninitialized>
         <run_address>0x7500</run_address>
         <size>0x80</size>
         <input_file_ref idref="fl-1b"/>
      </object_component>
      <object_component id="oc-14a">
         <name>AdcdRegsFile</name>
         <uninitialized>true</uninitialized>
         <run_address>0x7580</run_address>
         <size>0x80</size>
         <input_file_ref idref="fl-1b"/>
      </object_component>
      <object_component id="oc-145">
         <name>AnalogSubsysRegsFile</name>
         <uninitialized>true</uninitialized>
         <run_address>0x5d180</run_address>
         <size>0x48</size>
         <input_file_ref idref="fl-1b"/>
      </object_component>
      <object_component id="oc-13f">
         <name>Cla1RegsFile</name>
         <uninitialized>true</uninitialized>
         <run_address>0x1400</run_address>
         <size>0x3e</size>
         <input_file_ref idref="fl-1b"/>
      </object_component>
      <object_component id="oc-105">
         <name>Cla1SoftIntRegsFile</name>
         <uninitialized>true</uninitialized>
         <run_address>0xce0</run_address>
         <size>0x4</size>
         <input_file_ref idref="fl-1b"/>
      </object_component>
      <object_component id="oc-12b">
         <name>Cmpss1RegsFile</name>
         <uninitialized>true</uninitialized>
         <run_address>0x5c80</run_address>
         <size>0x20</size>
         <input_file_ref idref="fl-1b"/>
      </object_component>
      <object_component id="oc-12a">
         <name>Cmpss2RegsFile</name>
         <uninitialized>true</uninitialized>
         <run_address>0x5ca0</run_address>
         <size>0x20</size>
         <input_file_ref idref="fl-1b"/>
      </object_component>
      <object_component id="oc-12d">
         <name>Cmpss3RegsFile</name>
         <uninitialized>true</uninitialized>
         <run_address>0x5cc0</run_address>
         <size>0x20</size>
         <input_file_ref idref="fl-1b"/>
      </object_component>
      <object_component id="oc-12c">
         <name>Cmpss4RegsFile</name>
         <uninitialized>true</uninitialized>
         <run_address>0x5ce0</run_address>
         <size>0x20</size>
         <input_file_ref idref="fl-1b"/>
      </object_component>
      <object_component id="oc-12e">
         <name>Cmpss5RegsFile</name>
         <uninitialized>true</uninitialized>
         <run_address>0x5d00</run_address>
         <size>0x20</size>
         <input_file_ref idref="fl-1b"/>
      </object_component>
      <object_component id="oc-126">
         <name>Cmpss6RegsFile</name>
         <uninitialized>true</uninitialized>
         <run_address>0x5d20</run_address>
         <size>0x20</size>
         <input_file_ref idref="fl-1b"/>
      </object_component>
      <object_component id="oc-125">
         <name>Cmpss7RegsFile</name>
         <uninitialized>true</uninitialized>
         <run_address>0x5d40</run_address>
         <size>0x20</size>
         <input_file_ref idref="fl-1b"/>
      </object_component>
      <object_component id="oc-128">
         <name>Cmpss8RegsFile</name>
         <uninitialized>true</uninitialized>
         <run_address>0x5d60</run_address>
         <size>0x20</size>
         <input_file_ref idref="fl-1b"/>
      </object_component>
      <object_component id="oc-10c">
         <name>CpuTimer0RegsFile</name>
         <uninitialized>true</uninitialized>
         <run_address>0xc00</run_address>
         <size>0x8</size>
         <input_file_ref idref="fl-1b"/>
      </object_component>
      <object_component id="oc-10b">
         <name>CpuTimer1RegsFile</name>
         <uninitialized>true</uninitialized>
         <run_address>0xc08</run_address>
         <size>0x8</size>
         <input_file_ref idref="fl-1b"/>
      </object_component>
      <object_component id="oc-10e">
         <name>CpuTimer2RegsFile</name>
         <uninitialized>true</uninitialized>
         <run_address>0xc10</run_address>
         <size>0x8</size>
         <input_file_ref idref="fl-1b"/>
      </object_component>
      <object_component id="oc-108">
         <name>DacaRegsFile</name>
         <uninitialized>true</uninitialized>
         <run_address>0x5c00</run_address>
         <size>0x8</size>
         <input_file_ref idref="fl-1b"/>
      </object_component>
      <object_component id="oc-10a">
         <name>DacbRegsFile</name>
         <uninitialized>true</uninitialized>
         <run_address>0x5c10</run_address>
         <size>0x8</size>
         <input_file_ref idref="fl-1b"/>
      </object_component>
      <object_component id="oc-10d">
         <name>DaccRegsFile</name>
         <uninitialized>true</uninitialized>
         <run_address>0x5c20</run_address>
         <size>0x8</size>
         <input_file_ref idref="fl-1b"/>
      </object_component>
      <object_component id="oc-137">
         <name>DcsmZ1RegsFile</name>
         <uninitialized>true</uninitialized>
         <run_address>0x5f000</run_address>
         <size>0x24</size>
         <input_file_ref idref="fl-1b"/>
      </object_component>
      <object_component id="oc-136">
         <name>DcsmZ2RegsFile</name>
         <uninitialized>true</uninitialized>
         <run_address>0x5f040</run_address>
         <size>0x24</size>
         <input_file_ref idref="fl-1b"/>
      </object_component>
      <object_component id="oc-109">
         <name>DcsmCommonRegsFile</name>
         <uninitialized>true</uninitialized>
         <run_address>0x5f070</run_address>
         <size>0x8</size>
         <input_file_ref idref="fl-1b"/>
      </object_component>
      <object_component id="oc-127">
         <name>DcsmZ1OtpFile</name>
         <uninitialized>true</uninitialized>
         <run_address>0x78000</run_address>
         <size>0x20</size>
         <input_file_ref idref="fl-1b"/>
      </object_component>
      <object_component id="oc-129">
         <name>DcsmZ2OtpFile</name>
         <uninitialized>true</uninitialized>
         <run_address>0x78200</run_address>
         <size>0x20</size>
         <input_file_ref idref="fl-1b"/>
      </object_component>
      <object_component id="oc-150">
         <name>DmaRegsFile</name>
         <uninitialized>true</uninitialized>
         <run_address>0x1000</run_address>
         <size>0xe0</size>
         <input_file_ref idref="fl-1b"/>
      </object_component>
      <object_component id="oc-11b">
         <name>DmaClaSrcSelRegsFile</name>
         <uninitialized>true</uninitialized>
         <run_address>0x7980</run_address>
         <size>0x1a</size>
         <input_file_ref idref="fl-1b"/>
      </object_component>
      <object_component id="oc-12f">
         <name>ECap1RegsFile</name>
         <uninitialized>true</uninitialized>
         <run_address>0x5000</run_address>
         <size>0x20</size>
         <input_file_ref idref="fl-1b"/>
      </object_component>
      <object_component id="oc-130">
         <name>ECap2RegsFile</name>
         <uninitialized>true</uninitialized>
         <run_address>0x5020</run_address>
         <size>0x20</size>
         <input_file_ref idref="fl-1b"/>
      </object_component>
      <object_component id="oc-124">
         <name>ECap3RegsFile</name>
         <uninitialized>true</uninitialized>
         <run_address>0x5040</run_address>
         <size>0x20</size>
         <input_file_ref idref="fl-1b"/>
      </object_component>
      <object_component id="oc-11e">
         <name>ECap4RegsFile</name>
         <uninitialized>true</uninitialized>
         <run_address>0x5060</run_address>
         <size>0x20</size>
         <input_file_ref idref="fl-1b"/>
      </object_component>
      <object_component id="oc-11f">
         <name>ECap5RegsFile</name>
         <uninitialized>true</uninitialized>
         <run_address>0x5080</run_address>
         <size>0x20</size>
         <input_file_ref idref="fl-1b"/>
      </object_component>
      <object_component id="oc-11d">
         <name>ECap6RegsFile</name>
         <uninitialized>true</uninitialized>
         <run_address>0x50a0</run_address>
         <size>0x20</size>
         <input_file_ref idref="fl-1b"/>
      </object_component>
      <object_component id="oc-147">
         <name>Emif1RegsFile</name>
         <uninitialized>true</uninitialized>
         <run_address>0x47000</run_address>
         <size>0x70</size>
         <input_file_ref idref="fl-1b"/>
      </object_component>
      <object_component id="oc-146">
         <name>Emif2RegsFile</name>
         <uninitialized>true</uninitialized>
         <run_address>0x47800</run_address>
         <size>0x70</size>
         <input_file_ref idref="fl-1b"/>
      </object_component>
      <object_component id="oc-155">
         <name>EPwm1RegsFile</name>
         <uninitialized>true</uninitialized>
         <run_address>0x4000</run_address>
         <size>0x100</size>
         <input_file_ref idref="fl-1b"/>
      </object_component>
      <object_component id="oc-154">
         <name>EPwm2RegsFile</name>
         <uninitialized>true</uninitialized>
         <run_address>0x4100</run_address>
         <size>0x100</size>
         <input_file_ref idref="fl-1b"/>
      </object_component>
      <object_component id="oc-157">
         <name>EPwm3RegsFile</name>
         <uninitialized>true</uninitialized>
         <run_address>0x4200</run_address>
         <size>0x100</size>
         <input_file_ref idref="fl-1b"/>
      </object_component>
      <object_component id="oc-152">
         <name>EPwm4RegsFile</name>
         <uninitialized>true</uninitialized>
         <run_address>0x4300</run_address>
         <size>0x100</size>
         <input_file_ref idref="fl-1b"/>
      </object_component>
      <object_component id="oc-151">
         <name>EPwm5RegsFile</name>
         <uninitialized>true</uninitialized>
         <run_address>0x4400</run_address>
         <size>0x100</size>
         <input_file_ref idref="fl-1b"/>
      </object_component>
      <object_component id="oc-156">
         <name>EPwm6RegsFile</name>
         <uninitialized>true</uninitialized>
         <run_address>0x4500</run_address>
         <size>0x100</size>
         <input_file_ref idref="fl-1b"/>
      </object_component>
      <object_component id="oc-153">
         <name>EPwm7RegsFile</name>
         <uninitialized>true</uninitialized>
         <run_address>0x4600</run_address>
         <size>0x100</size>
         <input_file_ref idref="fl-1b"/>
      </object_component>
      <object_component id="oc-15c">
         <name>EPwm8RegsFile</name>
         <uninitialized>true</uninitialized>
         <run_address>0x4700</run_address>
         <size>0x100</size>
         <input_file_ref idref="fl-1b"/>
      </object_component>
      <object_component id="oc-15a">
         <name>EPwm9RegsFile</name>
         <uninitialized>true</uninitialized>
         <run_address>0x4800</run_address>
         <size>0x100</size>
         <input_file_ref idref="fl-1b"/>
      </object_component>
      <object_component id="oc-15b">
         <name>EPwm10RegsFile</name>
         <uninitialized>true</uninitialized>
         <run_address>0x4900</run_address>
         <size>0x100</size>
         <input_file_ref idref="fl-1b"/>
      </object_component>
      <object_component id="oc-158">
         <name>EPwm11RegsFile</name>
         <uninitialized>true</uninitialized>
         <run_address>0x4a00</run_address>
         <size>0x100</size>
         <input_file_ref idref="fl-1b"/>
      </object_component>
      <object_component id="oc-159">
         <name>EPwm12RegsFile</name>
         <uninitialized>true</uninitialized>
         <run_address>0x4b00</run_address>
         <size>0x100</size>
         <input_file_ref idref="fl-1b"/>
      </object_component>
      <object_component id="oc-142">
         <name>EPwmXbarRegsFile</name>
         <uninitialized>true</uninitialized>
         <run_address>0x7a00</run_address>
         <size>0x40</size>
         <input_file_ref idref="fl-1b"/>
      </object_component>
      <object_component id="oc-131">
         <name>EQep1RegsFile</name>
         <uninitialized>true</uninitialized>
         <run_address>0x5100</run_address>
         <size>0x22</size>
         <input_file_ref idref="fl-1b"/>
      </object_component>
      <object_component id="oc-132">
         <name>EQep2RegsFile</name>
         <uninitialized>true</uninitialized>
         <run_address>0x5140</run_address>
         <size>0x22</size>
         <input_file_ref idref="fl-1b"/>
      </object_component>
      <object_component id="oc-135">
         <name>EQep3RegsFile</name>
         <uninitialized>true</uninitialized>
         <run_address>0x5180</run_address>
         <size>0x22</size>
         <input_file_ref idref="fl-1b"/>
      </object_component>
      <object_component id="oc-160">
         <name>Flash0CtrlRegsFile</name>
         <uninitialized>true</uninitialized>
         <run_address>0x5f800</run_address>
         <size>0x182</size>
         <input_file_ref idref="fl-1b"/>
      </object_component>
      <object_component id="oc-13b">
         <name>Flash0EccRegsFile</name>
         <uninitialized>true</uninitialized>
         <run_address>0x5fb00</run_address>
         <size>0x28</size>
         <input_file_ref idref="fl-1b"/>
      </object_component>
      <object_component id="oc-15f">
         <name>Flash1CtrlRegsFile</name>
         <uninitialized>true</uninitialized>
         <run_address>0x5fc00</run_address>
         <size>0x182</size>
         <input_file_ref idref="fl-1b"/>
      </object_component>
      <object_component id="oc-13a">
         <name>Flash1EccRegsFile</name>
         <uninitialized>true</uninitialized>
         <run_address>0x5ff00</run_address>
         <size>0x28</size>
         <input_file_ref idref="fl-1b"/>
      </object_component>
      <object_component id="oc-15e">
         <name>GpioCtrlRegsFile</name>
         <uninitialized>true</uninitialized>
         <run_address>0x7c00</run_address>
         <size>0x180</size>
         <input_file_ref idref="fl-1b"/>
      </object_component>
      <object_component id="oc-13d">
         <name>GpioDataRegsFile</name>
         <uninitialized>true</uninitialized>
         <run_address>0x7f00</run_address>
         <size>0x30</size>
         <input_file_ref idref="fl-1b"/>
      </object_component>
      <object_component id="oc-143">
         <name>OutputXbarRegsFile</name>
         <uninitialized>true</uninitialized>
         <run_address>0x7a80</run_address>
         <size>0x40</size>
         <input_file_ref idref="fl-1b"/>
      </object_component>
      <object_component id="oc-134">
         <name>I2caRegsFile</name>
         <uninitialized>true</uninitialized>
         <run_address>0x7300</run_address>
         <size>0x22</size>
         <input_file_ref idref="fl-1b"/>
      </object_component>
      <object_component id="oc-133">
         <name>I2cbRegsFile</name>
         <uninitialized>true</uninitialized>
         <run_address>0x7340</run_address>
         <size>0x22</size>
         <input_file_ref idref="fl-1b"/>
      </object_component>
      <object_component id="oc-122">
         <name>InputXbarRegsFile</name>
         <uninitialized>true</uninitialized>
         <run_address>0x7900</run_address>
         <size>0x20</size>
         <input_file_ref idref="fl-1b"/>
      </object_component>
      <object_component id="oc-123">
         <name>XbarRegsFile</name>
         <uninitialized>true</uninitialized>
         <run_address>0x7920</run_address>
         <size>0x20</size>
         <input_file_ref idref="fl-1b"/>
      </object_component>
      <object_component id="oc-103">
         <name>FlashPumpSemaphoreRegsFile</name>
         <uninitialized>true</uninitialized>
         <run_address>0x50024</run_address>
         <size>0x2</size>
         <input_file_ref idref="fl-1b"/>
      </object_component>
      <object_component id="oc-102">
         <name>RomPrefetchRegsFile</name>
         <uninitialized>true</uninitialized>
         <run_address>0x5e608</run_address>
         <size>0x2</size>
         <input_file_ref idref="fl-1b"/>
      </object_component>
      <object_component id="oc-14e">
         <name>MemCfgRegsFile</name>
         <uninitialized>true</uninitialized>
         <run_address>0x5f400</run_address>
         <size>0x80</size>
         <input_file_ref idref="fl-1b"/>
      </object_component>
      <object_component id="oc-120">
         <name>Emif1ConfigRegsFile</name>
         <uninitialized>true</uninitialized>
         <run_address>0x5f480</run_address>
         <size>0x20</size>
         <input_file_ref idref="fl-1b"/>
      </object_component>
      <object_component id="oc-121">
         <name>Emif2ConfigRegsFile</name>
         <uninitialized>true</uninitialized>
         <run_address>0x5f4a0</run_address>
         <size>0x20</size>
         <input_file_ref idref="fl-1b"/>
      </object_component>
      <object_component id="oc-140">
         <name>AccessProtectionRegsFile</name>
         <uninitialized>true</uninitialized>
         <run_address>0x5f4c0</run_address>
         <size>0x40</size>
         <input_file_ref idref="fl-1b"/>
      </object_component>
      <object_component id="oc-141">
         <name>MemoryErrorRegsFile</name>
         <uninitialized>true</uninitialized>
         <run_address>0x5f500</run_address>
         <size>0x40</size>
         <input_file_ref idref="fl-1b"/>
      </object_component>
      <object_component id="oc-104">
         <name>RomWaitStateRegsFile</name>
         <uninitialized>true</uninitialized>
         <run_address>0x5f540</run_address>
         <size>0x2</size>
         <input_file_ref idref="fl-1b"/>
      </object_component>
      <object_component id="oc-139">
         <name>McbspaRegsFile</name>
         <uninitialized>true</uninitialized>
         <run_address>0x6000</run_address>
         <size>0x24</size>
         <input_file_ref idref="fl-1b"/>
      </object_component>
      <object_component id="oc-138">
         <name>McbspbRegsFile</name>
         <uninitialized>true</uninitialized>
         <run_address>0x6040</run_address>
         <size>0x24</size>
         <input_file_ref idref="fl-1b"/>
      </object_component>
      <object_component id="oc-144">
         <name>UppRegsFile</name>
         <uninitialized>true</uninitialized>
         <run_address>0x6200</run_address>
         <size>0x48</size>
         <input_file_ref idref="fl-1b"/>
      </object_component>
      <object_component id="oc-107">
         <name>NmiIntruptRegsFile</name>
         <uninitialized>true</uninitialized>
         <run_address>0x7060</run_address>
         <size>0x7</size>
         <input_file_ref idref="fl-1b"/>
      </object_component>
      <object_component id="oc-11c">
         <name>PieCtrlRegsFile</name>
         <uninitialized>true</uninitialized>
         <run_address>0xce0</run_address>
         <size>0x1a</size>
         <input_file_ref idref="fl-1b"/>
      </object_component>
      <object_component id="oc-115">
         <name>SciaRegsFile</name>
         <uninitialized>true</uninitialized>
         <run_address>0x7200</run_address>
         <size>0x10</size>
         <input_file_ref idref="fl-1b"/>
      </object_component>
      <object_component id="oc-114">
         <name>ScibRegsFile</name>
         <uninitialized>true</uninitialized>
         <run_address>0x7210</run_address>
         <size>0x10</size>
         <input_file_ref idref="fl-1b"/>
      </object_component>
      <object_component id="oc-116">
         <name>ScicRegsFile</name>
         <uninitialized>true</uninitialized>
         <run_address>0x7220</run_address>
         <size>0x10</size>
         <input_file_ref idref="fl-1b"/>
      </object_component>
      <object_component id="oc-113">
         <name>ScidRegsFile</name>
         <uninitialized>true</uninitialized>
         <run_address>0x7230</run_address>
         <size>0x10</size>
         <input_file_ref idref="fl-1b"/>
      </object_component>
      <object_component id="oc-14c">
         <name>Sdfm1RegsFile</name>
         <uninitialized>true</uninitialized>
         <run_address>0x5e00</run_address>
         <size>0x80</size>
         <input_file_ref idref="fl-1b"/>
      </object_component>
      <object_component id="oc-14d">
         <name>Sdfm2RegsFile</name>
         <uninitialized>true</uninitialized>
         <run_address>0x5e80</run_address>
         <size>0x80</size>
         <input_file_ref idref="fl-1b"/>
      </object_component>
      <object_component id="oc-110">
         <name>SpiaRegsFile</name>
         <uninitialized>true</uninitialized>
         <run_address>0x6100</run_address>
         <size>0x10</size>
         <input_file_ref idref="fl-1b"/>
      </object_component>
      <object_component id="oc-112">
         <name>SpibRegsFile</name>
         <uninitialized>true</uninitialized>
         <run_address>0x6110</run_address>
         <size>0x10</size>
         <input_file_ref idref="fl-1b"/>
      </object_component>
      <object_component id="oc-111">
         <name>SpicRegsFile</name>
         <uninitialized>true</uninitialized>
         <run_address>0x6120</run_address>
         <size>0x10</size>
         <input_file_ref idref="fl-1b"/>
      </object_component>
      <object_component id="oc-15d">
         <name>DevCfgRegsFile</name>
         <uninitialized>true</uninitialized>
         <run_address>0x5d000</run_address>
         <size>0x12e</size>
         <input_file_ref idref="fl-1b"/>
      </object_component>
      <object_component id="oc-13e">
         <name>ClkCfgRegsFile</name>
         <uninitialized>true</uninitialized>
         <run_address>0x5d200</run_address>
         <size>0x32</size>
         <input_file_ref idref="fl-1b"/>
      </object_component>
      <object_component id="oc-14f">
         <name>CpuSysRegsFile</name>
         <uninitialized>true</uninitialized>
         <run_address>0x5d300</run_address>
         <size>0x82</size>
         <input_file_ref idref="fl-1b"/>
      </object_component>
      <object_component id="oc-106">
         <name>SyncSocRegsFile</name>
         <uninitialized>true</uninitialized>
         <run_address>0x7940</run_address>
         <size>0x6</size>
         <input_file_ref idref="fl-1b"/>
      </object_component>
      <object_component id="oc-13c">
         <name>WdRegsFile</name>
         <uninitialized>true</uninitialized>
         <run_address>0x7000</run_address>
         <size>0x2b</size>
         <input_file_ref idref="fl-1b"/>
      </object_component>
      <object_component id="oc-10f">
         <name>XintRegsFile</name>
         <uninitialized>true</uninitialized>
         <run_address>0x7070</run_address>
         <size>0xb</size>
         <input_file_ref idref="fl-1b"/>
      </object_component>
      <object_component id="oc-7f">
         <name>.debug_info</name>
         <load_address>0x0</load_address>
         <run_address>0x0</run_address>
         <size>0xa1c</size>
         <input_file_ref idref="fl-2"/>
      </object_component>
      <object_component id="oc-86">
         <name>.debug_info</name>
         <load_address>0xa1c</load_address>
         <run_address>0xa1c</run_address>
         <size>0x48ba</size>
         <input_file_ref idref="fl-3"/>
      </object_component>
      <object_component id="oc-8c">
         <name>.debug_info</name>
         <load_address>0x52d6</load_address>
         <run_address>0x52d6</run_address>
         <size>0x17b</size>
         <input_file_ref idref="fl-4"/>
      </object_component>
      <object_component id="oc-90">
         <name>.debug_info</name>
         <load_address>0x5451</load_address>
         <run_address>0x5451</run_address>
         <size>0xa35</size>
         <input_file_ref idref="fl-5"/>
      </object_component>
      <object_component id="oc-97">
         <name>.debug_info</name>
         <load_address>0x5e86</load_address>
         <run_address>0x5e86</run_address>
         <size>0x125</size>
         <input_file_ref idref="fl-6"/>
      </object_component>
      <object_component id="oc-9b">
         <name>.debug_info</name>
         <load_address>0x5fab</load_address>
         <run_address>0x5fab</run_address>
         <size>0x5614</size>
         <input_file_ref idref="fl-7"/>
      </object_component>
      <object_component id="oc-a1">
         <name>.debug_info</name>
         <load_address>0xb5bf</load_address>
         <run_address>0xb5bf</run_address>
         <size>0x4748</size>
         <input_file_ref idref="fl-8"/>
      </object_component>
      <object_component id="oc-a6">
         <name>.debug_info</name>
         <load_address>0xfd07</load_address>
         <run_address>0xfd07</run_address>
         <size>0x13e82</size>
         <input_file_ref idref="fl-9"/>
      </object_component>
      <object_component id="oc-ab">
         <name>.debug_info</name>
         <load_address>0x23b89</load_address>
         <run_address>0x23b89</run_address>
         <size>0xfcc5</size>
         <input_file_ref idref="fl-a"/>
      </object_component>
      <object_component id="oc-b0">
         <name>.debug_info</name>
         <load_address>0x3384e</load_address>
         <run_address>0x3384e</run_address>
         <size>0xf410</size>
         <input_file_ref idref="fl-b"/>
      </object_component>
      <object_component id="oc-b5">
         <name>.debug_info</name>
         <load_address>0x42c5e</load_address>
         <run_address>0x42c5e</run_address>
         <size>0x4059</size>
         <input_file_ref idref="fl-c"/>
      </object_component>
      <object_component id="oc-ba">
         <name>.debug_info</name>
         <load_address>0x46cb7</load_address>
         <run_address>0x46cb7</run_address>
         <size>0x18c86</size>
         <input_file_ref idref="fl-d"/>
      </object_component>
      <object_component id="oc-bf">
         <name>.debug_info</name>
         <load_address>0x5f93d</load_address>
         <run_address>0x5f93d</run_address>
         <size>0xf40f</size>
         <input_file_ref idref="fl-e"/>
      </object_component>
      <object_component id="oc-c4">
         <name>.debug_info</name>
         <load_address>0x6ed4c</load_address>
         <run_address>0x6ed4c</run_address>
         <size>0x103a9</size>
         <input_file_ref idref="fl-f"/>
      </object_component>
      <object_component id="oc-c9">
         <name>.debug_info</name>
         <load_address>0x7f0f5</load_address>
         <run_address>0x7f0f5</run_address>
         <size>0x3603</size>
         <input_file_ref idref="fl-10"/>
      </object_component>
      <object_component id="oc-ce">
         <name>.debug_info</name>
         <load_address>0x826f8</load_address>
         <run_address>0x826f8</run_address>
         <size>0x678c</size>
         <input_file_ref idref="fl-11"/>
      </object_component>
      <object_component id="oc-d3">
         <name>.debug_info</name>
         <load_address>0x88e84</load_address>
         <run_address>0x88e84</run_address>
         <size>0x19c</size>
         <input_file_ref idref="fl-12"/>
      </object_component>
      <object_component id="oc-d5">
         <name>.debug_info</name>
         <load_address>0x89020</load_address>
         <run_address>0x89020</run_address>
         <size>0xf547</size>
         <input_file_ref idref="fl-13"/>
      </object_component>
      <object_component id="oc-da">
         <name>.debug_info</name>
         <load_address>0x98567</load_address>
         <run_address>0x98567</run_address>
         <size>0x8e25</size>
         <input_file_ref idref="fl-14"/>
      </object_component>
      <object_component id="oc-df">
         <name>.debug_info</name>
         <load_address>0xa138c</load_address>
         <run_address>0xa138c</run_address>
         <size>0x39c0</size>
         <input_file_ref idref="fl-15"/>
      </object_component>
      <object_component id="oc-e5">
         <name>.debug_info</name>
         <load_address>0xa4d4c</load_address>
         <run_address>0xa4d4c</run_address>
         <size>0x109b2</size>
         <input_file_ref idref="fl-16"/>
      </object_component>
      <object_component id="oc-ea">
         <name>.debug_info</name>
         <load_address>0xb56fe</load_address>
         <run_address>0xb56fe</run_address>
         <size>0x3432</size>
         <input_file_ref idref="fl-17"/>
      </object_component>
      <object_component id="oc-f1">
         <name>.debug_info</name>
         <load_address>0xb8b30</load_address>
         <run_address>0xb8b30</run_address>
         <size>0x2001</size>
         <input_file_ref idref="fl-18"/>
      </object_component>
      <object_component id="oc-f6">
         <name>.debug_info</name>
         <load_address>0xbab31</load_address>
         <run_address>0xbab31</run_address>
         <size>0xff44</size>
         <input_file_ref idref="fl-19"/>
      </object_component>
      <object_component id="oc-fb">
         <name>.debug_info</name>
         <load_address>0xcaa75</load_address>
         <run_address>0xcaa75</run_address>
         <size>0x127</size>
         <input_file_ref idref="fl-1a"/>
      </object_component>
      <object_component id="oc-ff">
         <name>.debug_info</name>
         <load_address>0xcab9c</load_address>
[...]
         <object_component_ref idref="oc-298"/>
      </symbol>
      <symbol id="sm-59a">
         <name>_OLED_Fill</name>
         <value>0x83c32</value>
         <object_component_ref idref="oc-29d"/>
      </symbol>
      <symbol id="sm-59b">
         <name>_OLED_Print_c</name>
         <value>0x83cd0</value>
         <object_component_ref idref="oc-29d"/>
      </symbol>
      <symbol id="sm-59c">
         <name>_OLED_Set_pos</name>
         <value>0x83c1c</value>
         <object_component_ref idref="oc-29d"/>
      </symbol>
      <symbol id="sm-59d">
         <name>_OLED_Write</name>
         <value>0x83bf2</value>
         <object_component_ref idref="oc-29d"/>
      </symbol>
      <symbol id="sm-59e">
         <name>_F6x8</name>
         <value>0x905f0</value>
         <object_component_ref idref="oc-2ac"/>
      </symbol>
      <symbol id="sm-59f">
         <name>_F16x16</name>
         <value>0x909d8</value>
         <object_component_ref idref="oc-2ae"/>
      </symbol>
      <symbol id="sm-5a0">
         <name>_OLED_Print_num</name>
         <value>0x83c6d</value>
         <object_component_ref idref="oc-29d"/>
      </symbol>
      <symbol id="sm-5a1">
         <name>_F8x16</name>
         <value>0x90000</value>
         <object_component_ref idref="oc-2ad"/>
      </symbol>
      <symbol id="sm-5a2">
         <name>_OLED_Init</name>
         <value>0x83b62</value>
         <object_component_ref idref="oc-29d"/>
      </symbol>
      <symbol id="sm-5a3">
         <name>_OLED_Print_lf</name>
         <value>0x83c85</value>
         <object_component_ref idref="oc-29d"/>
      </symbol>
      <symbol id="sm-5a4">
         <name>_OLED_Print_str</name>
         <value>0x83c4e</value>
         <object_component_ref idref="oc-29d"/>
      </symbol>
      <symbol id="sm-5a5">
         <name>_OLED_GPIO_Init</name>
         <value>0x83b50</value>
         <object_component_ref idref="oc-29d"/>
      </symbol>
      <symbol id="sm-5c7">
         <name>_Ki2</name>
         <value>0xa9c0</value>
         <object_component_ref idref="oc-180"/>
      </symbol>
      <symbol id="sm-5c8">
         <name>_Output_Inside</name>
         <value>0xa9d0</value>
         <object_component_ref idref="oc-180"/>
      </symbol>
      <symbol id="sm-5c9">
         <name>_pError_Last2</name>
         <value>0xa9e4</value>
         <object_component_ref idref="oc-180"/>
      </symbol>
      <symbol id="sm-5ca">
         <name>_PID_Compute_Inside</name>
         <value>0x83d60</value>
         <object_component_ref idref="oc-29e"/>
      </symbol>
      <symbol id="sm-5cb">
         <name>_Kd2</name>
         <value>0xa9c4</value>
         <object_component_ref idref="oc-180"/>
      </symbol>
      <symbol id="sm-5cc">
         <name>_Set_Outside</name>
         <value>0xa9d8</value>
         <object_component_ref idref="oc-180"/>
      </symbol>
      <symbol id="sm-5cd">
         <name>_Kp</name>
         <value>0xaa14</value>
         <object_component_ref idref="oc-180"/>
      </symbol>
      <symbol id="sm-5ce">
         <name>_Ki</name>
         <value>0xaa0c</value>
         <object_component_ref idref="oc-180"/>
      </symbol>
      <symbol id="sm-5cf">
         <name>_Kd</name>
         <value>0xaa10</value>
         <object_component_ref idref="oc-180"/>
      </symbol>
      <symbol id="sm-5d0">
         <name>_dError</name>
         <value>0xa9d4</value>
         <object_component_ref idref="oc-180"/>
      </symbol>
      <symbol id="sm-5d1">
         <name>_pError</name>
         <value>0xaa08</value>
         <object_component_ref idref="oc-180"/>
      </symbol>
      <symbol id="sm-5d2">
         <name>_Output_Outside_Max</name>
         <value>0xa9f0</value>
         <object_component_ref idref="oc-180"/>
      </symbol>
      <symbol id="sm-5d3">
         <name>_Output_Outside</name>
         <value>0xa9dc</value>
         <object_component_ref idref="oc-180"/>
      </symbol>
      <symbol id="sm-5d4">
         <name>_dError2</name>
         <value>0xa9e0</value>
         <object_component_ref idref="oc-180"/>
      </symbol>
      <symbol id="sm-5d5">
         <name>_iTerm</name>
         <value>0xaa04</value>
         <object_component_ref idref="oc-180"/>
      </symbol>
      <symbol id="sm-5d6">
         <name>_iTerm2</name>
         <value>0xa9e8</value>
         <object_component_ref idref="oc-180"/>
      </symbol>
      <symbol id="sm-5d7">
         <name>_Output_Outside_Min</name>
         <value>0xa9f4</value>
         <object_component_ref idref="oc-180"/>
      </symbol>
      <symbol id="sm-5d8">
         <name>_Set_Inside</name>
         <value>0xa9cc</value>
         <object_component_ref idref="oc-180"/>
      </symbol>
      <symbol id="sm-5d9">
         <name>_Output_Inside_Min</name>
         <value>0xa9f8</value>
         <object_component_ref idref="oc-180"/>
      </symbol>
      <symbol id="sm-5da">
         <name>_PID_Compute_Outside</name>
         <value>0x83e3f</value>
         <object_component_ref idref="oc-29e"/>
      </symbol>
      <symbol id="sm-5db">
         <name>_Output_Inside_Max</name>
         <value>0xa9fc</value>
         <object_component_ref idref="oc-180"/>
      </symbol>
      <symbol id="sm-5dc">
         <name>_pError2</name>
         <value>0xa9ec</value>
         <object_component_ref idref="oc-180"/>
      </symbol>
      <symbol id="sm-5dd">
         <name>_Kp2</name>
         <value>0xa9c8</value>
         <object_component_ref idref="oc-180"/>
      </symbol>
      <symbol id="sm-5de">
         <name>_pError_Last</name>
         <value>0xaa00</value>
         <object_component_ref idref="oc-180"/>
      </symbol>
      <symbol id="sm-5eb">
         <name>_PIE_Init</name>
         <value>0x84b87</value>
         <object_component_ref idref="oc-29c"/>
      </symbol>
      <symbol id="sm-5fb">
         <name>_DataType</name>
         <value>0xa93e</value>
         <object_component_ref idref="oc-18b"/>
      </symbol>
      <symbol id="sm-5fc">
         <name>_InitSPIConfig</name>
         <value>0x84ae9</value>
         <object_component_ref idref="oc-299"/>
      </symbol>
      <symbol id="sm-5fd">
         <name>_SPI_Init</name>
         <value>0x84ae4</value>
         <object_component_ref idref="oc-299"/>
      </symbol>
      <symbol id="sm-5fe">
         <name>_SPI_transfer</name>
         <value>0x84b0f</value>
         <object_component_ref idref="oc-299"/>
      </symbol>
      <symbol id="sm-611">
         <name>_cpu_timer0_isr</name>
         <value>0x84e6b</value>
         <object_component_ref idref="oc-193"/>
      </symbol>
      <symbol id="sm-612">
         <name>_Timer_Init</name>
         <value>0x84e96</value>
         <object_component_ref idref="oc-29a"/>
      </symbol>
      <symbol id="sm-613">
         <name>_micros</name>
         <value>0xa936</value>
         <object_component_ref idref="oc-192"/>
      </symbol>
      <symbol id="sm-620">
         <name>_Xint_Init</name>
         <value>0x84b20</value>
         <object_component_ref idref="oc-29b"/>
      </symbol>
      <symbol id="sm-621">
         <name>_InitXintConfig</name>
         <value>0x84b4a</value>
         <object_component_ref idref="oc-29b"/>
      </symbol>
      <symbol id="sm-622">
         <name>_Xint_Gpio_Init</name>
         <value>0x84b25</value>
         <object_component_ref idref="oc-29b"/>
      </symbol>
      <symbol id="sm-63f">
         <name>_c_int00</name>
         <value>0x84a48</value>
         <object_component_ref idref="oc-19d"/>
      </symbol>
      <symbol id="sm-640">
         <name>__stack</name>
         <value>0x400</value>
         <object_component_ref idref="oc-19e"/>
      </symbol>
      <symbol id="sm-656">
         <name>_copy_in</name>
         <value>0x84a9e</value>
         <object_component_ref idref="oc-292"/>
      </symbol>
      <symbol id="sm-665">
         <name>_ppcopy</name>
         <value>0x84e06</value>
         <object_component_ref idref="oc-1a9"/>
      </symbol>
      <symbol id="sm-666">
         <name>_dpcopy</name>
         <value>0x84e06</value>
         <object_component_ref idref="oc-1a9"/>
      </symbol>
      <symbol id="sm-667">
         <name>_pdcopy</name>
         <value>0x84e06</value>
         <object_component_ref idref="oc-1a9"/>
      </symbol>
      <symbol id="sm-668">
         <name>_ddcopy</name>
         <value>0x84e06</value>
         <object_component_ref idref="oc-1a9"/>
      </symbol>
      <symbol id="sm-6c2">
         <name>_powf</name>
         <value>0x832b6</value>
         <object_component_ref idref="oc-2aa"/>
      </symbol>
      <symbol id="sm-6c3">
         <name>_pow</name>
         <value>0x832b6</value>
         <object_component_ref idref="oc-2aa"/>
      </symbol>
      <symbol id="sm-6d4">
         <name>_sqrtf</name>
         <value>0x84d0c</value>
         <object_component_ref idref="oc-2b3"/>
      </symbol>
      <symbol id="sm-6d5">
         <name>_sqrt</name>
         <value>0x84d0c</value>
         <object_component_ref idref="oc-2b3"/>
      </symbol>
      <symbol id="sm-6e0">
         <name>_errno</name>
         <value>0xa93f</value>
         <object_component_ref idref="oc-1bb"/>
      </symbol>
      <symbol id="sm-6f5">
         <name>C$$EXIT</name>
         <value>0x84c94</value>
         <object_component_ref idref="oc-295"/>
      </symbol>
      <symbol id="sm-6f6">
         <name>_exit</name>
         <value>0x84c96</value>
         <object_component_ref idref="oc-295"/>
      </symbol>
      <symbol id="sm-6f7">
         <name>___TI_cleanup_ptr</name>
         <value>0xa932</value>
         <object_component_ref idref="oc-1bf"/>
      </symbol>
      <symbol id="sm-6f8">
         <name>___TI_enable_exit_profile_output</name>
         <value>0xa930</value>
         <object_component_ref idref="oc-1bf"/>
      </symbol>
      <symbol id="sm-6f9">
         <name>_abort</name>
         <value>0x84c94</value>
         <object_component_ref idref="oc-295"/>
      </symbol>
      <symbol id="sm-6fa">
         <name>___TI_dtors_ptr</name>
         <value>0xa934</value>
         <object_component_ref idref="oc-1bf"/>
      </symbol>
      <symbol id="sm-715">
         <name>FD$$ADD</name>
         <value>0x844a1</value>
         <object_component_ref idref="oc-1c4"/>
      </symbol>
      <symbol id="sm-725">
         <name>FD$$CMP</name>
         <value>0x84c17</value>
         <object_component_ref idref="oc-1c9"/>
      </symbol>
      <symbol id="sm-737">
         <name>FD$$MPY</name>
         <value>0x8480f</value>
         <object_component_ref idref="oc-1ce"/>
      </symbol>
      <symbol id="sm-743">
         <name>FD$$SUB</name>
         <value>0x84eb8</value>
         <object_component_ref idref="oc-1d3"/>
      </symbol>
      <symbol id="sm-752">
         <name>FD$$TOU</name>
         <value>0x84e20</value>
         <object_component_ref idref="oc-1d8"/>
      </symbol>
      <symbol id="sm-763">
         <name>FS$$DIV</name>
         <value>0x84787</value>
         <object_component_ref idref="oc-1dd"/>
      </symbol>
      <symbol id="sm-773">
         <name>FS$$TOFD</name>
         <value>0x84dce</value>
         <object_component_ref idref="oc-1e2"/>
      </symbol>
      <symbol id="sm-785">
         <name>_memcpy</name>
         <value>0x84d93</value>
         <object_component_ref idref="oc-2a1"/>
      </symbol>
      <symbol id="sm-792">
         <name>__system_pre_init</name>
         <value>0x84f29</value>
         <object_component_ref idref="oc-291"/>
      </symbol>
      <symbol id="sm-7ad">
         <name>_qsort</name>
         <value>0x842e4</value>
         <object_component_ref idref="oc-28f"/>
      </symbol>
      <symbol id="sm-7c5">
         <name>_scalbn</name>
         <value>0x84986</value>
         <object_component_ref idref="oc-2b7"/>
      </symbol>
      <symbol id="sm-7c6">
         <name>_ldexp</name>
         <value>0x84986</value>
         <object_component_ref idref="oc-2b7"/>
      </symbol>
      <symbol id="sm-7c7">
         <name>_scalbnf</name>
         <value>0x84986</value>
         <object_component_ref idref="oc-2b7"/>
      </symbol>
      <symbol id="sm-7c8">
         <name>_ldexpf</name>
         <value>0x84986</value>
         <object_component_ref idref="oc-2b7"/>
      </symbol>
      <symbol id="sm-7d7">
         <name>_sprintf</name>
         <value>0x84b55</value>
         <object_component_ref idref="oc-2a9"/>
      </symbol>
      <symbol id="sm-7e4">
         <name>__system_post_cinit</name>
         <value>0x84d0b</value>
         <object_component_ref idref="oc-293"/>
      </symbol>
      <symbol id="sm-7f4">
         <name>_strcat</name>
         <value>0x84f08</value>
         <object_component_ref idref="oc-2ab"/>
      </symbol>
      <symbol id="sm-800">
         <name>U$$MOD</name>
         <value>0x84ef0</value>
         <object_component_ref idref="oc-20b"/>
      </symbol>
      <symbol id="sm-801">
         <name>U$$DIV</name>
         <value>0x84eeb</value>
         <object_component_ref idref="oc-20b"/>
      </symbol>
      <symbol id="sm-816">
         <name>__unlock</name>
         <value>0xa93a</value>
         <object_component_ref idref="oc-2b8"/>
      </symbol>
      <symbol id="sm-817">
         <name>__lock</name>
         <value>0xa938</value>
         <object_component_ref idref="oc-29f"/>
      </symbol>
      <symbol id="sm-818">
         <name>__register_lock</name>
         <value>0x84efa</value>
         <object_component_ref idref="oc-2af"/>
      </symbol>
      <symbol id="sm-819">
         <name>__nop</name>
         <value>0x84efe</value>
         <object_component_ref idref="oc-2af"/>
      </symbol>
      <symbol id="sm-81a">
         <name>__register_unlock</name>
         <value>0x84ef6</value>
         <object_component_ref idref="oc-2af"/>
      </symbol>
      <symbol id="sm-948">
         <name>___TI_printfi</name>
         <value>0x82c0c</value>
         <object_component_ref idref="oc-2b2"/>
      </symbol>
      <symbol id="sm-958">
         <name>__args_main</name>
         <value>0x84e3a</value>
         <object_component_ref idref="oc-294"/>
      </symbol>
      <symbol id="sm-96d">
         <name>_atoi</name>
         <value>0x84bb8</value>
         <object_component_ref idref="oc-2b9"/>
      </symbol>
      <symbol id="sm-976">
         <name>__ctypes_</name>
         <value>0x90b58</value>
         <object_component_ref idref="oc-2c3"/>
      </symbol>
      <symbol id="sm-98d">
         <name>FD$$DIV</name>
         <value>0x846fc</value>
         <object_component_ref idref="oc-228"/>
      </symbol>
      <symbol id="sm-99a">
         <name>FD$$NEG</name>
         <value>0x84eff</value>
         <object_component_ref idref="oc-22d"/>
      </symbol>
      <symbol id="sm-9a9">
         <name>FD$$TOI</name>
         <value>0x84d53</value>
         <object_component_ref idref="oc-232"/>
      </symbol>
      <symbol id="sm-9b8">
         <name>FD$$TOL</name>
         <value>0x84d74</value>
         <object_component_ref idref="oc-237"/>
      </symbol>
      <symbol id="sm-9c8">
         <name>I$$TOFD</name>
         <value>0x84db1</value>
         <object_component_ref idref="oc-23c"/>
      </symbol>
      <symbol id="sm-9d8">
         <name>L$$TOFD</name>
         <value>0x84dea</value>
         <object_component_ref idref="oc-241"/>
      </symbol>
      <symbol id="sm-9e4">
         <name>LL$$AND</name>
         <value>0x84e53</value>
         <object_component_ref idref="oc-246"/>
      </symbol>
      <symbol id="sm-9e5">
         <name>LL$$OR</name>
         <value>0x84e5b</value>
         <object_component_ref idref="oc-246"/>
      </symbol>
      <symbol id="sm-9e6">
         <name>LL$$XOR</name>
         <value>0x84e63</value>
         <object_component_ref idref="oc-246"/>
      </symbol>
      <symbol id="sm-9f4">
         <name>ULL$$CMP</name>
         <value>0x83ff4</value>
         <object_component_ref idref="oc-24b"/>
      </symbol>
      <symbol id="sm-9f5">
         <name>LL$$CMP</name>
         <value>0x83fe2</value>
         <object_component_ref idref="oc-24b"/>
      </symbol>
      <symbol id="sm-a21">
         <name>ULL$$MOD</name>
         <value>0x840a5</value>
         <object_component_ref idref="oc-250"/>
      </symbol>
      <symbol id="sm-a22">
         <name>ULL$$DIV</name>
         <value>0x84076</value>
         <object_component_ref idref="oc-250"/>
      </symbol>
      <symbol id="sm-a23">
         <name>LL$$MOD</name>
         <value>0x8403c</value>
         <object_component_ref idref="oc-250"/>
      </symbol>
      <symbol id="sm-a24">
         <name>LL$$DIV</name>
         <value>0x84000</value>
         <object_component_ref idref="oc-250"/>
      </symbol>
      <symbol id="sm-a33">
         <name>_ltoa</name>
         <value>0x84be9</value>
         <object_component_ref idref="oc-2bb"/>
      </symbol>
      <symbol id="sm-a43">
         <name>_memccpy</name>
         <value>0x84ec6</value>
         <object_component_ref idref="oc-2c1"/>
      </symbol>
      <symbol id="sm-a52">
         <name>_memset</name>
         <value>0x84ed3</value>
         <object_component_ref idref="oc-2bf"/>
      </symbol>
      <symbol id="sm-a5f">
         <name>_copysignf</name>
         <value>0x84ea7</value>
         <object_component_ref idref="oc-2c2"/>
      </symbol>
      <symbol id="sm-a60">
         <name>_copysign</name>
         <value>0x84ea7</value>
         <object_component_ref idref="oc-2c2"/>
      </symbol>
      <symbol id="sm-a74">
         <name>_frexpl</name>
         <value>0x849ed</value>
         <object_component_ref idref="oc-2bc"/>
      </symbol>
      <symbol id="sm-a92">
         <name>_scalbnl</name>
         <value>0x83f26</value>
         <object_component_ref idref="oc-2bd"/>
      </symbol>
      <symbol id="sm-a93">
         <name>_ldexpl</name>
         <value>0x83f26</value>
         <object_component_ref idref="oc-2bd"/>
      </symbol>
      <symbol id="sm-aa3">
         <name>_strchr</name>
         <value>0x84edf</value>
         <object_component_ref idref="oc-2be"/>
      </symbol>
      <symbol id="sm-ab1">
         <name>_strcpy</name>
         <value>0x84f21</value>
         <object_component_ref idref="oc-2c0"/>
      </symbol>
      <symbol id="sm-abf">
         <name>_strlen</name>
         <value>0x84f19</value>
         <object_component_ref idref="oc-2ba"/>
      </symbol>
      <symbol id="sm-acb">
         <name>UL$$MOD</name>
         <value>0x84c65</value>
         <object_component_ref idref="oc-284"/>
      </symbol>
      <symbol id="sm-acc">
         <name>L$$MOD</name>
         <value>0x84c50</value>
         <object_component_ref idref="oc-284"/>
      </symbol>
      <symbol id="sm-acd">
         <name>L$$DIV</name>
         <value>0x84c41</value>
         <object_component_ref idref="oc-284"/>
      </symbol>
      <symbol id="sm-ace">
         <name>UL$$DIV</name>
         <value>0x84c5e</value>
         <object_component_ref idref="oc-284"/>
      </symbol>
      <symbol id="sm-adc">
         <name>_copysignl</name>
         <value>0x84d31</value>
         <object_component_ref idref="oc-2c4"/>
      </symbol>
   </symbol_table>
   <title>Link successful</title>
</link_info>
